[0.000000] (-) TimerEvent: {}
[0.000295] (arm_control) JobQueued: {'identifier': 'arm_control', 'dependencies': OrderedDict()}
[0.000484] (linglong_control) JobQueued: {'identifier': 'linglong_control', 'dependencies': OrderedDict({'arm_control': '/workspace/delivery/linglong-jazzy-20261001-fault-stop-v1/ros2_ws/install-release/arm_control'})}
[0.000629] (arm_control) JobStarted: {'identifier': 'arm_control'}
[0.098185] (-) TimerEvent: {}
[0.198847] (-) TimerEvent: {}
[0.299299] (-) TimerEvent: {}
[0.399700] (-) TimerEvent: {}
[0.500123] (-) TimerEvent: {}
[0.600514] (-) TimerEvent: {}
[0.700964] (-) TimerEvent: {}
[0.801471] (-) TimerEvent: {}
[0.902048] (-) TimerEvent: {}
[1.002594] (-) TimerEvent: {}
[1.103198] (-) TimerEvent: {}
[1.203960] (-) TimerEvent: {}
[1.304507] (-) TimerEvent: {}
[1.405157] (-) TimerEvent: {}
[1.479682] (arm_control) Command: {'cmd': ['/usr/bin/python3', '-W', 'ignore:setup.py install is deprecated', '-W', 'ignore:easy_install command is deprecated', 'setup.py', 'egg_info', '--egg-base', '../../build-release/arm_control', 'build', '--build-base', '/workspace/delivery/linglong-jazzy-20261001-fault-stop-v1/ros2_ws/build-release/arm_control/build', 'install', '--record', '/workspace/delivery/linglong-jazzy-20261001-fault-stop-v1/ros2_ws/build-release/arm_control/install.log', '--install-scripts', '$base/lib/arm_control', '--single-version-externally-managed', 'install_data'], 'cwd': '/workspace/delivery/linglong-jazzy-20261001-fault-stop-v1/ros2_ws/src/arm_control', 'env': OrderedDict({'LINGLONG_CLEAN_BUILD': '/workspace/delivery/linglong-jazzy-20261001-fault-stop-v1/ros2_ws', 'USER': 'root', 'GZ_CONFIG_PATH': '/opt/ros/jazzy/opt/sdformat_vendor/share/gz', 'SHLVL': '1', 'LD_LIBRARY_PATH': '/opt/ros/jazzy/opt/sdformat_vendor/lib:/opt/ros/jazzy/opt/rviz_ogre_vendor/lib:/opt/ros/jazzy/lib/x86_64-linux-gnu:/opt/ros/jazzy/opt/gz_math_vendor/lib:/opt/ros/jazzy/opt/gz_utils_vendor/lib:/opt/ros/jazzy/opt/gz_tools_vendor/lib:/opt/ros/jazzy/opt/gz_cmake_vendor/lib:/opt/ros/jazzy/lib', 'HOME': '/root', 'OLDPWD': '/workspace/delivery/linglong-jazzy-20261001-fault-stop-v1/ros2_ws', 'ROS_PYTHON_VERSION': '3', 'ROS_DISTRO': 'jazzy', '_': '/usr/bin/colcon', 'ROS_VERSION': '2', 'PATH': '/opt/ros/jazzy/opt/gz_tools_vendor/bin:/opt/ros/jazzy/bin:/usr/local/sbin:/usr/local/bin:/usr/sbin:/usr/bin:/sbin:/bin', 'LANG': 'C.UTF-8', 'AMENT_PREFIX_PATH': '/opt/ros/jazzy', 'ROS_AUTOMATIC_DISCOVERY_RANGE': 'SUBNET', 'PWD': '/workspace/delivery/linglong-jazzy-20261001-fault-stop-v1/ros2_ws/build-release/arm_control', 'PYTHONPATH': '/workspace/delivery/linglong-jazzy-20261001-fault-stop-v1/ros2_ws/build-release/arm_control/prefix_override:/usr/lib/python3/dist-packages/colcon_core/task/python/colcon_distutils_commands:/workspace/delivery/linglong-jazzy-20261001-fault-stop-v1/ros2_ws/install-release/arm_control/lib/python3.12/site-packages:/opt/ros/jazzy/opt/sdformat_vendor/lib/python:/opt/ros/jazzy/opt/gz_math_vendor/lib/python:/opt/ros/jazzy/lib/python3.12/site-packages', 'COLCON': '1', 'CMAKE_PREFIX_PATH': '/opt/ros/jazzy/opt/sdformat_vendor:/opt/ros/jazzy/opt/gz_math_vendor:/opt/ros/jazzy/opt/gz_utils_vendor:/opt/ros/jazzy/opt/gz_tools_vendor:/opt/ros/jazzy/opt/gz_cmake_vendor'}), 'shell': False}
[1.505299] (-) TimerEvent: {}
[1.605635] (-) TimerEvent: {}
[1.705981] (-) TimerEvent: {}
[1.806448] (-) TimerEvent: {}
[1.906916] (-) TimerEvent: {}
[1.957519] (arm_control) StdoutLine: {'line': b'running egg_info\n'}
[1.960681] (arm_control) StdoutLine: {'line': b'creating ../../build-release/arm_control/arm_control.egg-info\n'}
[1.976316] (arm_control) StdoutLine: {'line': b'writing ../../build-release/arm_control/arm_control.egg-info/PKG-INFO\n'}
[1.986061] (arm_control) StdoutLine: {'line': b'writing dependency_links to ../../build-release/arm_control/arm_control.egg-info/dependency_links.txt\n'}
[1.990801] (arm_control) StdoutLine: {'line': b'writing entry points to ../../build-release/arm_control/arm_control.egg-info/entry_points.txt\n'}
[1.997811] (arm_control) StdoutLine: {'line': b'writing requirements to ../../build-release/arm_control/arm_control.egg-info/requires.txt\n'}
[2.001263] (arm_control) StdoutLine: {'line': b'writing top-level names to ../../build-release/arm_control/arm_control.egg-info/top_level.txt\n'}
[2.007072] (-) TimerEvent: {}
[2.007546] (arm_control) StdoutLine: {'line': b"writing manifest file '../../build-release/arm_control/arm_control.egg-info/SOURCES.txt'\n"}
[2.062599] (arm_control) StdoutLine: {'line': b"reading manifest file '../../build-release/arm_control/arm_control.egg-info/SOURCES.txt'\n"}
[2.107199] (-) TimerEvent: {}
[2.108732] (arm_control) StdoutLine: {'line': b"writing manifest file '../../build-release/arm_control/arm_control.egg-info/SOURCES.txt'\n"}
[2.111714] (arm_control) StdoutLine: {'line': b'running build\n'}
[2.112879] (arm_control) StdoutLine: {'line': b'running build_py\n'}
[2.121703] (arm_control) StdoutLine: {'line': b'creating /workspace/delivery/linglong-jazzy-20261001-fault-stop-v1/ros2_ws/build-release/arm_control/build\n'}
[2.123856] (arm_control) StdoutLine: {'line': b'creating /workspace/delivery/linglong-jazzy-20261001-fault-stop-v1/ros2_ws/build-release/arm_control/build/lib\n'}
[2.125791] (arm_control) StdoutLine: {'line': b'creating /workspace/delivery/linglong-jazzy-20261001-fault-stop-v1/ros2_ws/build-release/arm_control/build/lib/arm_control\n'}
[2.135073] (arm_control) StdoutLine: {'line': b'copying arm_control/backend.py -> /workspace/delivery/linglong-jazzy-20261001-fault-stop-v1/ros2_ws/build-release/arm_control/build/lib/arm_control\n'}
[2.156104] (arm_control) StdoutLine: {'line': b'copying arm_control/node.py -> /workspace/delivery/linglong-jazzy-20261001-fault-stop-v1/ros2_ws/build-release/arm_control/build/lib/arm_control\n'}
[2.181222] (arm_control) StdoutLine: {'line': b'copying arm_control/__init__.py -> /workspace/delivery/linglong-jazzy-20261001-fault-stop-v1/ros2_ws/build-release/arm_control/build/lib/arm_control\n'}
[2.197596] (arm_control) StdoutLine: {'line': b'running install\n'}
[2.207388] (-) TimerEvent: {}
[2.209859] (arm_control) StdoutLine: {'line': b'running install_lib\n'}
[2.250217] (arm_control) StdoutLine: {'line': b'creating /workspace/delivery/linglong-jazzy-20261001-fault-stop-v1/ros2_ws/install-release/arm_control/lib/python3.12/site-packages/arm_control\n'}
[2.265422] (arm_control) StdoutLine: {'line': b'copying /workspace/delivery/linglong-jazzy-20261001-fault-stop-v1/ros2_ws/build-release/arm_control/build/lib/arm_control/backend.py -> /workspace/delivery/linglong-jazzy-20261001-fault-stop-v1/ros2_ws/install-release/arm_control/lib/python3.12/site-packages/arm_control\n'}
[2.297457] (arm_control) StdoutLine: {'line': b'copying /workspace/delivery/linglong-jazzy-20261001-fault-stop-v1/ros2_ws/build-release/arm_control/build/lib/arm_control/node.py -> /workspace/delivery/linglong-jazzy-20261001-fault-stop-v1/ros2_ws/install-release/arm_control/lib/python3.12/site-packages/arm_control\n'}
[2.307525] (-) TimerEvent: {}
[2.329045] (arm_control) StdoutLine: {'line': b'copying /workspace/delivery/linglong-jazzy-20261001-fault-stop-v1/ros2_ws/build-release/arm_control/build/lib/arm_control/__init__.py -> /workspace/delivery/linglong-jazzy-20261001-fault-stop-v1/ros2_ws/install-release/arm_control/lib/python3.12/site-packages/arm_control\n'}
[2.368940] (arm_control) StdoutLine: {'line': b'byte-compiling /workspace/delivery/linglong-jazzy-20261001-fault-stop-v1/ros2_ws/install-release/arm_control/lib/python3.12/site-packages/arm_control/backend.py to backend.cpython-312.pyc\n'}
[2.407685] (-) TimerEvent: {}
[2.411359] (arm_control) StdoutLine: {'line': b'byte-compiling /workspace/delivery/linglong-jazzy-20261001-fault-stop-v1/ros2_ws/install-release/arm_control/lib/python3.12/site-packages/arm_control/node.py to node.cpython-312.pyc\n'}
[2.450062] (arm_control) StdoutLine: {'line': b'byte-compiling /workspace/delivery/linglong-jazzy-20261001-fault-stop-v1/ros2_ws/install-release/arm_control/lib/python3.12/site-packages/arm_control/__init__.py to __init__.cpython-312.pyc\n'}
[2.480114] (arm_control) StdoutLine: {'line': b'running install_data\n'}
[2.486965] (arm_control) StdoutLine: {'line': b'creating /workspace/delivery/linglong-jazzy-20261001-fault-stop-v1/ros2_ws/install-release/arm_control/share/ament_index\n'}
[2.489127] (arm_control) StdoutLine: {'line': b'creating /workspace/delivery/linglong-jazzy-20261001-fault-stop-v1/ros2_ws/install-release/arm_control/share/ament_index/resource_index\n'}
[2.491355] (arm_control) StdoutLine: {'line': b'creating /workspace/delivery/linglong-jazzy-20261001-fault-stop-v1/ros2_ws/install-release/arm_control/share/ament_index/resource_index/packages\n'}
[2.499827] (arm_control) StdoutLine: {'line': b'copying resource/arm_control -> /workspace/delivery/linglong-jazzy-20261001-fault-stop-v1/ros2_ws/install-release/arm_control/share/ament_index/resource_index/packages\n'}
[2.507809] (-) TimerEvent: {}
[2.517381] (arm_control) StdoutLine: {'line': b'copying package.xml -> /workspace/delivery/linglong-jazzy-20261001-fault-stop-v1/ros2_ws/install-release/arm_control/share/arm_control\n'}
[2.529026] (arm_control) StdoutLine: {'line': b'creating /workspace/delivery/linglong-jazzy-20261001-fault-stop-v1/ros2_ws/install-release/arm_control/share/arm_control/launch\n'}
[2.536625] (arm_control) StdoutLine: {'line': b'copying launch/arm_control.launch.py -> /workspace/delivery/linglong-jazzy-20261001-fault-stop-v1/ros2_ws/install-release/arm_control/share/arm_control/launch\n'}
[2.550780] (arm_control) StdoutLine: {'line': b'creating /workspace/delivery/linglong-jazzy-20261001-fault-stop-v1/ros2_ws/install-release/arm_control/share/arm_control/config\n'}
[2.558104] (arm_control) StdoutLine: {'line': b'copying config/arm_control.yaml -> /workspace/delivery/linglong-jazzy-20261001-fault-stop-v1/ros2_ws/install-release/arm_control/share/arm_control/config\n'}
[2.574149] (arm_control) StdoutLine: {'line': b'creating /workspace/delivery/linglong-jazzy-20261001-fault-stop-v1/ros2_ws/install-release/arm_control/share/arm_control/urdf\n'}
[2.581817] (arm_control) StdoutLine: {'line': b'copying urdf/arm.urdf -> /workspace/delivery/linglong-jazzy-20261001-fault-stop-v1/ros2_ws/install-release/arm_control/share/arm_control/urdf\n'}
[2.594933] (arm_control) StdoutLine: {'line': b'creating /workspace/delivery/linglong-jazzy-20261001-fault-stop-v1/ros2_ws/install-release/arm_control/share/arm_control/rviz\n'}
[2.603127] (arm_control) StdoutLine: {'line': b'copying rviz/arm.rviz -> /workspace/delivery/linglong-jazzy-20261001-fault-stop-v1/ros2_ws/install-release/arm_control/share/arm_control/rviz\n'}
[2.607946] (-) TimerEvent: {}
[2.617738] (arm_control) StdoutLine: {'line': b'running install_egg_info\n'}
[2.648765] (arm_control) StdoutLine: {'line': b'Copying ../../build-release/arm_control/arm_control.egg-info to /workspace/delivery/linglong-jazzy-20261001-fault-stop-v1/ros2_ws/install-release/arm_control/lib/python3.12/site-packages/arm_control-0.1.0-py3.12.egg-info\n'}
[2.708106] (-) TimerEvent: {}
[2.808655] (-) TimerEvent: {}
[2.857921] (arm_control) StdoutLine: {'line': b'running install_scripts\n'}
[2.908827] (-) TimerEvent: {}
[3.009335] (-) TimerEvent: {}
[3.064805] (arm_control) StdoutLine: {'line': b'Installing arm_control_node script to /workspace/delivery/linglong-jazzy-20261001-fault-stop-v1/ros2_ws/install-release/arm_control/lib/arm_control\n'}
[3.073861] (arm_control) StdoutLine: {'line': b"writing list of installed files to '/workspace/delivery/linglong-jazzy-20261001-fault-stop-v1/ros2_ws/build-release/arm_control/install.log'\n"}
[3.109265] (arm_control) CommandEnded: {'returncode': 0}
[3.110936] (-) TimerEvent: {}
[3.211344] (-) TimerEvent: {}
[3.311729] (-) TimerEvent: {}
[3.379612] (arm_control) JobEnded: {'identifier': 'arm_control', 'rc': 0}
[3.389999] (linglong_control) JobStarted: {'identifier': 'linglong_control'}
[3.411933] (-) TimerEvent: {}
[3.421887] (linglong_control) JobProgress: {'identifier': 'linglong_control', 'progress': 'cmake'}
[3.458950] (linglong_control) Command: {'cmd': ['/usr/bin/cmake', '/workspace/delivery/linglong-jazzy-20261001-fault-stop-v1/ros2_ws/src/linglong_control', '-DLINGLONG_CORE_ONLY=OFF', '-DCMAKE_BUILD_TYPE=Debug', '-DCMAKE_INSTALL_PREFIX=/workspace/delivery/linglong-jazzy-20261001-fault-stop-v1/ros2_ws/install-release/linglong_control'], 'cwd': '/workspace/delivery/linglong-jazzy-20261001-fault-stop-v1/ros2_ws/build-release/linglong_control', 'env': OrderedDict({'LINGLONG_CLEAN_BUILD': '/workspace/delivery/linglong-jazzy-20261001-fault-stop-v1/ros2_ws', 'USER': 'root', 'GZ_CONFIG_PATH': '/opt/ros/jazzy/opt/sdformat_vendor/share/gz', 'SHLVL': '1', 'LD_LIBRARY_PATH': '/opt/ros/jazzy/opt/sdformat_vendor/lib:/opt/ros/jazzy/opt/rviz_ogre_vendor/lib:/opt/ros/jazzy/lib/x86_64-linux-gnu:/opt/ros/jazzy/opt/gz_math_vendor/lib:/opt/ros/jazzy/opt/gz_utils_vendor/lib:/opt/ros/jazzy/opt/gz_tools_vendor/lib:/opt/ros/jazzy/opt/gz_cmake_vendor/lib:/opt/ros/jazzy/lib', 'HOME': '/root', 'OLDPWD': '/workspace/delivery/linglong-jazzy-20261001-fault-stop-v1/ros2_ws', 'ROS_PYTHON_VERSION': '3', 'ROS_DISTRO': 'jazzy', '_': '/usr/bin/colcon', 'ROS_VERSION': '2', 'PATH': '/opt/ros/jazzy/opt/gz_tools_vendor/bin:/opt/ros/jazzy/bin:/usr/local/sbin:/usr/local/bin:/usr/sbin:/usr/bin:/sbin:/bin', 'LANG': 'C.UTF-8', 'AMENT_PREFIX_PATH': '/workspace/delivery/linglong-jazzy-20261001-fault-stop-v1/ros2_ws/install-release/arm_control:/opt/ros/jazzy', 'ROS_AUTOMATIC_DISCOVERY_RANGE': 'SUBNET', 'PWD': '/workspace/delivery/linglong-jazzy-20261001-fault-stop-v1/ros2_ws/build-release/linglong_control', 'PYTHONPATH': '/workspace/delivery/linglong-jazzy-20261001-fault-stop-v1/ros2_ws/install-release/arm_control/lib/python3.12/site-packages:/opt/ros/jazzy/opt/sdformat_vendor/lib/python:/opt/ros/jazzy/opt/gz_math_vendor/lib/python:/opt/ros/jazzy/lib/python3.12/site-packages', 'COLCON': '1', 'CMAKE_PREFIX_PATH': '/opt/ros/jazzy/opt/sdformat_vendor:/opt/ros/jazzy/opt/gz_math_vendor:/opt/ros/jazzy/opt/gz_utils_vendor:/opt/ros/jazzy/opt/gz_tools_vendor:/opt/ros/jazzy/opt/gz_cmake_vendor:/opt/ros/jazzy'}), 'shell': False}
[3.512054] (-) TimerEvent: {}
[3.612635] (-) TimerEvent: {}
[3.713510] (-) TimerEvent: {}
[3.814183] (-) TimerEvent: {}
[3.836225] (linglong_control) StdoutLine: {'line': b'-- The C compiler identification is GNU 13.3.0\n'}
[3.914420] (-) TimerEvent: {}
[4.015024] (-) TimerEvent: {}
[4.029601] (linglong_control) StdoutLine: {'line': b'-- The CXX compiler identification is GNU 13.3.0\n'}
[4.074823] (linglong_control) StdoutLine: {'line': b'-- Detecting C compiler ABI info\n'}
[4.115174] (-) TimerEvent: {}
[4.215581] (-) TimerEvent: {}
[4.315978] (-) TimerEvent: {}
[4.429649] (-) TimerEvent: {}
[4.530833] (-) TimerEvent: {}
[4.631409] (-) TimerEvent: {}
[4.732324] (-) TimerEvent: {}
[4.835345] (-) TimerEvent: {}
[4.930306] (linglong_control) StdoutLine: {'line': b'-- Detecting C compiler ABI info - done\n'}
[4.944346] (-) TimerEvent: {}
[5.005130] (linglong_control) StdoutLine: {'line': b'-- Check for working C compiler: /usr/bin/cc - skipped\n'}
[5.006533] (linglong_control) StdoutLine: {'line': b'-- Detecting C compile features\n'}
[5.007713] (linglong_control) StdoutLine: {'line': b'-- Detecting C compile features - done\n'}
[5.044505] (-) TimerEvent: {}
[5.063236] (linglong_control) StdoutLine: {'line': b'-- Detecting CXX compiler ABI info\n'}
[5.144699] (-) TimerEvent: {}
[5.245551] (-) TimerEvent: {}
[5.346124] (-) TimerEvent: {}
[5.446759] (-) TimerEvent: {}
[5.547269] (-) TimerEvent: {}
[5.647495] (linglong_control) StdoutLine: {'line': b'-- Detecting CXX compiler ABI info - done\n'}
[5.649310] (-) TimerEvent: {}
[5.686588] (linglong_control) StdoutLine: {'line': b'-- Check for working CXX compiler: /usr/bin/c++ - skipped\n'}
[5.687624] (linglong_control) StdoutLine: {'line': b'-- Detecting CXX compile features\n'}
[5.688632] (linglong_control) StdoutLine: {'line': b'-- Detecting CXX compile features - done\n'}
[5.737061] (linglong_control) StdoutLine: {'line': b'-- Performing Test CMAKE_HAVE_LIBC_PTHREAD\n'}
[5.749480] (-) TimerEvent: {}
[5.849901] (-) TimerEvent: {}
[5.950459] (-) TimerEvent: {}
[6.050878] (-) TimerEvent: {}
[6.151186] (-) TimerEvent: {}
[6.227056] (linglong_control) StdoutLine: {'line': b'-- Performing Test CMAKE_HAVE_LIBC_PTHREAD - Success\n'}
[6.228522] (linglong_control) StdoutLine: {'line': b'-- Found Threads: TRUE  \n'}
[6.251337] (-) TimerEvent: {}
[6.254139] (linglong_control) StdoutLine: {'line': b'-- Found ament_cmake: 2.5.6 (/opt/ros/jazzy/share/ament_cmake/cmake)\n'}
[6.351454] (-) TimerEvent: {}
[6.451840] (-) TimerEvent: {}
[6.552217] (-) TimerEvent: {}
[6.569765] (linglong_control) StdoutLine: {'line': b'-- Found Python3: /usr/bin/python3 (found version "3.12.3") found components: Interpreter \n'}
[6.652331] (-) TimerEvent: {}
[6.752654] (-) TimerEvent: {}
[6.853040] (-) TimerEvent: {}
[6.953397] (-) TimerEvent: {}
[7.053812] (-) TimerEvent: {}
[7.072847] (linglong_control) StdoutLine: {'line': b'-- Found hardware_interface: 4.48.0 (/opt/ros/jazzy/share/hardware_interface/cmake)\n'}
[7.153938] (-) TimerEvent: {}
[7.254274] (-) TimerEvent: {}
[7.315288] (linglong_control) StdoutLine: {'line': b'-- Found rosidl_generator_c: 4.6.9 (/opt/ros/jazzy/share/rosidl_generator_c/cmake)\n'}
[7.354475] (-) TimerEvent: {}
[7.383831] (linglong_control) StdoutLine: {'line': b'-- Found rosidl_generator_cpp: 4.6.9 (/opt/ros/jazzy/share/rosidl_generator_cpp/cmake)\n'}
[7.454606] (-) TimerEvent: {}
[7.463489] (linglong_control) StdoutLine: {'line': b'-- Using all available rosidl_typesupport_c: rosidl_typesupport_fastrtps_c;rosidl_typesupport_introspection_c\n'}
[7.549052] (linglong_control) StdoutLine: {'line': b'-- Using all available rosidl_typesupport_cpp: rosidl_typesupport_fastrtps_cpp;rosidl_typesupport_introspection_cpp\n'}
[7.554757] (-) TimerEvent: {}
[7.655163] (-) TimerEvent: {}
[7.755494] (-) TimerEvent: {}
[7.855874] (-) TimerEvent: {}
[7.956423] (-) TimerEvent: {}
[8.056840] (-) TimerEvent: {}
[8.095763] (linglong_control) StdoutLine: {'line': b'-- Found TinyXML2 via Config file: /usr/lib/x86_64-linux-gnu/cmake/tinyxml2\n'}
[8.156963] (-) TimerEvent: {}
[8.257314] (-) TimerEvent: {}
[8.262804] (linglong_control) StdoutLine: {'line': b'-- Found rmw_implementation_cmake: 7.3.3 (/opt/ros/jazzy/share/rmw_implementation_cmake/cmake)\n'}
[8.284630] (linglong_control) StdoutLine: {'line': b'-- Found rmw_fastrtps_cpp: 8.4.4 (/opt/ros/jazzy/share/rmw_fastrtps_cpp/cmake)\n'}
[8.357457] (-) TimerEvent: {}
[8.383201] (linglong_control) StdoutLine: {'line': b'-- Found TinyXML2 via Config file: /usr/lib/x86_64-linux-gnu/cmake/tinyxml2\n'}
[8.428379] (linglong_control) StdoutLine: {'line': b'-- Found OpenSSL: /usr/lib/x86_64-linux-gnu/libcrypto.so (found version "3.0.13")  \n'}
[8.438053] (linglong_control) StdoutLine: {'line': b'-- Found TinyXML2 via Config file: /usr/lib/x86_64-linux-gnu/cmake/tinyxml2\n'}
[8.456123] (linglong_control) StdoutLine: {'line': b'-- Found FastRTPS: /opt/ros/jazzy/include (Required is at least version "2.13") \n'}
[8.457544] (-) TimerEvent: {}
[8.465264] (linglong_control) StdoutLine: {'line': b'-- Found TinyXML2 via Config file: /usr/lib/x86_64-linux-gnu/cmake/tinyxml2\n'}
[8.481283] (linglong_control) StdoutLine: {'line': b'-- Found TinyXML2 via Config file: /usr/lib/x86_64-linux-gnu/cmake/tinyxml2\n'}
[8.496297] (linglong_control) StdoutLine: {'line': b"-- Using RMW implementation 'rmw_fastrtps_cpp' as default\n"}
[8.557687] (-) TimerEvent: {}
[8.658097] (-) TimerEvent: {}
[8.758489] (-) TimerEvent: {}
[8.767701] (linglong_control) StdoutLine: {'line': b'-- Found Boost: /usr/lib/x86_64-linux-gnu/cmake/Boost-1.83.0/BoostConfig.cmake (found version "1.83.0")  \n'}
[8.858622] (-) TimerEvent: {}
[8.958971] (-) TimerEvent: {}
[9.059318] (-) TimerEvent: {}
[9.159668] (-) TimerEvent: {}
[9.260071] (-) TimerEvent: {}
[9.360502] (-) TimerEvent: {}
[9.394300] (linglong_control) StdoutLine: {'line': b'-- Found ament_cmake_pytest: 2.5.6 (/opt/ros/jazzy/share/ament_cmake_pytest/cmake)\n'}
[9.414482] (linglong_control) StdoutLine: {'line': b'-- Found ament_cmake_gtest: 2.5.6 (/opt/ros/jazzy/share/ament_cmake_gtest/cmake)\n'}
[9.434175] (linglong_control) StdoutLine: {'line': b"-- Found gtest sources under '/opt/ros/jazzy/src/gtest_vendor': C++ tests using 'Google Test' will be built\n"}
[9.460656] (-) TimerEvent: {}
[9.561388] (-) TimerEvent: {}
[9.661755] (-) TimerEvent: {}
[9.762088] (-) TimerEvent: {}
[9.862416] (-) TimerEvent: {}
[9.962826] (-) TimerEvent: {}
[10.063261] (-) TimerEvent: {}
[10.163847] (-) TimerEvent: {}
[10.264416] (-) TimerEvent: {}
[10.364833] (-) TimerEvent: {}
[10.465549] (-) TimerEvent: {}
[10.566021] (-) TimerEvent: {}
[10.667102] (-) TimerEvent: {}
[10.768642] (-) TimerEvent: {}
[10.869081] (-) TimerEvent: {}
[10.969699] (-) TimerEvent: {}
[11.070047] (-) TimerEvent: {}
[11.170455] (-) TimerEvent: {}
[11.270869] (-) TimerEvent: {}
[11.371240] (-) TimerEvent: {}
[11.471554] (-) TimerEvent: {}
[11.571880] (-) TimerEvent: {}
[11.672239] (-) TimerEvent: {}
[11.772579] (-) TimerEvent: {}
[11.872947] (-) TimerEvent: {}
[11.973357] (-) TimerEvent: {}
[12.073857] (-) TimerEvent: {}
[12.174193] (-) TimerEvent: {}
[12.274525] (-) TimerEvent: {}
[12.374940] (-) TimerEvent: {}
[12.475366] (-) TimerEvent: {}
[12.575740] (-) TimerEvent: {}
[12.676348] (-) TimerEvent: {}
[12.776804] (-) TimerEvent: {}
[12.877152] (-) TimerEvent: {}
[12.977584] (-) TimerEvent: {}
[13.078093] (-) TimerEvent: {}
[13.178455] (-) TimerEvent: {}
[13.278740] (-) TimerEvent: {}
[13.379159] (-) TimerEvent: {}
[13.479971] (-) TimerEvent: {}
[13.580954] (-) TimerEvent: {}
[13.681622] (-) TimerEvent: {}
[13.783003] (-) TimerEvent: {}
[13.883482] (-) TimerEvent: {}
[13.983908] (-) TimerEvent: {}
[14.084360] (-) TimerEvent: {}
[14.184735] (-) TimerEvent: {}
[14.285084] (-) TimerEvent: {}
[14.385534] (-) TimerEvent: {}
[14.485937] (-) TimerEvent: {}
[14.586255] (-) TimerEvent: {}
[14.686633] (-) TimerEvent: {}
[14.786973] (-) TimerEvent: {}
[14.887299] (-) TimerEvent: {}
[14.987686] (-) TimerEvent: {}
[15.088175] (-) TimerEvent: {}
[15.188531] (-) TimerEvent: {}
[15.288940] (-) TimerEvent: {}
[15.389375] (-) TimerEvent: {}
[15.489735] (-) TimerEvent: {}
[15.521863] (linglong_control) StdoutLine: {'line': b'-- Configuring done (12.0s)\n'}
[15.589879] (-) TimerEvent: {}
[15.690314] (-) TimerEvent: {}
[15.790862] (-) TimerEvent: {}
[15.891290] (-) TimerEvent: {}
[15.991771] (-) TimerEvent: {}
[16.092289] (-) TimerEvent: {}
[16.192782] (-) TimerEvent: {}
[16.293510] (-) TimerEvent: {}
[16.394094] (-) TimerEvent: {}
[16.494630] (-) TimerEvent: {}
[16.596111] (-) TimerEvent: {}
[16.699001] (-) TimerEvent: {}
[16.799639] (-) TimerEvent: {}
[16.872994] (linglong_control) StdoutLine: {'line': b'-- Generating done (1.3s)\n'}
[16.900271] (-) TimerEvent: {}
[17.000956] (-) TimerEvent: {}
[17.101440] (-) TimerEvent: {}
[17.201916] (-) TimerEvent: {}
[17.302627] (-) TimerEvent: {}
[17.403042] (-) TimerEvent: {}
[17.452535] (linglong_control) StdoutLine: {'line': b'-- Build files have been written to: /workspace/delivery/linglong-jazzy-20261001-fault-stop-v1/ros2_ws/build-release/linglong_control\n'}
[17.465137] (linglong_control) CommandEnded: {'returncode': 0}
[17.469154] (linglong_control) JobProgress: {'identifier': 'linglong_control', 'progress': 'build'}
[17.473354] (linglong_control) Command: {'cmd': ['/usr/bin/cmake', '--build', '/workspace/delivery/linglong-jazzy-20261001-fault-stop-v1/ros2_ws/build-release/linglong_control', '--', '-j8', '-l8'], 'cwd': '/workspace/delivery/linglong-jazzy-20261001-fault-stop-v1/ros2_ws/build-release/linglong_control', 'env': OrderedDict({'LINGLONG_CLEAN_BUILD': '/workspace/delivery/linglong-jazzy-20261001-fault-stop-v1/ros2_ws', 'USER': 'root', 'GZ_CONFIG_PATH': '/opt/ros/jazzy/opt/sdformat_vendor/share/gz', 'SHLVL': '1', 'LD_LIBRARY_PATH': '/opt/ros/jazzy/opt/sdformat_vendor/lib:/opt/ros/jazzy/opt/rviz_ogre_vendor/lib:/opt/ros/jazzy/lib/x86_64-linux-gnu:/opt/ros/jazzy/opt/gz_math_vendor/lib:/opt/ros/jazzy/opt/gz_utils_vendor/lib:/opt/ros/jazzy/opt/gz_tools_vendor/lib:/opt/ros/jazzy/opt/gz_cmake_vendor/lib:/opt/ros/jazzy/lib', 'HOME': '/root', 'OLDPWD': '/workspace/delivery/linglong-jazzy-20261001-fault-stop-v1/ros2_ws', 'ROS_PYTHON_VERSION': '3', 'ROS_DISTRO': 'jazzy', '_': '/usr/bin/colcon', 'ROS_VERSION': '2', 'PATH': '/opt/ros/jazzy/opt/gz_tools_vendor/bin:/opt/ros/jazzy/bin:/usr/local/sbin:/usr/local/bin:/usr/sbin:/usr/bin:/sbin:/bin', 'LANG': 'C.UTF-8', 'AMENT_PREFIX_PATH': '/workspace/delivery/linglong-jazzy-20261001-fault-stop-v1/ros2_ws/install-release/arm_control:/opt/ros/jazzy', 'ROS_AUTOMATIC_DISCOVERY_RANGE': 'SUBNET', 'PWD': '/workspace/delivery/linglong-jazzy-20261001-fault-stop-v1/ros2_ws/build-release/linglong_control', 'PYTHONPATH': '/workspace/delivery/linglong-jazzy-20261001-fault-stop-v1/ros2_ws/install-release/arm_control/lib/python3.12/site-packages:/opt/ros/jazzy/opt/sdformat_vendor/lib/python:/opt/ros/jazzy/opt/gz_math_vendor/lib/python:/opt/ros/jazzy/lib/python3.12/site-packages', 'COLCON': '1', 'CMAKE_PREFIX_PATH': '/opt/ros/jazzy/opt/sdformat_vendor:/opt/ros/jazzy/opt/gz_math_vendor:/opt/ros/jazzy/opt/gz_utils_vendor:/opt/ros/jazzy/opt/gz_tools_vendor:/opt/ros/jazzy/opt/gz_cmake_vendor:/opt/ros/jazzy'}), 'shell': False}
[17.503216] (-) TimerEvent: {}
[17.603590] (-) TimerEvent: {}
[17.705173] (-) TimerEvent: {}
[17.724057] (linglong_control) StdoutLine: {'line': b'[ 31%] Building CXX object CMakeFiles/test_hardware_state.dir/test/test_hardware_state.cpp.o\n'}
[17.729738] (linglong_control) StdoutLine: {'line': b'[ 31%] Building CXX object CMakeFiles/linglong_sim_system.dir/src/sim_system.cpp.o\n'}
[17.734152] (linglong_control) StdoutLine: {'line': b'[ 31%] Building CXX object CMakeFiles/test_left_arm_core.dir/test/test_left_arm_core.cpp.o\n'}
[17.739834] (linglong_control) StdoutLine: {'line': b'[ 31%] Building CXX object gtest/CMakeFiles/gtest_main.dir/src/gtest_main.cc.o\n'}
[17.744626] (linglong_control) StdoutLine: {'line': b'[ 31%] Building CXX object CMakeFiles/sim_validation.dir/test/sim_validation.cpp.o\n'}
[17.747253] (linglong_control) StdoutLine: {'line': b'[ 43%] Building CXX object CMakeFiles/test_sim_core.dir/test/test_sim_core.cpp.o\n'}
[17.749035] (linglong_control) StdoutLine: {'line': b'[ 43%] Building CXX object gtest/CMakeFiles/gtest.dir/src/gtest-all.cc.o\n'}
[17.805411] (-) TimerEvent: {}
[17.905999] (-) TimerEvent: {}
[18.009542] (-) TimerEvent: {}
[18.115127] (-) TimerEvent: {}
[18.217224] (-) TimerEvent: {}
[18.318586] (-) TimerEvent: {}
[18.426786] (-) TimerEvent: {}
[18.529845] (-) TimerEvent: {}
[18.631661] (-) TimerEvent: {}
[18.739614] (-) TimerEvent: {}
[18.805576] (linglong_control) StdoutLine: {'line': b'[ 50%] Linking CXX executable test_hardware_state\n'}
[18.839811] (-) TimerEvent: {}
[18.946631] (-) TimerEvent: {}
[19.055126] (-) TimerEvent: {}
[19.077022] (linglong_control) StdoutLine: {'line': b'[ 50%] Built target ament_cmake_python_copy_linglong_control_tools\n'}
[19.156370] (-) TimerEvent: {}
[19.257172] (-) TimerEvent: {}
[19.267462] (linglong_control) StdoutLine: {'line': b'[ 50%] Built target test_hardware_state\n'}
[19.300719] (linglong_control) StdoutLine: {'line': b'[ 56%] Linking CXX executable test_left_arm_core\n'}
[19.357332] (-) TimerEvent: {}
[19.457889] (-) TimerEvent: {}
[19.559145] (-) TimerEvent: {}
[19.633823] (linglong_control) StdoutLine: {'line': b'[ 56%] Built target test_left_arm_core\n'}
[19.659495] (-) TimerEvent: {}
[19.758494] (linglong_control) StdoutLine: {'line': b'[ 62%] Linking CXX executable test_sim_core\n'}
[19.760537] (-) TimerEvent: {}
[19.861211] (-) TimerEvent: {}
[19.961708] (-) TimerEvent: {}
[20.062900] (-) TimerEvent: {}
[20.164321] (-) TimerEvent: {}
[20.175738] (linglong_control) StdoutLine: {'line': b'[ 62%] Built target test_sim_core\n'}
[20.264475] (-) TimerEvent: {}
[20.319960] (linglong_control) StdoutLine: {'line': b'running egg_info\n'}
[20.323607] (linglong_control) StdoutLine: {'line': b'creating linglong_control_tools.egg-info\n'}
[20.364666] (-) TimerEvent: {}
[20.378432] (linglong_control) StdoutLine: {'line': b'writing linglong_control_tools.egg-info/PKG-INFO\n'}
[20.387248] (linglong_control) StdoutLine: {'line': b'writing dependency_links to linglong_control_tools.egg-info/dependency_links.txt\n'}
[20.402451] (linglong_control) StdoutLine: {'line': b'writing top-level names to linglong_control_tools.egg-info/top_level.txt\n'}
[20.412617] (linglong_control) StdoutLine: {'line': b"writing manifest file 'linglong_control_tools.egg-info/SOURCES.txt'\n"}
[20.464883] (-) TimerEvent: {}
[20.483626] (linglong_control) StdoutLine: {'line': b'[ 68%] Linking CXX static library libgtest_main.a\n'}
[20.565075] (-) TimerEvent: {}
[20.579279] (linglong_control) StdoutLine: {'line': b"reading manifest file 'linglong_control_tools.egg-info/SOURCES.txt'\n"}
[20.653804] (linglong_control) StdoutLine: {'line': b"writing manifest file 'linglong_control_tools.egg-info/SOURCES.txt'\n"}
[20.665306] (-) TimerEvent: {}
[20.717962] (linglong_control) StdoutLine: {'line': b'[ 68%] Built target gtest_main\n'}
[20.765570] (-) TimerEvent: {}
[20.872634] (-) TimerEvent: {}
[20.960792] (linglong_control) StdoutLine: {'line': b'[ 68%] Built target ament_cmake_python_build_linglong_control_tools_egg\n'}
[20.972768] (-) TimerEvent: {}
[21.074612] (-) TimerEvent: {}
[21.178318] (-) TimerEvent: {}
[21.283679] (-) TimerEvent: {}
[21.385457] (-) TimerEvent: {}
[21.490512] (-) TimerEvent: {}
[21.591347] (-) TimerEvent: {}
[21.692562] (-) TimerEvent: {}
[21.793232] (-) TimerEvent: {}
[21.895867] (-) TimerEvent: {}
[21.924298] (linglong_control) StdoutLine: {'line': b'[ 75%] Linking CXX executable sim_validation\n'}
[21.996069] (-) TimerEvent: {}
[22.097106] (-) TimerEvent: {}
[22.197806] (-) TimerEvent: {}
[22.298301] (-) TimerEvent: {}
[22.381027] (linglong_control) StdoutLine: {'line': b'[ 75%] Built target sim_validation\n'}
[22.398504] (-) TimerEvent: {}
[22.499149] (-) TimerEvent: {}
[22.599771] (-) TimerEvent: {}
[22.700478] (-) TimerEvent: {}
[22.801246] (-) TimerEvent: {}
[22.901878] (-) TimerEvent: {}
[23.002577] (-) TimerEvent: {}
[23.103258] (-) TimerEvent: {}
[23.203827] (-) TimerEvent: {}
[23.304492] (-) TimerEvent: {}
[23.405085] (-) TimerEvent: {}
[23.505826] (-) TimerEvent: {}
[23.606588] (-) TimerEvent: {}
[23.707199] (-) TimerEvent: {}
[23.807943] (-) TimerEvent: {}
[23.908671] (-) TimerEvent: {}
[24.009541] (-) TimerEvent: {}
[24.110333] (-) TimerEvent: {}
[24.210998] (-) TimerEvent: {}
[24.311614] (-) TimerEvent: {}
[24.412459] (-) TimerEvent: {}
[24.515239] (-) TimerEvent: {}
[24.615923] (-) TimerEvent: {}
[24.716541] (-) TimerEvent: {}
[24.817286] (-) TimerEvent: {}
[24.918661] (-) TimerEvent: {}
[25.019263] (-) TimerEvent: {}
[25.119849] (-) TimerEvent: {}
[25.220575] (-) TimerEvent: {}
[25.321290] (-) TimerEvent: {}
[25.422163] (-) TimerEvent: {}
[25.523152] (-) TimerEvent: {}
[25.623735] (-) TimerEvent: {}
[25.724630] (-) TimerEvent: {}
[25.825364] (-) TimerEvent: {}
[25.926057] (-) TimerEvent: {}
[26.026461] (-) TimerEvent: {}
[26.081612] (linglong_control) StderrLine: {'line': b'/workspace/delivery/linglong-jazzy-20261001-fault-stop-v1/ros2_ws/src/linglong_control/src/sim_system.cpp: In member function \xe2\x80\x98virtual hardware_interface::CallbackReturn linglong_control::SimSystem::on_init(const hardware_interface::HardwareInfo&)\xe2\x80\x99:\n'}
[26.082431] (linglong_control) StderrLine: {'line': b'/workspace/delivery/linglong-jazzy-20261001-fault-stop-v1/ros2_ws/src/linglong_control/src/sim_system.cpp:39:31: warning: \xe2\x80\x98virtual rclcpp_lifecycle::node_interfaces::LifecycleNodeInterface::CallbackReturn hardware_interface::HardwareComponentInterface::on_init(const hardware_interface::HardwareInfo&)\xe2\x80\x99 is deprecated: Use on_init(const HardwareComponentInterfaceParams & params) instead. [-Wdeprecated-declarations]\n'}
[26.083099] (linglong_control) StderrLine: {'line': b'   39 |   if (SystemInterface::on_init(info) != hardware_interface::CallbackReturn::SUCCESS) {\n'}
[26.086095] (linglong_control) StderrLine: {'line': b'      |       ~~~~~~~~~~~~~~~~~~~~~~~~^~~~~~\n'}
[26.086803] (linglong_control) StderrLine: {'line': b'In file included from /opt/ros/jazzy/include/hardware_interface/hardware_interface/system_interface.hpp:18,\n'}
[26.087497] (linglong_control) StderrLine: {'line': b'                 from /workspace/delivery/linglong-jazzy-20261001-fault-stop-v1/ros2_ws/src/linglong_control/include/linglong_control/sim_system.hpp:7,\n'}
[26.088151] (linglong_control) StderrLine: {'line': b'                 from /workspace/delivery/linglong-jazzy-20261001-fault-stop-v1/ros2_ws/src/linglong_control/src/sim_system.cpp:1:\n'}
[26.088880] (linglong_control) StderrLine: {'line': b'/opt/ros/jazzy/include/hardware_interface/hardware_interface/hardware_component_interface.hpp:140:26: note: declared here\n'}
[26.089654] (linglong_control) StderrLine: {'line': b'  140 |   virtual CallbackReturn on_init(const HardwareInfo & hardware_info);\n'}
[26.090316] (linglong_control) StderrLine: {'line': b'      |                          ^~~~~~~\n'}
[26.126597] (-) TimerEvent: {}
[26.226931] (-) TimerEvent: {}
[26.269450] (linglong_control) StdoutLine: {'line': b'[ 81%] Linking CXX static library libgtest.a\n'}
[26.327113] (-) TimerEvent: {}
[26.427567] (-) TimerEvent: {}
[26.527947] (-) TimerEvent: {}
[26.628342] (-) TimerEvent: {}
[26.728819] (-) TimerEvent: {}
[26.829334] (-) TimerEvent: {}
[26.929885] (-) TimerEvent: {}
[27.030310] (-) TimerEvent: {}
[27.130960] (-) TimerEvent: {}
[27.231744] (-) TimerEvent: {}
[27.404157] (-) TimerEvent: {}
[27.504624] (-) TimerEvent: {}
[27.603809] (linglong_control) StdoutLine: {'line': b'[ 81%] Built target gtest\n'}
[27.604909] (-) TimerEvent: {}
[27.705311] (-) TimerEvent: {}
[27.805913] (-) TimerEvent: {}
[27.906506] (-) TimerEvent: {}
[28.007169] (-) TimerEvent: {}
[28.108050] (-) TimerEvent: {}
[28.208909] (-) TimerEvent: {}
[28.309722] (-) TimerEvent: {}
[28.410292] (-) TimerEvent: {}
[28.510777] (-) TimerEvent: {}
[28.611425] (-) TimerEvent: {}
[28.712118] (-) TimerEvent: {}
[28.812664] (-) TimerEvent: {}
[28.913191] (-) TimerEvent: {}
[29.013852] (-) TimerEvent: {}
[29.114975] (-) TimerEvent: {}
[29.215471] (-) TimerEvent: {}
[29.316043] (-) TimerEvent: {}
[29.416544] (-) TimerEvent: {}
[29.516893] (-) TimerEvent: {}
[29.548031] (linglong_control) StdoutLine: {'line': b'[ 87%] Linking CXX shared library liblinglong_sim_system.so\n'}
[29.617030] (-) TimerEvent: {}
[29.717592] (-) TimerEvent: {}
[29.818188] (-) TimerEvent: {}
[29.918687] (-) TimerEvent: {}
[30.019083] (-) TimerEvent: {}
[30.119484] (-) TimerEvent: {}
[30.219902] (-) TimerEvent: {}
[30.319870] (linglong_control) StdoutLine: {'line': b'[ 87%] Built target linglong_sim_system\n'}
[30.321210] (-) TimerEvent: {}
[30.412448] (linglong_control) StdoutLine: {'line': b'[ 93%] Building CXX object CMakeFiles/test_plugin.dir/test/test_plugin.cpp.o\n'}
[30.421387] (-) TimerEvent: {}
[30.523917] (-) TimerEvent: {}
[30.624440] (-) TimerEvent: {}
[30.724892] (-) TimerEvent: {}
[30.825372] (-) TimerEvent: {}
[30.925850] (-) TimerEvent: {}
[31.026322] (-) TimerEvent: {}
[31.127207] (-) TimerEvent: {}
[31.227835] (-) TimerEvent: {}
[31.328274] (-) TimerEvent: {}
[31.428732] (-) TimerEvent: {}
[31.529347] (-) TimerEvent: {}
[31.629862] (-) TimerEvent: {}
[31.730499] (-) TimerEvent: {}
[31.831911] (-) TimerEvent: {}
[31.932521] (-) TimerEvent: {}
[32.033077] (-) TimerEvent: {}
[32.133512] (-) TimerEvent: {}
[32.234007] (-) TimerEvent: {}
[32.334495] (-) TimerEvent: {}
[32.435094] (-) TimerEvent: {}
[32.535846] (-) TimerEvent: {}
[32.636431] (-) TimerEvent: {}
[32.737193] (-) TimerEvent: {}
[32.837962] (-) TimerEvent: {}
[32.938522] (-) TimerEvent: {}
[33.039138] (-) TimerEvent: {}
[33.139825] (-) TimerEvent: {}
[33.240481] (-) TimerEvent: {}
[33.341191] (-) TimerEvent: {}
[33.441898] (-) TimerEvent: {}
[33.542590] (-) TimerEvent: {}
[33.643286] (-) TimerEvent: {}
[33.743830] (-) TimerEvent: {}
[33.844423] (-) TimerEvent: {}
[33.945314] (-) TimerEvent: {}
[34.045978] (-) TimerEvent: {}
[34.146716] (-) TimerEvent: {}
[34.248069] (-) TimerEvent: {}
[34.349550] (-) TimerEvent: {}
[34.453887] (-) TimerEvent: {}
[34.554876] (-) TimerEvent: {}
[34.655575] (-) TimerEvent: {}
[34.756270] (-) TimerEvent: {}
[34.856919] (-) TimerEvent: {}
[34.957495] (-) TimerEvent: {}
[35.058275] (-) TimerEvent: {}
[35.160154] (-) TimerEvent: {}
[35.260755] (-) TimerEvent: {}
[35.361344] (-) TimerEvent: {}
[35.462023] (-) TimerEvent: {}
[35.562780] (-) TimerEvent: {}
[35.664015] (-) TimerEvent: {}
[35.765609] (-) TimerEvent: {}
[35.866549] (-) TimerEvent: {}
[35.967194] (-) TimerEvent: {}
[36.067852] (-) TimerEvent: {}
[36.168486] (-) TimerEvent: {}
[36.269093] (-) TimerEvent: {}
[36.369708] (-) TimerEvent: {}
[36.470416] (-) TimerEvent: {}
[36.571015] (-) TimerEvent: {}
[36.671653] (-) TimerEvent: {}
[36.772300] (-) TimerEvent: {}
[36.872999] (-) TimerEvent: {}
[36.878508] (linglong_control) StderrLine: {'line': b'In file included from /opt/ros/jazzy/src/gtest_vendor/include/gtest/gtest.h:72,\n'}
[36.879904] (linglong_control) StderrLine: {'line': b'                 from /workspace/delivery/linglong-jazzy-20261001-fault-stop-v1/ros2_ws/src/linglong_control/test/test_plugin.cpp:1:\n'}
[36.882255] (linglong_control) StderrLine: {'line': b'/workspace/delivery/linglong-jazzy-20261001-fault-stop-v1/ros2_ws/src/linglong_control/test/test_plugin.cpp: In member function \xe2\x80\x98virtual void SimPlugin_InterfacesActivationAndFaultLatch_Test::TestBody()\xe2\x80\x99:\n'}
[36.883486] (linglong_control) StderrLine: {'line': b'/workspace/delivery/linglong-jazzy-20261001-fault-stop-v1/ros2_ws/src/linglong_control/test/test_plugin.cpp:72:70: warning: \xe2\x80\x98double hardware_interface::Handle::get_value() const\xe2\x80\x99 is deprecated: Use std::optional<T> get_optional() instead to retrieve the value. This method will be removed by the ROS 2 Kilted Kaiju release. [-Wdeprecated-declarations]\n'}
[36.884474] (linglong_control) StderrLine: {'line': b'   72 |   for (auto & command : commands) {EXPECT_DOUBLE_EQ(command.get_value(), 0.2);}\n'}
[36.885264] (linglong_control) StderrLine: {'line': b'      |                                                     ~~~~~~~~~~~~~~~~~^~\n'}
[36.885970] (linglong_control) StderrLine: {'line': b'In file included from /opt/ros/jazzy/include/hardware_interface/hardware_interface/hardware_component_interface.hpp:28,\n'}
[36.886687] (linglong_control) StderrLine: {'line': b'                 from /opt/ros/jazzy/include/hardware_interface/hardware_interface/system_interface.hpp:18,\n'}
[36.887273] (linglong_control) StderrLine: {'line': b'                 from /workspace/delivery/linglong-jazzy-20261001-fault-stop-v1/ros2_ws/src/linglong_control/include/linglong_control/sim_system.hpp:7,\n'}
[36.888175] (linglong_control) StderrLine: {'line': b'                 from /workspace/delivery/linglong-jazzy-20261001-fault-stop-v1/ros2_ws/src/linglong_control/test/test_plugin.cpp:2:\n'}
[36.888765] (linglong_control) StderrLine: {'line': b'/opt/ros/jazzy/include/hardware_interface/hardware_interface/handle.hpp:304:10: note: declared here\n'}
[36.889486] (linglong_control) StderrLine: {'line': b'  304 |   double get_value() const\n'}
[36.890184] (linglong_control) StderrLine: {'line': b'      |          ^~~~~~~~~\n'}
[36.890858] (linglong_control) StderrLine: {'line': b'In file included from /opt/ros/jazzy/src/gtest_vendor/include/gtest/gtest-printers.h:122,\n'}
[36.891518] (linglong_control) StderrLine: {'line': b'                 from /opt/ros/jazzy/src/gtest_vendor/include/gtest/gtest-matchers.h:49,\n'}
[36.892215] (linglong_control) StderrLine: {'line': b'                 from /opt/ros/jazzy/src/gtest_vendor/include/gtest/internal/gtest-death-test-internal.h:47,\n'}
[36.893084] (linglong_control) StderrLine: {'line': b'                 from /opt/ros/jazzy/src/gtest_vendor/include/gtest/gtest-death-test.h:43,\n'}
[36.893904] (linglong_control) StderrLine: {'line': b'                 from /opt/ros/jazzy/src/gtest_vendor/include/gtest/gtest.h:65:\n'}
[36.894752] (linglong_control) StderrLine: {'line': b'/workspace/delivery/linglong-jazzy-20261001-fault-stop-v1/ros2_ws/src/linglong_control/test/test_plugin.cpp:83:45: warning: \xe2\x80\x98double hardware_interface::Handle::get_value() const\xe2\x80\x99 is deprecated: Use std::optional<T> get_optional() instead to retrieve the value. This method will be removed by the ROS 2 Kilted Kaiju release. [-Wdeprecated-declarations]\n'}
[36.895520] (linglong_control) StderrLine: {'line': b'   83 |   EXPECT_TRUE(std::isnan(states[0].get_value()));\n'}
[36.896596] (linglong_control) StderrLine: {'line': b'      |                          ~~~~~~~~~~~~~~~~~~~^~\n'}
[36.898479] (linglong_control) StderrLine: {'line': b'/opt/ros/jazzy/include/hardware_interface/hardware_interface/handle.hpp:304:10: note: declared here\n'}
[36.901402] (linglong_control) StderrLine: {'line': b'  304 |   double get_value() const\n'}
[36.902443] (linglong_control) StderrLine: {'line': b'      |          ^~~~~~~~~\n'}
[36.903202] (linglong_control) StderrLine: {'line': b'/workspace/delivery/linglong-jazzy-20261001-fault-stop-v1/ros2_ws/src/linglong_control/test/test_plugin.cpp: In lambda function:\n'}
[36.903948] (linglong_control) StderrLine: {'line': b'/workspace/delivery/linglong-jazzy-20261001-fault-stop-v1/ros2_ws/src/linglong_control/test/test_plugin.cpp:99:62: warning: \xe2\x80\x98double hardware_interface::Handle::get_value() const\xe2\x80\x99 is deprecated: Use std::optional<T> get_optional() instead to retrieve the value. This method will be removed by the ROS 2 Kilted Kaiju release. [-Wdeprecated-declarations]\n'}
[36.904718] (linglong_control) StderrLine: {'line': b'   99 |   const auto phase = [&states]() {return states[16].get_value();};\n'}
[36.905480] (linglong_control) StderrLine: {'line': b'      |                                          ~~~~~~~~~~~~~~~~~~~~^~\n'}
[36.906240] (linglong_control) StderrLine: {'line': b'/opt/ros/jazzy/include/hardware_interface/hardware_interface/handle.hpp:304:10: note: declared here\n'}
[36.907263] (linglong_control) StderrLine: {'line': b'  304 |   double get_value() const\n'}
[36.908242] (linglong_control) StderrLine: {'line': b'      |          ^~~~~~~~~\n'}
[36.909039] (linglong_control) StderrLine: {'line': b'/workspace/delivery/linglong-jazzy-20261001-fault-stop-v1/ros2_ws/src/linglong_control/test/test_plugin.cpp: In member function \xe2\x80\x98virtual void SimPlugin_StateGuardsOwnershipAndTerminalShutdown_Test::TestBody()\xe2\x80\x99:\n'}
[36.910037] (linglong_control) StderrLine: {'line': b'/workspace/delivery/linglong-jazzy-20261001-fault-stop-v1/ros2_ws/src/linglong_control/test/test_plugin.cpp:114:33: warning: \xe2\x80\x98double hardware_interface::Handle::get_value() const\xe2\x80\x99 is deprecated: Use std::optional<T> get_optional() instead to retrieve the value. This method will be removed by the ROS 2 Kilted Kaiju release. [-Wdeprecated-declarations]\n'}
[36.910916] (linglong_control) StderrLine: {'line': b'  114 |   EXPECT_EQ(states[18].get_value(), 1);\n'}
[36.911852] (linglong_control) StderrLine: {'line': b'      |             ~~~~~~~~~~~~~~~~~~~~^~\n'}
[36.915817] (linglong_control) StderrLine: {'line': b'/opt/ros/jazzy/include/hardware_interface/hardware_interface/handle.hpp:304:10: note: declared here\n'}
[36.917566] (linglong_control) StderrLine: {'line': b'  304 |   double get_value() const\n'}
[36.918496] (linglong_control) StderrLine: {'line': b'      |          ^~~~~~~~~\n'}
[36.919681] (linglong_control) StderrLine: {'line': b'/workspace/delivery/linglong-jazzy-20261001-fault-stop-v1/ros2_ws/src/linglong_control/test/test_plugin.cpp:117:33: warning: \xe2\x80\x98double hardware_interface::Handle::get_value() const\xe2\x80\x99 is deprecated: Use std::optional<T> get_optional() instead to retrieve the value. This method will be removed by the ROS 2 Kilted Kaiju release. [-Wdeprecated-declarations]\n'}
[36.921304] (linglong_control) StderrLine: {'line': b'  117 |   EXPECT_EQ(states[18].get_value(), 0);\n'}
[36.922077] (linglong_control) StderrLine: {'line': b'      |             ~~~~~~~~~~~~~~~~~~~~^~\n'}
[36.922907] (linglong_control) StderrLine: {'line': b'/opt/ros/jazzy/include/hardware_interface/hardware_interface/handle.hpp:304:10: note: declared here\n'}
[36.923704] (linglong_control) StderrLine: {'line': b'  304 |   double get_value() const\n'}
[36.924597] (linglong_control) StderrLine: {'line': b'      |          ^~~~~~~~~\n'}
[36.925532] (linglong_control) StderrLine: {'line': b'/workspace/delivery/linglong-jazzy-20261001-fault-stop-v1/ros2_ws/src/linglong_control/test/test_plugin.cpp: In member function \xe2\x80\x98virtual void SimPlugin_SupervisedFaultPublishesLatchUntilOrderedRelease_Test::TestBody()\xe2\x80\x99:\n'}
[36.926783] (linglong_control) StderrLine: {'line': b'/workspace/delivery/linglong-jazzy-20261001-fault-stop-v1/ros2_ws/src/linglong_control/test/test_plugin.cpp:142:32: warning: \xe2\x80\x98double hardware_interface::Handle::get_value() const\xe2\x80\x99 is deprecated: Use std::optional<T> get_optional() instead to retrieve the value. This method will be removed by the ROS 2 Kilted Kaiju release. [-Wdeprecated-declarations]\n'}
[36.927440] (linglong_control) StderrLine: {'line': b'  142 |   EXPECT_EQ(states[9].get_value(), 0);  // active\n'}
[36.929146] (linglong_control) StderrLine: {'line': b'      |             ~~~~~~~~~~~~~~~~~~~^~\n'}
[36.930329] (linglong_control) StderrLine: {'line': b'/opt/ros/jazzy/include/hardware_interface/hardware_interface/handle.hpp:304:10: note: declared here\n'}
[36.932573] (linglong_control) StderrLine: {'line': b'  304 |   double get_value() const\n'}
[36.934316] (linglong_control) StderrLine: {'line': b'      |          ^~~~~~~~~\n'}
[36.935215] (linglong_control) StderrLine: {'line': b'/workspace/delivery/linglong-jazzy-20261001-fault-stop-v1/ros2_ws/src/linglong_control/test/test_plugin.cpp:143:33: warning: \xe2\x80\x98double hardware_interface::Handle::get_value() const\xe2\x80\x99 is deprecated: Use std::optional<T> get_optional() instead to retrieve the value. This method will be removed by the ROS 2 Kilted Kaiju release. [-Wdeprecated-declarations]\n'}
[36.935946] (linglong_control) StderrLine: {'line': b'  143 |   EXPECT_EQ(states[10].get_value(), 7);  // injected fault\n'}
[36.936724] (linglong_control) StderrLine: {'line': b'      |             ~~~~~~~~~~~~~~~~~~~~^~\n'}
[36.937383] (linglong_control) StderrLine: {'line': b'/opt/ros/jazzy/include/hardware_interface/hardware_interface/handle.hpp:304:10: note: declared here\n'}
[36.938116] (linglong_control) StderrLine: {'line': b'  304 |   double get_value() const\n'}
[36.938820] (linglong_control) StderrLine: {'line': b'      |          ^~~~~~~~~\n'}
[36.939404] (linglong_control) StderrLine: {'line': b'/workspace/delivery/linglong-jazzy-20261001-fault-stop-v1/ros2_ws/src/linglong_control/test/test_plugin.cpp:144:33: warning: \xe2\x80\x98double hardware_interface::Handle::get_value() const\xe2\x80\x99 is deprecated: Use std::optional<T> get_optional() instead to retrieve the value. This method will be removed by the ROS 2 Kilted Kaiju release. [-Wdeprecated-declarations]\n'}
[36.940110] (linglong_control) StderrLine: {'line': b'  144 |   EXPECT_EQ(states[18].get_value(), 0);  // commands disabled\n'}
[36.940751] (linglong_control) StderrLine: {'line': b'      |             ~~~~~~~~~~~~~~~~~~~~^~\n'}
[36.941408] (linglong_control) StderrLine: {'line': b'/opt/ros/jazzy/include/hardware_interface/hardware_interface/handle.hpp:304:10: note: declared here\n'}
[36.942235] (linglong_control) StderrLine: {'line': b'  304 |   double get_value() const\n'}
[36.943287] (linglong_control) StderrLine: {'line': b'      |          ^~~~~~~~~\n'}
[36.944378] (linglong_control) StderrLine: {'line': b'/workspace/delivery/linglong-jazzy-20261001-fault-stop-v1/ros2_ws/src/linglong_control/test/test_plugin.cpp:145:45: warning: \xe2\x80\x98double hardware_interface::Handle::get_value() const\xe2\x80\x99 is deprecated: Use std::optional<T> get_optional() instead to retrieve the value. This method will be removed by the ROS 2 Kilted Kaiju release. [-Wdeprecated-declarations]\n'}
[36.945415] (linglong_control) StderrLine: {'line': b'  145 |   const double cycles = states[11].get_value();\n'}
[36.947221] (linglong_control) StderrLine: {'line': b'      |                         ~~~~~~~~~~~~~~~~~~~~^~\n'}
[36.948988] (linglong_control) StderrLine: {'line': b'/opt/ros/jazzy/include/hardware_interface/hardware_interface/handle.hpp:304:10: note: declared here\n'}
[36.950561] (linglong_control) StderrLine: {'line': b'  304 |   double get_value() const\n'}
[36.951436] (linglong_control) StderrLine: {'line': b'      |          ^~~~~~~~~\n'}
[36.952405] (linglong_control) StderrLine: {'line': b'/workspace/delivery/linglong-jazzy-20261001-fault-stop-v1/ros2_ws/src/linglong_control/test/test_plugin.cpp:151:35: warning: \xe2\x80\x98double hardware_interface::Handle::get_value() const\xe2\x80\x99 is deprecated: Use std::optional<T> get_optional() instead to retrieve the value. This method will be removed by the ROS 2 Kilted Kaiju release. [-Wdeprecated-declarations]\n'}
[36.953690] (linglong_control) StderrLine: {'line': b'  151 |     EXPECT_EQ(states[11].get_value(), cycles);  // No fabricated progress while faulted.\n'}
[36.954906] (linglong_control) StderrLine: {'line': b'      |               ~~~~~~~~~~~~~~~~~~~~^~\n'}
[36.956207] (linglong_control) StderrLine: {'line': b'/opt/ros/jazzy/include/hardware_interface/hardware_interface/handle.hpp:304:10: note: declared here\n'}
[36.956947] (linglong_control) StderrLine: {'line': b'  304 |   double get_value() const\n'}
[36.957821] (linglong_control) StderrLine: {'line': b'      |          ^~~~~~~~~\n'}
[36.958638] (linglong_control) StderrLine: {'line': b'/workspace/delivery/linglong-jazzy-20261001-fault-stop-v1/ros2_ws/src/linglong_control/test/test_plugin.cpp:152:47: warning: \xe2\x80\x98double hardware_interface::Handle::get_value() const\xe2\x80\x99 is deprecated: Use std::optional<T> get_optional() instead to retrieve the value. This method will be removed by the ROS 2 Kilted Kaiju release. [-Wdeprecated-declarations]\n'}
[36.959937] (linglong_control) StderrLine: {'line': b'  152 |     EXPECT_TRUE(std::isnan(states[0].get_value()));\n'}
[36.961064] (linglong_control) StderrLine: {'line': b'      |                            ~~~~~~~~~~~~~~~~~~~^~\n'}
[36.961842] (linglong_control) StderrLine: {'line': b'/opt/ros/jazzy/include/hardware_interface/hardware_interface/handle.hpp:304:10: note: declared here\n'}
[36.963611] (linglong_control) StderrLine: {'line': b'  304 |   double get_value() const\n'}
[36.965667] (linglong_control) StderrLine: {'line': b'      |          ^~~~~~~~~\n'}
[36.966807] (linglong_control) StderrLine: {'line': b'/workspace/delivery/linglong-jazzy-20261001-fault-stop-v1/ros2_ws/src/linglong_control/test/test_plugin.cpp:153:35: warning: \xe2\x80\x98double hardware_interface::Handle::get_value() const\xe2\x80\x99 is deprecated: Use std::optional<T> get_optional() instead to retrieve the value. This method will be removed by the ROS 2 Kilted Kaiju release. [-Wdeprecated-declarations]\n'}
[36.968348] (linglong_control) StderrLine: {'line': b'  153 |     EXPECT_EQ(states[10].get_value(), 7);\n'}
[36.969872] (linglong_control) StderrLine: {'line': b'      |               ~~~~~~~~~~~~~~~~~~~~^~\n'}
[36.971550] (linglong_control) StderrLine: {'line': b'/opt/ros/jazzy/include/hardware_interface/hardware_interface/handle.hpp:304:10: note: declared here\n'}
[36.972308] (linglong_control) StderrLine: {'line': b'  304 |   double get_value() const\n'}
[36.973012] (-) TimerEvent: {}
[36.973208] (linglong_control) StderrLine: {'line': b'      |          ^~~~~~~~~\n'}
[36.973964] (linglong_control) StderrLine: {'line': b'/workspace/delivery/linglong-jazzy-20261001-fault-stop-v1/ros2_ws/src/linglong_control/test/test_plugin.cpp:159:33: warning: \xe2\x80\x98double hardware_interface::Handle::get_value() const\xe2\x80\x99 is deprecated: Use std::optional<T> get_optional() instead to retrieve the value. This method will be removed by the ROS 2 Kilted Kaiju release. [-Wdeprecated-declarations]\n'}
[36.974792] (linglong_control) StderrLine: {'line': b'  159 |   EXPECT_EQ(states[10].get_value(), 7);\n'}
[36.975774] (linglong_control) StderrLine: {'line': b'      |             ~~~~~~~~~~~~~~~~~~~~^~\n'}
[36.976612] (linglong_control) StderrLine: {'line': b'/opt/ros/jazzy/include/hardware_interface/hardware_interface/handle.hpp:304:10: note: declared here\n'}
[36.977393] (linglong_control) StderrLine: {'line': b'  304 |   double get_value() const\n'}
[36.978352] (linglong_control) StderrLine: {'line': b'      |          ^~~~~~~~~\n'}
[36.979440] (linglong_control) StderrLine: {'line': b'/workspace/delivery/linglong-jazzy-20261001-fault-stop-v1/ros2_ws/src/linglong_control/test/test_plugin.cpp:162:32: warning: \xe2\x80\x98double hardware_interface::Handle::get_value() const\xe2\x80\x99 is deprecated: Use std::optional<T> get_optional() instead to retrieve the value. This method will be removed by the ROS 2 Kilted Kaiju release. [-Wdeprecated-declarations]\n'}
[36.980326] (linglong_control) StderrLine: {'line': b'  162 |   EXPECT_EQ(states[9].get_value(), 0);\n'}
[36.981900] (linglong_control) StderrLine: {'line': b'      |             ~~~~~~~~~~~~~~~~~~~^~\n'}
[36.982734] (linglong_control) StderrLine: {'line': b'/opt/ros/jazzy/include/hardware_interface/hardware_interface/handle.hpp:304:10: note: declared here\n'}
[36.983523] (linglong_control) StderrLine: {'line': b'  304 |   double get_value() const\n'}
[36.984585] (linglong_control) StderrLine: {'line': b'      |          ^~~~~~~~~\n'}
[37.073192] (-) TimerEvent: {}
[37.173758] (-) TimerEvent: {}
[37.274411] (-) TimerEvent: {}
[37.374918] (-) TimerEvent: {}
[37.475673] (-) TimerEvent: {}
[37.576416] (-) TimerEvent: {}
[37.677152] (-) TimerEvent: {}
[37.778936] (-) TimerEvent: {}
[37.880206] (-) TimerEvent: {}
[37.982519] (-) TimerEvent: {}
[38.083115] (-) TimerEvent: {}
[38.183817] (-) TimerEvent: {}
[38.284567] (-) TimerEvent: {}
[38.385144] (-) TimerEvent: {}
[38.485712] (-) TimerEvent: {}
[38.586258] (-) TimerEvent: {}
[38.686890] (-) TimerEvent: {}
[38.787485] (-) TimerEvent: {}
[38.888222] (-) TimerEvent: {}
[38.988880] (-) TimerEvent: {}
[39.089578] (-) TimerEvent: {}
[39.190147] (-) TimerEvent: {}
[39.290801] (-) TimerEvent: {}
[39.391363] (-) TimerEvent: {}
[39.491959] (-) TimerEvent: {}
[39.592595] (-) TimerEvent: {}
[39.693248] (-) TimerEvent: {}
[39.793816] (-) TimerEvent: {}
[39.894406] (-) TimerEvent: {}
[39.994860] (-) TimerEvent: {}
[40.095387] (-) TimerEvent: {}
[40.196128] (-) TimerEvent: {}
[40.296812] (-) TimerEvent: {}
[40.397347] (-) TimerEvent: {}
[40.497958] (-) TimerEvent: {}
[40.598702] (-) TimerEvent: {}
[40.699420] (-) TimerEvent: {}
[40.799999] (-) TimerEvent: {}
[40.900705] (-) TimerEvent: {}
[41.001268] (-) TimerEvent: {}
[41.101790] (-) TimerEvent: {}
[41.202488] (-) TimerEvent: {}
[41.303108] (-) TimerEvent: {}
[41.403737] (-) TimerEvent: {}
[41.509662] (-) TimerEvent: {}
[41.610152] (-) TimerEvent: {}
[41.710678] (-) TimerEvent: {}
[41.811196] (-) TimerEvent: {}
[41.911721] (-) TimerEvent: {}
[42.012306] (-) TimerEvent: {}
[42.113086] (-) TimerEvent: {}
[42.213819] (-) TimerEvent: {}
[42.314720] (-) TimerEvent: {}
[42.415074] (-) TimerEvent: {}
[42.515400] (-) TimerEvent: {}
[42.615759] (-) TimerEvent: {}
[42.716166] (-) TimerEvent: {}
[42.750224] (linglong_control) StdoutLine: {'line': b'[100%] Linking CXX executable test_plugin\n'}
[42.816290] (-) TimerEvent: {}
[42.916640] (-) TimerEvent: {}
[43.016983] (-) TimerEvent: {}
[43.117411] (-) TimerEvent: {}
[43.217972] (-) TimerEvent: {}
[43.318561] (-) TimerEvent: {}
[43.419317] (-) TimerEvent: {}
[43.519679] (-) TimerEvent: {}
[43.620043] (-) TimerEvent: {}
[43.720695] (-) TimerEvent: {}
[43.821039] (-) TimerEvent: {}
[43.921355] (-) TimerEvent: {}
[44.021708] (-) TimerEvent: {}
[44.122218] (-) TimerEvent: {}
[44.222670] (-) TimerEvent: {}
[44.323087] (-) TimerEvent: {}
[44.423537] (-) TimerEvent: {}
[44.526592] (-) TimerEvent: {}
[44.627997] (-) TimerEvent: {}
[44.728352] (-) TimerEvent: {}
[44.828704] (-) TimerEvent: {}
[44.929179] (-) TimerEvent: {}
[44.935328] (linglong_control) StdoutLine: {'line': b'[100%] Built target test_plugin\n'}
[45.001692] (linglong_control) CommandEnded: {'returncode': 0}
[45.017929] (linglong_control) JobProgress: {'identifier': 'linglong_control', 'progress': 'install'}
[45.029306] (-) TimerEvent: {}
[45.030517] (linglong_control) Command: {'cmd': ['/usr/bin/cmake', '--install', '/workspace/delivery/linglong-jazzy-20261001-fault-stop-v1/ros2_ws/build-release/linglong_control'], 'cwd': '/workspace/delivery/linglong-jazzy-20261001-fault-stop-v1/ros2_ws/build-release/linglong_control', 'env': OrderedDict({'LINGLONG_CLEAN_BUILD': '/workspace/delivery/linglong-jazzy-20261001-fault-stop-v1/ros2_ws', 'USER': 'root', 'GZ_CONFIG_PATH': '/opt/ros/jazzy/opt/sdformat_vendor/share/gz', 'SHLVL': '1', 'LD_LIBRARY_PATH': '/opt/ros/jazzy/opt/sdformat_vendor/lib:/opt/ros/jazzy/opt/rviz_ogre_vendor/lib:/opt/ros/jazzy/lib/x86_64-linux-gnu:/opt/ros/jazzy/opt/gz_math_vendor/lib:/opt/ros/jazzy/opt/gz_utils_vendor/lib:/opt/ros/jazzy/opt/gz_tools_vendor/lib:/opt/ros/jazzy/opt/gz_cmake_vendor/lib:/opt/ros/jazzy/lib', 'HOME': '/root', 'OLDPWD': '/workspace/delivery/linglong-jazzy-20261001-fault-stop-v1/ros2_ws', 'ROS_PYTHON_VERSION': '3', 'ROS_DISTRO': 'jazzy', '_': '/usr/bin/colcon', 'ROS_VERSION': '2', 'PATH': '/opt/ros/jazzy/opt/gz_tools_vendor/bin:/opt/ros/jazzy/bin:/usr/local/sbin:/usr/local/bin:/usr/sbin:/usr/bin:/sbin:/bin', 'LANG': 'C.UTF-8', 'AMENT_PREFIX_PATH': '/workspace/delivery/linglong-jazzy-20261001-fault-stop-v1/ros2_ws/install-release/arm_control:/opt/ros/jazzy', 'ROS_AUTOMATIC_DISCOVERY_RANGE': 'SUBNET', 'PWD': '/workspace/delivery/linglong-jazzy-20261001-fault-stop-v1/ros2_ws/build-release/linglong_control', 'PYTHONPATH': '/workspace/delivery/linglong-jazzy-20261001-fault-stop-v1/ros2_ws/install-release/arm_control/lib/python3.12/site-packages:/opt/ros/jazzy/opt/sdformat_vendor/lib/python:/opt/ros/jazzy/opt/gz_math_vendor/lib/python:/opt/ros/jazzy/lib/python3.12/site-packages', 'COLCON': '1', 'CMAKE_PREFIX_PATH': '/opt/ros/jazzy/opt/sdformat_vendor:/opt/ros/jazzy/opt/gz_math_vendor:/opt/ros/jazzy/opt/gz_utils_vendor:/opt/ros/jazzy/opt/gz_tools_vendor:/opt/ros/jazzy/opt/gz_cmake_vendor:/opt/ros/jazzy'}), 'shell': False}
[45.043947] (linglong_control) StdoutLine: {'line': b'-- Install configuration: "Debug"\n'}
[45.063042] (linglong_control) StdoutLine: {'line': b'-- Installing: /workspace/delivery/linglong-jazzy-20261001-fault-stop-v1/ros2_ws/install-release/linglong_control/share/linglong_control/linglong_hardware.xml\n'}
[45.122796] (linglong_control) StdoutLine: {'line': b'-- Installing: /workspace/delivery/linglong-jazzy-20261001-fault-stop-v1/ros2_ws/install-release/linglong_control/lib/liblinglong_sim_system.so\n'}
[45.129486] (-) TimerEvent: {}
[45.229994] (-) TimerEvent: {}
[45.337357] (-) TimerEvent: {}
[45.437986] (-) TimerEvent: {}
[45.538755] (-) TimerEvent: {}
[45.540752] (linglong_control) StdoutLine: {'line': b'-- Set non-toolchain portion of runtime path of "/workspace/delivery/linglong-jazzy-20261001-fault-stop-v1/ros2_ws/install-release/linglong_control/lib/liblinglong_sim_system.so" to ""\n'}
[45.561066] (linglong_control) StdoutLine: {'line': b'-- Installing: /workspace/delivery/linglong-jazzy-20261001-fault-stop-v1/ros2_ws/install-release/linglong_control/include\n'}
[45.638937] (-) TimerEvent: {}
[45.705547] (linglong_control) StdoutLine: {'line': b'-- Installing: /workspace/delivery/linglong-jazzy-20261001-fault-stop-v1/ros2_ws/install-release/linglong_control/include/linglong_control\n'}
[45.739127] (-) TimerEvent: {}
[45.746724] (linglong_control) StdoutLine: {'line': b'-- Installing: /workspace/delivery/linglong-jazzy-20261001-fault-stop-v1/ros2_ws/install-release/linglong_control/include/linglong_control/hardware_state.hpp\n'}
[45.839317] (-) TimerEvent: {}
[45.857391] (linglong_control) StdoutLine: {'line': b'-- Installing: /workspace/delivery/linglong-jazzy-20261001-fault-stop-v1/ros2_ws/install-release/linglong_control/include/linglong_control/left_arm_bus.hpp\n'}
[45.939567] (-) TimerEvent: {}
[45.981953] (linglong_control) StdoutLine: {'line': b'-- Installing: /workspace/delivery/linglong-jazzy-20261001-fault-stop-v1/ros2_ws/install-release/linglong_control/include/linglong_control/left_arm_core.hpp\n'}
[46.039829] (-) TimerEvent: {}
[46.085999] (linglong_control) StdoutLine: {'line': b'-- Installing: /workspace/delivery/linglong-jazzy-20261001-fault-stop-v1/ros2_ws/install-release/linglong_control/include/linglong_control/left_arm_system.hpp\n'}
[46.140095] (-) TimerEvent: {}
[46.240693] (-) TimerEvent: {}
[46.251119] (linglong_control) StdoutLine: {'line': b'-- Installing: /workspace/delivery/linglong-jazzy-20261001-fault-stop-v1/ros2_ws/install-release/linglong_control/include/linglong_control/sim_core.hpp\n'}
[46.340856] (-) TimerEvent: {}
[46.384639] (linglong_control) StdoutLine: {'line': b'-- Installing: /workspace/delivery/linglong-jazzy-20261001-fault-stop-v1/ros2_ws/install-release/linglong_control/include/linglong_control/sim_system.hpp\n'}
[46.441086] (-) TimerEvent: {}
[46.500617] (linglong_control) StdoutLine: {'line': b'-- Installing: /workspace/delivery/linglong-jazzy-20261001-fault-stop-v1/ros2_ws/install-release/linglong_control/share/linglong_control/config\n'}
[46.541204] (-) TimerEvent: {}
[46.543487] (linglong_control) StdoutLine: {'line': b'-- Installing: /workspace/delivery/linglong-jazzy-20261001-fault-stop-v1/ros2_ws/install-release/linglong_control/share/linglong_control/config/controllers.yaml\n'}
[46.641390] (-) TimerEvent: {}
[46.682678] (linglong_control) StdoutLine: {'line': b'-- Installing: /workspace/delivery/linglong-jazzy-20261001-fault-stop-v1/ros2_ws/install-release/linglong_control/share/linglong_control/config/left_arm_hardware.yaml\n'}
[46.741640] (-) TimerEvent: {}
[46.799282] (linglong_control) StdoutLine: {'line': b'-- Installing: /workspace/delivery/linglong-jazzy-20261001-fault-stop-v1/ros2_ws/install-release/linglong_control/share/linglong_control/launch\n'}
[46.840282] (linglong_control) StdoutLine: {'line': b'-- Installing: /workspace/delivery/linglong-jazzy-20261001-fault-stop-v1/ros2_ws/install-release/linglong_control/share/linglong_control/launch/control.launch.py\n'}
[46.841782] (-) TimerEvent: {}
[46.942478] (-) TimerEvent: {}
[46.959990] (linglong_control) StdoutLine: {'line': b'-- Installing: /workspace/delivery/linglong-jazzy-20261001-fault-stop-v1/ros2_ws/install-release/linglong_control/share/linglong_control/urdf\n'}
[46.992670] (linglong_control) StdoutLine: {'line': b'-- Installing: /workspace/delivery/linglong-jazzy-20261001-fault-stop-v1/ros2_ws/install-release/linglong_control/share/linglong_control/urdf/arm_control.urdf.xacro\n'}
[47.042629] (-) TimerEvent: {}
[47.062614] (linglong_control) StdoutLine: {'line': b'-- Installing: /workspace/delivery/linglong-jazzy-20261001-fault-stop-v1/ros2_ws/install-release/linglong_control/share/linglong_control/RELEASE_ID\n'}
[47.125274] (linglong_control) StdoutLine: {'line': b'-- Installing: /workspace/delivery/linglong-jazzy-20261001-fault-stop-v1/ros2_ws/install-release/linglong_control/share/linglong_control/environment/pythonpath.sh\n'}
[47.142755] (-) TimerEvent: {}
[47.183351] (linglong_control) StdoutLine: {'line': b'-- Installing: /workspace/delivery/linglong-jazzy-20261001-fault-stop-v1/ros2_ws/install-release/linglong_control/share/linglong_control/environment/pythonpath.dsv\n'}
[47.242911] (-) TimerEvent: {}
[47.244128] (linglong_control) StdoutLine: {'line': b'-- Installing: /workspace/delivery/linglong-jazzy-20261001-fault-stop-v1/ros2_ws/install-release/linglong_control/lib/python3.12/site-packages/linglong_control_tools-0.3.0-py3.12.egg-info\n'}
[47.276088] (linglong_control) StdoutLine: {'line': b'-- Installing: /workspace/delivery/linglong-jazzy-20261001-fault-stop-v1/ros2_ws/install-release/linglong_control/lib/python3.12/site-packages/linglong_control_tools-0.3.0-py3.12.egg-info/dependency_links.txt\n'}
[47.343055] (-) TimerEvent: {}
[47.347871] (linglong_control) StdoutLine: {'line': b'-- Installing: /workspace/delivery/linglong-jazzy-20261001-fault-stop-v1/ros2_ws/install-release/linglong_control/lib/python3.12/site-packages/linglong_control_tools-0.3.0-py3.12.egg-info/PKG-INFO\n'}
[47.428045] (linglong_control) StdoutLine: {'line': b'-- Installing: /workspace/delivery/linglong-jazzy-20261001-fault-stop-v1/ros2_ws/install-release/linglong_control/lib/python3.12/site-packages/linglong_control_tools-0.3.0-py3.12.egg-info/SOURCES.txt\n'}
[47.443221] (-) TimerEvent: {}
[47.506046] (linglong_control) StdoutLine: {'line': b'-- Installing: /workspace/delivery/linglong-jazzy-20261001-fault-stop-v1/ros2_ws/install-release/linglong_control/lib/python3.12/site-packages/linglong_control_tools-0.3.0-py3.12.egg-info/top_level.txt\n'}
[47.543371] (-) TimerEvent: {}
[47.568014] (linglong_control) StdoutLine: {'line': b'-- Installing: /workspace/delivery/linglong-jazzy-20261001-fault-stop-v1/ros2_ws/install-release/linglong_control/lib/python3.12/site-packages/linglong_control_tools\n'}
[47.595438] (linglong_control) StdoutLine: {'line': b'-- Installing: /workspace/delivery/linglong-jazzy-20261001-fault-stop-v1/ros2_ws/install-release/linglong_control/lib/python3.12/site-packages/linglong_control_tools/acceptance.py\n'}
[47.643516] (-) TimerEvent: {}
[47.661903] (linglong_control) StdoutLine: {'line': b'-- Installing: /workspace/delivery/linglong-jazzy-20261001-fault-stop-v1/ros2_ws/install-release/linglong_control/lib/python3.12/site-packages/linglong_control_tools/architecture_probe.py\n'}
[47.728236] (linglong_control) StdoutLine: {'line': b'-- Installing: /workspace/delivery/linglong-jazzy-20261001-fault-stop-v1/ros2_ws/install-release/linglong_control/lib/python3.12/site-packages/linglong_control_tools/diagnostics.py\n'}
[47.743672] (-) TimerEvent: {}
[47.794967] (linglong_control) StdoutLine: {'line': b'-- Installing: /workspace/delivery/linglong-jazzy-20261001-fault-stop-v1/ros2_ws/install-release/linglong_control/lib/python3.12/site-packages/linglong_control_tools/evidence.py\n'}
[47.843822] (-) TimerEvent: {}
[47.865097] (linglong_control) StdoutLine: {'line': b'-- Installing: /workspace/delivery/linglong-jazzy-20261001-fault-stop-v1/ros2_ws/install-release/linglong_control/lib/python3.12/site-packages/linglong_control_tools/fault_snapshot.py\n'}
[47.937816] (linglong_control) StdoutLine: {'line': b'-- Installing: /workspace/delivery/linglong-jazzy-20261001-fault-stop-v1/ros2_ws/install-release/linglong_control/lib/python3.12/site-packages/linglong_control_tools/health.py\n'}
[47.943954] (-) TimerEvent: {}
[48.008506] (linglong_control) StdoutLine: {'line': b'-- Installing: /workspace/delivery/linglong-jazzy-20261001-fault-stop-v1/ros2_ws/install-release/linglong_control/lib/python3.12/site-packages/linglong_control_tools/left_arm_configuration.py\n'}
[48.044147] (-) TimerEvent: {}
[48.084085] (linglong_control) StdoutLine: {'line': b'-- Installing: /workspace/delivery/linglong-jazzy-20261001-fault-stop-v1/ros2_ws/install-release/linglong_control/lib/python3.12/site-packages/linglong_control_tools/system_client.py\n'}
[48.144299] (-) TimerEvent: {}
[48.164919] (linglong_control) StdoutLine: {'line': b'-- Installing: /workspace/delivery/linglong-jazzy-20261001-fault-stop-v1/ros2_ws/install-release/linglong_control/lib/python3.12/site-packages/linglong_control_tools/system_manager.py\n'}
[48.244450] (-) TimerEvent: {}
[48.247607] (linglong_control) StdoutLine: {'line': b'-- Installing: /workspace/delivery/linglong-jazzy-20261001-fault-stop-v1/ros2_ws/install-release/linglong_control/lib/python3.12/site-packages/linglong_control_tools/system_state.py\n'}
[48.328782] (linglong_control) StdoutLine: {'line': b'-- Installing: /workspace/delivery/linglong-jazzy-20261001-fault-stop-v1/ros2_ws/install-release/linglong_control/lib/python3.12/site-packages/linglong_control_tools/trajectory_demo.py\n'}
[48.344612] (-) TimerEvent: {}
[48.408136] (linglong_control) StdoutLine: {'line': b'-- Installing: /workspace/delivery/linglong-jazzy-20261001-fault-stop-v1/ros2_ws/install-release/linglong_control/lib/python3.12/site-packages/linglong_control_tools/__init__.py\n'}
[48.444768] (-) TimerEvent: {}
[48.545163] (-) TimerEvent: {}
[48.645703] (-) TimerEvent: {}
[48.746458] (-) TimerEvent: {}
[48.846949] (-) TimerEvent: {}
[48.947964] (-) TimerEvent: {}
[49.049235] (-) TimerEvent: {}
[49.149747] (-) TimerEvent: {}
[49.232303] (linglong_control) StdoutLine: {'line': b"Listing '/workspace/delivery/linglong-jazzy-20261001-fault-stop-v1/ros2_ws/install-release/linglong_control/lib/python3.12/site-packages/linglong_control_tools'...\n"}
[49.233281] (linglong_control) StdoutLine: {'line': b"Compiling '/workspace/delivery/linglong-jazzy-20261001-fault-stop-v1/ros2_ws/install-release/linglong_control/lib/python3.12/site-packages/linglong_control_tools/__init__.py'...\n"}
[49.234555] (linglong_control) StdoutLine: {'line': b"Compiling '/workspace/delivery/linglong-jazzy-20261001-fault-stop-v1/ros2_ws/install-release/linglong_control/lib/python3.12/site-packages/linglong_control_tools/acceptance.py'...\n"}
[49.235483] (linglong_control) StdoutLine: {'line': b"Compiling '/workspace/delivery/linglong-jazzy-20261001-fault-stop-v1/ros2_ws/install-release/linglong_control/lib/python3.12/site-packages/linglong_control_tools/architecture_probe.py'...\n"}
[49.236355] (linglong_control) StdoutLine: {'line': b"Compiling '/workspace/delivery/linglong-jazzy-20261001-fault-stop-v1/ros2_ws/install-release/linglong_control/lib/python3.12/site-packages/linglong_control_tools/diagnostics.py'...\n"}
[49.237089] (linglong_control) StdoutLine: {'line': b"Compiling '/workspace/delivery/linglong-jazzy-20261001-fault-stop-v1/ros2_ws/install-release/linglong_control/lib/python3.12/site-packages/linglong_control_tools/evidence.py'...\n"}
[49.237704] (linglong_control) StdoutLine: {'line': b"Compiling '/workspace/delivery/linglong-jazzy-20261001-fault-stop-v1/ros2_ws/install-release/linglong_control/lib/python3.12/site-packages/linglong_control_tools/fault_snapshot.py'...\n"}
[49.238564] (linglong_control) StdoutLine: {'line': b"Compiling '/workspace/delivery/linglong-jazzy-20261001-fault-stop-v1/ros2_ws/install-release/linglong_control/lib/python3.12/site-packages/linglong_control_tools/health.py'...\n"}
[49.239329] (linglong_control) StdoutLine: {'line': b"Compiling '/workspace/delivery/linglong-jazzy-20261001-fault-stop-v1/ros2_ws/install-release/linglong_control/lib/python3.12/site-packages/linglong_control_tools/left_arm_configuration.py'...\n"}
[49.239965] (linglong_control) StdoutLine: {'line': b"Compiling '/workspace/delivery/linglong-jazzy-20261001-fault-stop-v1/ros2_ws/install-release/linglong_control/lib/python3.12/site-packages/linglong_control_tools/system_client.py'...\n"}
[49.240576] (linglong_control) StdoutLine: {'line': b"Compiling '/workspace/delivery/linglong-jazzy-20261001-fault-stop-v1/ros2_ws/install-release/linglong_control/lib/python3.12/site-packages/linglong_control_tools/system_manager.py'...\n"}
[49.241231] (linglong_control) StdoutLine: {'line': b"Compiling '/workspace/delivery/linglong-jazzy-20261001-fault-stop-v1/ros2_ws/install-release/linglong_control/lib/python3.12/site-packages/linglong_control_tools/system_state.py'...\n"}
[49.241881] (linglong_control) StdoutLine: {'line': b"Compiling '/workspace/delivery/linglong-jazzy-20261001-fault-stop-v1/ros2_ws/install-release/linglong_control/lib/python3.12/site-packages/linglong_control_tools/trajectory_demo.py'...\n"}
[49.249888] (-) TimerEvent: {}
[49.261772] (linglong_control) StdoutLine: {'line': b'-- Installing: /workspace/delivery/linglong-jazzy-20261001-fault-stop-v1/ros2_ws/install-release/linglong_control/lib/linglong_control/control_diagnostics\n'}
[49.320956] (linglong_control) StdoutLine: {'line': b'-- Installing: /workspace/delivery/linglong-jazzy-20261001-fault-stop-v1/ros2_ws/install-release/linglong_control/lib/linglong_control/trajectory_demo\n'}
[49.350031] (-) TimerEvent: {}
[49.383415] (linglong_control) StdoutLine: {'line': b'-- Installing: /workspace/delivery/linglong-jazzy-20261001-fault-stop-v1/ros2_ws/install-release/linglong_control/lib/linglong_control/architecture_probe\n'}
[49.450223] (-) TimerEvent: {}
[49.470881] (linglong_control) StdoutLine: {'line': b'-- Installing: /workspace/delivery/linglong-jazzy-20261001-fault-stop-v1/ros2_ws/install-release/linglong_control/lib/linglong_control/fault_snapshot\n'}
[49.527305] (linglong_control) StdoutLine: {'line': b'-- Installing: /workspace/delivery/linglong-jazzy-20261001-fault-stop-v1/ros2_ws/install-release/linglong_control/lib/linglong_control/system_manager\n'}
[49.550430] (-) TimerEvent: {}
[49.588626] (linglong_control) StdoutLine: {'line': b'-- Installing: /workspace/delivery/linglong-jazzy-20261001-fault-stop-v1/ros2_ws/install-release/linglong_control/lib/linglong_control/system_transition\n'}
[49.650604] (-) TimerEvent: {}
[49.675345] (linglong_control) StdoutLine: {'line': b'-- Installing: /workspace/delivery/linglong-jazzy-20261001-fault-stop-v1/ros2_ws/install-release/linglong_control/share/linglong_control/environment/library_path.sh\n'}
[49.750771] (linglong_control) StdoutLine: {'line': b'-- Installing: /workspace/delivery/linglong-jazzy-20261001-fault-stop-v1/ros2_ws/install-release/linglong_control/share/linglong_control/environment/library_path.dsv\n'}
[49.752388] (-) TimerEvent: {}
[49.852812] (-) TimerEvent: {}
[49.888185] (linglong_control) StdoutLine: {'line': b'-- Installing: /workspace/delivery/linglong-jazzy-20261001-fault-stop-v1/ros2_ws/install-release/linglong_control/share/ament_index/resource_index/package_run_dependencies/linglong_control\n'}
[49.952998] (-) TimerEvent: {}
[50.053641] (-) TimerEvent: {}
[50.134929] (linglong_control) StdoutLine: {'line': b'-- Installing: /workspace/delivery/linglong-jazzy-20261001-fault-stop-v1/ros2_ws/install-release/linglong_control/share/ament_index/resource_index/parent_prefix_path/linglong_control\n'}
[50.153798] (-) TimerEvent: {}
[50.243546] (linglong_control) StdoutLine: {'line': b'-- Installing: /workspace/delivery/linglong-jazzy-20261001-fault-stop-v1/ros2_ws/install-release/linglong_control/share/linglong_control/environment/ament_prefix_path.sh\n'}
[50.254004] (-) TimerEvent: {}
[50.324345] (linglong_control) StdoutLine: {'line': b'-- Installing: /workspace/delivery/linglong-jazzy-20261001-fault-stop-v1/ros2_ws/install-release/linglong_control/share/linglong_control/environment/ament_prefix_path.dsv\n'}
[50.354130] (-) TimerEvent: {}
[50.398298] (linglong_control) StdoutLine: {'line': b'-- Installing: /workspace/delivery/linglong-jazzy-20261001-fault-stop-v1/ros2_ws/install-release/linglong_control/share/linglong_control/environment/path.sh\n'}
[50.454313] (-) TimerEvent: {}
[50.462887] (linglong_control) StdoutLine: {'line': b'-- Installing: /workspace/delivery/linglong-jazzy-20261001-fault-stop-v1/ros2_ws/install-release/linglong_control/share/linglong_control/environment/path.dsv\n'}
[50.528284] (linglong_control) StdoutLine: {'line': b'-- Installing: /workspace/delivery/linglong-jazzy-20261001-fault-stop-v1/ros2_ws/install-release/linglong_control/share/linglong_control/local_setup.bash\n'}
[50.554504] (-) TimerEvent: {}
[50.584704] (linglong_control) StdoutLine: {'line': b'-- Installing: /workspace/delivery/linglong-jazzy-20261001-fault-stop-v1/ros2_ws/install-release/linglong_control/share/linglong_control/local_setup.sh\n'}
[50.646556] (linglong_control) StdoutLine: {'line': b'-- Installing: /workspace/delivery/linglong-jazzy-20261001-fault-stop-v1/ros2_ws/install-release/linglong_control/share/linglong_control/local_setup.zsh\n'}
[50.654654] (-) TimerEvent: {}
[50.704542] (linglong_control) StdoutLine: {'line': b'-- Installing: /workspace/delivery/linglong-jazzy-20261001-fault-stop-v1/ros2_ws/install-release/linglong_control/share/linglong_control/local_setup.dsv\n'}
[50.754799] (-) TimerEvent: {}
[50.763409] (linglong_control) StdoutLine: {'line': b'-- Installing: /workspace/delivery/linglong-jazzy-20261001-fault-stop-v1/ros2_ws/install-release/linglong_control/share/linglong_control/package.dsv\n'}
[50.854939] (-) TimerEvent: {}
[50.855429] (linglong_control) StdoutLine: {'line': b'-- Installing: /workspace/delivery/linglong-jazzy-20261001-fault-stop-v1/ros2_ws/install-release/linglong_control/share/ament_index/resource_index/packages/linglong_control\n'}
[50.955104] (-) TimerEvent: {}
[50.971727] (linglong_control) StdoutLine: {'line': b'-- Installing: /workspace/delivery/linglong-jazzy-20261001-fault-stop-v1/ros2_ws/install-release/linglong_control/share/ament_index/resource_index/hardware_interface__pluginlib__plugin/linglong_control\n'}
[51.055337] (-) TimerEvent: {}
[51.093652] (linglong_control) StdoutLine: {'line': b'-- Installing: /workspace/delivery/linglong-jazzy-20261001-fault-stop-v1/ros2_ws/install-release/linglong_control/share/linglong_control/cmake/export_linglong_controlExport.cmake\n'}
[51.155484] (-) TimerEvent: {}
[51.186760] (linglong_control) StdoutLine: {'line': b'-- Installing: /workspace/delivery/linglong-jazzy-20261001-fault-stop-v1/ros2_ws/install-release/linglong_control/share/linglong_control/cmake/export_linglong_controlExport-debug.cmake\n'}
[51.255634] (-) TimerEvent: {}
[51.263600] (linglong_control) StdoutLine: {'line': b'-- Installing: /workspace/delivery/linglong-jazzy-20261001-fault-stop-v1/ros2_ws/install-release/linglong_control/share/linglong_control/cmake/ament_cmake_export_targets-extras.cmake\n'}
[51.355805] (-) TimerEvent: {}
[51.373409] (linglong_control) StdoutLine: {'line': b'-- Installing: /workspace/delivery/linglong-jazzy-20261001-fault-stop-v1/ros2_ws/install-release/linglong_control/share/linglong_control/cmake/ament_cmake_export_dependencies-extras.cmake\n'}
[51.456034] (-) TimerEvent: {}
[51.600492] (linglong_control) StdoutLine: {'line': b'-- Installing: /workspace/delivery/linglong-jazzy-20261001-fault-stop-v1/ros2_ws/install-release/linglong_control/share/linglong_control/cmake/linglong_controlConfig.cmake\n'}
[51.601632] (-) TimerEvent: {}
[51.673498] (linglong_control) StdoutLine: {'line': b'-- Installing: /workspace/delivery/linglong-jazzy-20261001-fault-stop-v1/ros2_ws/install-release/linglong_control/share/linglong_control/cmake/linglong_controlConfig-version.cmake\n'}
[51.701843] (-) TimerEvent: {}
[51.754854] (linglong_control) StdoutLine: {'line': b'-- Installing: /workspace/delivery/linglong-jazzy-20261001-fault-stop-v1/ros2_ws/install-release/linglong_control/share/linglong_control/package.xml\n'}
[51.802028] (-) TimerEvent: {}
[51.835328] (linglong_control) CommandEnded: {'returncode': 0}
[51.902191] (-) TimerEvent: {}
[52.002808] (-) TimerEvent: {}
[52.103941] (-) TimerEvent: {}
[52.204468] (-) TimerEvent: {}
[52.304984] (-) TimerEvent: {}
[52.405722] (-) TimerEvent: {}
[52.506219] (-) TimerEvent: {}
[52.606726] (-) TimerEvent: {}
[52.707285] (-) TimerEvent: {}
[52.807739] (-) TimerEvent: {}
[52.908223] (-) TimerEvent: {}
[53.009002] (-) TimerEvent: {}
[53.025806] (linglong_control) JobEnded: {'identifier': 'linglong_control', 'rc': 0}
[53.037031] (-) EventReactorShutdown: {}
