[0.260s] DEBUG:colcon:Command line arguments: ['/usr/bin/colcon', '--log-base', 'log-release', 'build', '--build-base', 'build-release', '--install-base', 'install-release', '--packages-up-to', 'linglong_control', '--cmake-args', '-DLINGLONG_CORE_ONLY=OFF', '-DCMAKE_BUILD_TYPE=Debug']
[0.260s] DEBUG:colcon:Parsed command line arguments: Namespace(log_base='log-release', log_level=None, verb_name='build', build_base='/workspace/delivery/linglong-jazzy-20261001-fault-stop-v1/ros2_ws/build-release', install_base='/workspace/delivery/linglong-jazzy-20261001-fault-stop-v1/ros2_ws/install-release', merge_install=False, symlink_install=False, test_result_base=None, continue_on_error=False, executor='parallel', parallel_workers=8, event_handlers=None, ignore_user_meta=False, metas=['./colcon.meta'], base_paths=['.'], packages_ignore=None, packages_ignore_regex=None, paths=None, packages_up_to=['linglong_control'], packages_up_to_regex=None, packages_above=None, packages_above_and_dependencies=None, packages_above_depth=None, packages_select_by_dep=None, packages_skip_by_dep=None, packages_skip_up_to=None, packages_select_build_failed=False, packages_skip_build_finished=False, packages_select_test_failures=False, packages_skip_test_passed=False, packages_select=None, packages_skip=None, packages_select_regex=None, packages_skip_regex=None, packages_start=None, packages_end=None, cmake_args=['-DLINGLONG_CORE_ONLY=OFF', '-DCMAKE_BUILD_TYPE=Debug'], cmake_target=None, cmake_target_skip_unavailable=False, cmake_clean_cache=False, cmake_clean_first=False, cmake_force_configure=False, ament_cmake_args=None, catkin_cmake_args=None, catkin_skip_building_tests=False, verb_parser=<colcon_defaults.argument_parser.defaults.DefaultArgumentsDecorator object at 0x7971d46d7e00>, verb_extension=<colcon_core.verb.build.BuildVerb object at 0x7971d4874dd0>, main=<bound method BuildVerb.main of <colcon_core.verb.build.BuildVerb object at 0x7971d4874dd0>>)
[0.354s] Level 1:colcon.colcon_core.package_discovery:discover_packages(colcon_meta) check parameters
[0.355s] Level 1:colcon.colcon_core.package_discovery:discover_packages(recursive) check parameters
[0.355s] Level 1:colcon.colcon_core.package_discovery:discover_packages(ignore) check parameters
[0.355s] Level 1:colcon.colcon_core.package_discovery:discover_packages(path) check parameters
[0.356s] Level 1:colcon.colcon_core.package_discovery:discover_packages(colcon_meta) discover
[0.356s] Level 1:colcon.colcon_core.package_discovery:discover_packages(recursive) discover
[0.356s] INFO:colcon.colcon_core.package_discovery:Crawling recursively for packages in '/workspace/delivery/linglong-jazzy-20261001-fault-stop-v1/ros2_ws'
[0.358s] Level 1:colcon.colcon_core.package_identification:_identify(.) by extensions ['ignore', 'ignore_ament_install']
[0.358s] Level 1:colcon.colcon_core.package_identification:_identify(.) by extension 'ignore'
[0.358s] Level 1:colcon.colcon_core.package_identification:_identify(.) by extension 'ignore_ament_install'
[0.359s] Level 1:colcon.colcon_core.package_identification:_identify(.) by extensions ['colcon_pkg']
[0.359s] Level 1:colcon.colcon_core.package_identification:_identify(.) by extension 'colcon_pkg'
[0.359s] Level 1:colcon.colcon_core.package_identification:_identify(.) by extensions ['colcon_meta']
[0.359s] Level 1:colcon.colcon_core.package_identification:_identify(.) by extension 'colcon_meta'
[0.359s] Level 1:colcon.colcon_core.package_identification:_identify(.) by extensions ['ros']
[0.360s] Level 1:colcon.colcon_core.package_identification:_identify(.) by extension 'ros'
[0.400s] Level 1:colcon.colcon_core.package_identification:_identify(.) by extensions ['cmake', 'python']
[0.400s] Level 1:colcon.colcon_core.package_identification:_identify(.) by extension 'cmake'
[0.401s] Level 1:colcon.colcon_core.package_identification:_identify(.) by extension 'python'
[0.401s] Level 1:colcon.colcon_core.package_identification:_identify(.) by extensions ['python_setup_py']
[0.401s] Level 1:colcon.colcon_core.package_identification:_identify(.) by extension 'python_setup_py'
[0.405s] Level 1:colcon.colcon_core.package_identification:_identify(build-release) by extensions ['ignore', 'ignore_ament_install']
[0.405s] Level 1:colcon.colcon_core.package_identification:_identify(build-release) by extension 'ignore'
[0.406s] Level 1:colcon.colcon_core.package_identification:_identify(build-release) ignored
[0.408s] Level 1:colcon.colcon_core.package_identification:_identify(install-release) by extensions ['ignore', 'ignore_ament_install']
[0.409s] Level 1:colcon.colcon_core.package_identification:_identify(install-release) by extension 'ignore'
[0.410s] Level 1:colcon.colcon_core.package_identification:_identify(install-release) ignored
[0.412s] Level 1:colcon.colcon_core.package_identification:_identify(log-release) by extensions ['ignore', 'ignore_ament_install']
[0.413s] Level 1:colcon.colcon_core.package_identification:_identify(log-release) by extension 'ignore'
[0.413s] Level 1:colcon.colcon_core.package_identification:_identify(log-release) ignored
[0.415s] Level 1:colcon.colcon_core.package_identification:_identify(src) by extensions ['ignore', 'ignore_ament_install']
[0.415s] Level 1:colcon.colcon_core.package_identification:_identify(src) by extension 'ignore'
[0.416s] Level 1:colcon.colcon_core.package_identification:_identify(src) by extension 'ignore_ament_install'
[0.417s] Level 1:colcon.colcon_core.package_identification:_identify(src) by extensions ['colcon_pkg']
[0.417s] Level 1:colcon.colcon_core.package_identification:_identify(src) by extension 'colcon_pkg'
[0.418s] Level 1:colcon.colcon_core.package_identification:_identify(src) by extensions ['colcon_meta']
[0.418s] Level 1:colcon.colcon_core.package_identification:_identify(src) by extension 'colcon_meta'
[0.419s] Level 1:colcon.colcon_core.package_identification:_identify(src) by extensions ['ros']
[0.419s] Level 1:colcon.colcon_core.package_identification:_identify(src) by extension 'ros'
[0.423s] Level 1:colcon.colcon_core.package_identification:_identify(src) by extensions ['cmake', 'python']
[0.423s] Level 1:colcon.colcon_core.package_identification:_identify(src) by extension 'cmake'
[0.424s] Level 1:colcon.colcon_core.package_identification:_identify(src) by extension 'python'
[0.424s] Level 1:colcon.colcon_core.package_identification:_identify(src) by extensions ['python_setup_py']
[0.424s] Level 1:colcon.colcon_core.package_identification:_identify(src) by extension 'python_setup_py'
[0.428s] Level 1:colcon.colcon_core.package_identification:_identify(src/arm_control) by extensions ['ignore', 'ignore_ament_install']
[0.428s] Level 1:colcon.colcon_core.package_identification:_identify(src/arm_control) by extension 'ignore'
[0.429s] Level 1:colcon.colcon_core.package_identification:_identify(src/arm_control) by extension 'ignore_ament_install'
[0.430s] Level 1:colcon.colcon_core.package_identification:_identify(src/arm_control) by extensions ['colcon_pkg']
[0.431s] Level 1:colcon.colcon_core.package_identification:_identify(src/arm_control) by extension 'colcon_pkg'
[0.431s] Level 1:colcon.colcon_core.package_identification:_identify(src/arm_control) by extensions ['colcon_meta']
[0.431s] Level 1:colcon.colcon_core.package_identification:_identify(src/arm_control) by extension 'colcon_meta'
[0.433s] Level 1:colcon.colcon_core.package_identification:_identify(src/arm_control) by extensions ['ros']
[0.433s] Level 1:colcon.colcon_core.package_identification:_identify(src/arm_control) by extension 'ros'
[0.446s] DEBUG:colcon.colcon_core.package_identification:Package 'src/arm_control' with type 'ros.ament_python' and name 'arm_control'
[0.449s] Level 1:colcon.colcon_core.package_identification:_identify(src/linglong_control) by extensions ['ignore', 'ignore_ament_install']
[0.449s] Level 1:colcon.colcon_core.package_identification:_identify(src/linglong_control) by extension 'ignore'
[0.450s] Level 1:colcon.colcon_core.package_identification:_identify(src/linglong_control) by extension 'ignore_ament_install'
[0.452s] Level 1:colcon.colcon_core.package_identification:_identify(src/linglong_control) by extensions ['colcon_pkg']
[0.453s] Level 1:colcon.colcon_core.package_identification:_identify(src/linglong_control) by extension 'colcon_pkg'
[0.454s] Level 1:colcon.colcon_core.package_identification:_identify(src/linglong_control) by extensions ['colcon_meta']
[0.454s] Level 1:colcon.colcon_core.package_identification:_identify(src/linglong_control) by extension 'colcon_meta'
[0.456s] Level 1:colcon.colcon_core.package_identification:_identify(src/linglong_control) by extensions ['ros']
[0.456s] Level 1:colcon.colcon_core.package_identification:_identify(src/linglong_control) by extension 'ros'
[0.466s] DEBUG:colcon.colcon_core.package_identification:Package 'src/linglong_control' with type 'ros.ament_cmake' and name 'linglong_control'
[0.467s] Level 1:colcon.colcon_core.package_identification:_identify(tools) by extensions ['ignore', 'ignore_ament_install']
[0.467s] Level 1:colcon.colcon_core.package_identification:_identify(tools) by extension 'ignore'
[0.468s] Level 1:colcon.colcon_core.package_identification:_identify(tools) by extension 'ignore_ament_install'
[0.468s] Level 1:colcon.colcon_core.package_identification:_identify(tools) by extensions ['colcon_pkg']
[0.468s] Level 1:colcon.colcon_core.package_identification:_identify(tools) by extension 'colcon_pkg'
[0.469s] Level 1:colcon.colcon_core.package_identification:_identify(tools) by extensions ['colcon_meta']
[0.469s] Level 1:colcon.colcon_core.package_identification:_identify(tools) by extension 'colcon_meta'
[0.469s] Level 1:colcon.colcon_core.package_identification:_identify(tools) by extensions ['ros']
[0.469s] Level 1:colcon.colcon_core.package_identification:_identify(tools) by extension 'ros'
[0.470s] Level 1:colcon.colcon_core.package_identification:_identify(tools) by extensions ['cmake', 'python']
[0.471s] Level 1:colcon.colcon_core.package_identification:_identify(tools) by extension 'cmake'
[0.471s] Level 1:colcon.colcon_core.package_identification:_identify(tools) by extension 'python'
[0.471s] Level 1:colcon.colcon_core.package_identification:_identify(tools) by extensions ['python_setup_py']
[0.472s] Level 1:colcon.colcon_core.package_identification:_identify(tools) by extension 'python_setup_py'
[0.472s] Level 1:colcon.colcon_core.package_discovery:discover_packages(recursive) using defaults
[0.472s] Level 1:colcon.colcon_core.package_discovery:discover_packages(ignore) discover
[0.472s] Level 1:colcon.colcon_core.package_discovery:discover_packages(ignore) using defaults
[0.472s] Level 1:colcon.colcon_core.package_discovery:discover_packages(path) discover
[0.473s] Level 1:colcon.colcon_core.package_discovery:discover_packages(path) using defaults
[0.516s] Level 5:colcon.colcon_core.verb:set package 'arm_control' build argument 'cmake_args' from command line to '['-DLINGLONG_CORE_ONLY=OFF', '-DCMAKE_BUILD_TYPE=Debug']'
[0.517s] Level 5:colcon.colcon_core.verb:set package 'arm_control' build argument 'cmake_target' from command line to 'None'
[0.517s] Level 5:colcon.colcon_core.verb:set package 'arm_control' build argument 'cmake_target_skip_unavailable' from command line to 'False'
[0.517s] Level 5:colcon.colcon_core.verb:set package 'arm_control' build argument 'cmake_clean_cache' from command line to 'False'
[0.517s] Level 5:colcon.colcon_core.verb:set package 'arm_control' build argument 'cmake_clean_first' from command line to 'False'
[0.517s] Level 5:colcon.colcon_core.verb:set package 'arm_control' build argument 'cmake_force_configure' from command line to 'False'
[0.518s] Level 5:colcon.colcon_core.verb:set package 'arm_control' build argument 'ament_cmake_args' from command line to 'None'
[0.518s] Level 5:colcon.colcon_core.verb:set package 'arm_control' build argument 'catkin_cmake_args' from command line to 'None'
[0.518s] Level 5:colcon.colcon_core.verb:set package 'arm_control' build argument 'catkin_skip_building_tests' from command line to 'False'
[0.518s] DEBUG:colcon.colcon_core.verb:Building package 'arm_control' with the following arguments: {'ament_cmake_args': None, 'build_base': '/workspace/delivery/linglong-jazzy-20261001-fault-stop-v1/ros2_ws/build-release/arm_control', 'catkin_cmake_args': None, 'catkin_skip_building_tests': False, 'cmake_args': ['-DLINGLONG_CORE_ONLY=OFF', '-DCMAKE_BUILD_TYPE=Debug'], 'cmake_clean_cache': False, 'cmake_clean_first': False, 'cmake_force_configure': False, 'cmake_target': None, 'cmake_target_skip_unavailable': False, 'install_base': '/workspace/delivery/linglong-jazzy-20261001-fault-stop-v1/ros2_ws/install-release/arm_control', 'merge_install': False, 'path': '/workspace/delivery/linglong-jazzy-20261001-fault-stop-v1/ros2_ws/src/arm_control', 'symlink_install': False, 'test_result_base': None}
[0.518s] Level 5:colcon.colcon_core.verb:set package 'linglong_control' build argument 'cmake_args' from command line to '['-DLINGLONG_CORE_ONLY=OFF', '-DCMAKE_BUILD_TYPE=Debug']'
[0.519s] Level 5:colcon.colcon_core.verb:set package 'linglong_control' build argument 'cmake_target' from command line to 'None'
[0.519s] Level 5:colcon.colcon_core.verb:set package 'linglong_control' build argument 'cmake_target_skip_unavailable' from command line to 'False'
[0.519s] Level 5:colcon.colcon_core.verb:set package 'linglong_control' build argument 'cmake_clean_cache' from command line to 'False'
[0.519s] Level 5:colcon.colcon_core.verb:set package 'linglong_control' build argument 'cmake_clean_first' from command line to 'False'
[0.519s] Level 5:colcon.colcon_core.verb:set package 'linglong_control' build argument 'cmake_force_configure' from command line to 'False'
[0.520s] Level 5:colcon.colcon_core.verb:set package 'linglong_control' build argument 'ament_cmake_args' from command line to 'None'
[0.520s] Level 5:colcon.colcon_core.verb:set package 'linglong_control' build argument 'catkin_cmake_args' from command line to 'None'
[0.520s] Level 5:colcon.colcon_core.verb:set package 'linglong_control' build argument 'catkin_skip_building_tests' from command line to 'False'
[0.520s] DEBUG:colcon.colcon_core.verb:Building package 'linglong_control' with the following arguments: {'ament_cmake_args': None, 'build_base': '/workspace/delivery/linglong-jazzy-20261001-fault-stop-v1/ros2_ws/build-release/linglong_control', 'catkin_cmake_args': None, 'catkin_skip_building_tests': False, 'cmake_args': ['-DLINGLONG_CORE_ONLY=OFF', '-DCMAKE_BUILD_TYPE=Debug'], 'cmake_clean_cache': False, 'cmake_clean_first': False, 'cmake_force_configure': False, 'cmake_target': None, 'cmake_target_skip_unavailable': False, 'install_base': '/workspace/delivery/linglong-jazzy-20261001-fault-stop-v1/ros2_ws/install-release/linglong_control', 'merge_install': False, 'path': '/workspace/delivery/linglong-jazzy-20261001-fault-stop-v1/ros2_ws/src/linglong_control', 'symlink_install': False, 'test_result_base': None}
[0.520s] INFO:colcon.colcon_core.executor:Executing jobs using 'parallel' executor
[0.522s] DEBUG:colcon.colcon_parallel_executor.executor.parallel:run_until_complete
[0.523s] INFO:colcon.colcon_ros.task.ament_python.build:Building ROS package in '/workspace/delivery/linglong-jazzy-20261001-fault-stop-v1/ros2_ws/src/arm_control' with build type 'ament_python'
[0.523s] Level 1:colcon.colcon_core.shell:create_environment_hook('arm_control', 'ament_prefix_path')
[0.529s] INFO:colcon.colcon_core.plugin_system:Skipping extension 'colcon_core.shell.bat': Not used on non-Windows systems
[0.530s] INFO:colcon.colcon_core.shell:Creating environment hook '/workspace/delivery/linglong-jazzy-20261001-fault-stop-v1/ros2_ws/install-release/arm_control/share/arm_control/hook/ament_prefix_path.ps1'
[0.545s] INFO:colcon.colcon_core.shell:Creating environment descriptor '/workspace/delivery/linglong-jazzy-20261001-fault-stop-v1/ros2_ws/install-release/arm_control/share/arm_control/hook/ament_prefix_path.dsv'
[0.557s] INFO:colcon.colcon_core.shell:Creating environment hook '/workspace/delivery/linglong-jazzy-20261001-fault-stop-v1/ros2_ws/install-release/arm_control/share/arm_control/hook/ament_prefix_path.sh'
[0.570s] INFO:colcon.colcon_core.shell:Skip shell extension 'powershell' for command environment: Not usable outside of PowerShell
[0.570s] DEBUG:colcon.colcon_core.shell:Skip shell extension 'dsv' for command environment
[0.819s] INFO:colcon.colcon_core.task.python.build:Building Python package in '/workspace/delivery/linglong-jazzy-20261001-fault-stop-v1/ros2_ws/src/arm_control'
[0.820s] INFO:colcon.colcon_core.shell:Skip shell extension 'powershell' for command environment: Not usable outside of PowerShell
[0.820s] DEBUG:colcon.colcon_core.shell:Skip shell extension 'dsv' for command environment
[1.994s] DEBUG:colcon.colcon_core.task.python.build:Available setuptools commands: install_scripts, dist_info, install_egg_info, install_headers, editable_wheel, bdist_egg, install_data, install_lib, build_clib, saveopts, bdist_rpm, test, bdist, egg_info, build_ext, build_scripts, symlink_data, build_py, sdist, setopt, register, check, alias, develop, upload_docs, build, bdist_dumb, clean, easy_install, rotate, install, upload
[2.011s] DEBUG:colcon.colcon_core.event_handler.log_command:Invoking command in '/workspace/delivery/linglong-jazzy-20261001-fault-stop-v1/ros2_ws/src/arm_control': PYTHONPATH=/workspace/delivery/linglong-jazzy-20261001-fault-stop-v1/ros2_ws/build-release/arm_control/prefix_override:/usr/lib/python3/dist-packages/colcon_core/task/python/colcon_distutils_commands:/workspace/delivery/linglong-jazzy-20261001-fault-stop-v1/ros2_ws/install-release/arm_control/lib/python3.12/site-packages:${PYTHONPATH} /usr/bin/python3 -W ignore:setup.py install is deprecated -W ignore:easy_install command is deprecated setup.py egg_info --egg-base ../../build-release/arm_control build --build-base /workspace/delivery/linglong-jazzy-20261001-fault-stop-v1/ros2_ws/build-release/arm_control/build install --record /workspace/delivery/linglong-jazzy-20261001-fault-stop-v1/ros2_ws/build-release/arm_control/install.log --install-scripts $base/lib/arm_control --single-version-externally-managed install_data
[3.634s] DEBUG:colcon.colcon_core.event_handler.log_command:Invoked command in '/workspace/delivery/linglong-jazzy-20261001-fault-stop-v1/ros2_ws/src/arm_control' returned '0': PYTHONPATH=/workspace/delivery/linglong-jazzy-20261001-fault-stop-v1/ros2_ws/build-release/arm_control/prefix_override:/usr/lib/python3/dist-packages/colcon_core/task/python/colcon_distutils_commands:/workspace/delivery/linglong-jazzy-20261001-fault-stop-v1/ros2_ws/install-release/arm_control/lib/python3.12/site-packages:${PYTHONPATH} /usr/bin/python3 -W ignore:setup.py install is deprecated -W ignore:easy_install command is deprecated setup.py egg_info --egg-base ../../build-release/arm_control build --build-base /workspace/delivery/linglong-jazzy-20261001-fault-stop-v1/ros2_ws/build-release/arm_control/build install --record /workspace/delivery/linglong-jazzy-20261001-fault-stop-v1/ros2_ws/build-release/arm_control/install.log --install-scripts $base/lib/arm_control --single-version-externally-managed install_data
[3.640s] Level 1:colcon.colcon_core.environment:checking '/workspace/delivery/linglong-jazzy-20261001-fault-stop-v1/ros2_ws/install-release/arm_control' for CMake module files
[3.681s] Level 1:colcon.colcon_core.environment:checking '/workspace/delivery/linglong-jazzy-20261001-fault-stop-v1/ros2_ws/install-release/arm_control' for CMake config files
[3.767s] Level 1:colcon.colcon_core.environment:checking '/workspace/delivery/linglong-jazzy-20261001-fault-stop-v1/ros2_ws/install-release/arm_control/lib'
[3.772s] Level 1:colcon.colcon_core.environment:checking '/workspace/delivery/linglong-jazzy-20261001-fault-stop-v1/ros2_ws/install-release/arm_control/bin'
[3.773s] Level 1:colcon.colcon_core.environment:checking '/workspace/delivery/linglong-jazzy-20261001-fault-stop-v1/ros2_ws/install-release/arm_control/lib/pkgconfig/arm_control.pc'
[3.775s] Level 1:colcon.colcon_core.environment:checking '/workspace/delivery/linglong-jazzy-20261001-fault-stop-v1/ros2_ws/install-release/arm_control/lib/python3.12/site-packages'
[3.777s] Level 1:colcon.colcon_core.shell:create_environment_hook('arm_control', 'pythonpath')
[3.778s] INFO:colcon.colcon_core.shell:Creating environment hook '/workspace/delivery/linglong-jazzy-20261001-fault-stop-v1/ros2_ws/install-release/arm_control/share/arm_control/hook/pythonpath.ps1'
[3.790s] INFO:colcon.colcon_core.shell:Creating environment descriptor '/workspace/delivery/linglong-jazzy-20261001-fault-stop-v1/ros2_ws/install-release/arm_control/share/arm_control/hook/pythonpath.dsv'
[3.801s] INFO:colcon.colcon_core.shell:Creating environment hook '/workspace/delivery/linglong-jazzy-20261001-fault-stop-v1/ros2_ws/install-release/arm_control/share/arm_control/hook/pythonpath.sh'
[3.815s] Level 1:colcon.colcon_core.environment:checking '/workspace/delivery/linglong-jazzy-20261001-fault-stop-v1/ros2_ws/install-release/arm_control/bin'
[3.816s] Level 1:colcon.colcon_core.environment:create_environment_scripts_only(arm_control)
[3.817s] INFO:colcon.colcon_core.shell:Creating package script '/workspace/delivery/linglong-jazzy-20261001-fault-stop-v1/ros2_ws/install-release/arm_control/share/arm_control/package.ps1'
[3.829s] INFO:colcon.colcon_core.shell:Creating package descriptor '/workspace/delivery/linglong-jazzy-20261001-fault-stop-v1/ros2_ws/install-release/arm_control/share/arm_control/package.dsv'
[3.844s] INFO:colcon.colcon_core.shell:Creating package script '/workspace/delivery/linglong-jazzy-20261001-fault-stop-v1/ros2_ws/install-release/arm_control/share/arm_control/package.sh'
[3.859s] INFO:colcon.colcon_core.shell:Creating package script '/workspace/delivery/linglong-jazzy-20261001-fault-stop-v1/ros2_ws/install-release/arm_control/share/arm_control/package.bash'
[3.876s] INFO:colcon.colcon_core.shell:Creating package script '/workspace/delivery/linglong-jazzy-20261001-fault-stop-v1/ros2_ws/install-release/arm_control/share/arm_control/package.zsh'
[3.892s] Level 1:colcon.colcon_core.environment:create_file_with_runtime_dependencies(/workspace/delivery/linglong-jazzy-20261001-fault-stop-v1/ros2_ws/install-release/arm_control/share/colcon-core/packages/arm_control)
[3.903s] INFO:colcon.colcon_ros.task.ament_cmake.build:Building ROS package in '/workspace/delivery/linglong-jazzy-20261001-fault-stop-v1/ros2_ws/src/linglong_control' with build type 'ament_cmake'
[3.904s] INFO:colcon.colcon_cmake.task.cmake.build:Building CMake package in '/workspace/delivery/linglong-jazzy-20261001-fault-stop-v1/ros2_ws/src/linglong_control'
[3.905s] INFO:colcon.colcon_core.shell:Skip shell extension 'powershell' for command environment: Not usable outside of PowerShell
[3.906s] DEBUG:colcon.colcon_core.shell:Skip shell extension 'dsv' for command environment
[3.997s] DEBUG:colcon.colcon_core.event_handler.log_command:Invoking command in '/workspace/delivery/linglong-jazzy-20261001-fault-stop-v1/ros2_ws/build-release/linglong_control': AMENT_PREFIX_PATH=/workspace/delivery/linglong-jazzy-20261001-fault-stop-v1/ros2_ws/install-release/arm_control:${AMENT_PREFIX_PATH} CMAKE_PREFIX_PATH=${CMAKE_PREFIX_PATH}:/opt/ros/jazzy PYTHONPATH=/workspace/delivery/linglong-jazzy-20261001-fault-stop-v1/ros2_ws/install-release/arm_control/lib/python3.12/site-packages:${PYTHONPATH} /usr/bin/cmake /workspace/delivery/linglong-jazzy-20261001-fault-stop-v1/ros2_ws/src/linglong_control -DLINGLONG_CORE_ONLY=OFF -DCMAKE_BUILD_TYPE=Debug -DCMAKE_INSTALL_PREFIX=/workspace/delivery/linglong-jazzy-20261001-fault-stop-v1/ros2_ws/install-release/linglong_control
[17.989s] DEBUG:colcon.colcon_core.event_handler.log_command:Invoked command in '/workspace/delivery/linglong-jazzy-20261001-fault-stop-v1/ros2_ws/build-release/linglong_control' returned '0': AMENT_PREFIX_PATH=/workspace/delivery/linglong-jazzy-20261001-fault-stop-v1/ros2_ws/install-release/arm_control:${AMENT_PREFIX_PATH} CMAKE_PREFIX_PATH=${CMAKE_PREFIX_PATH}:/opt/ros/jazzy PYTHONPATH=/workspace/delivery/linglong-jazzy-20261001-fault-stop-v1/ros2_ws/install-release/arm_control/lib/python3.12/site-packages:${PYTHONPATH} /usr/bin/cmake /workspace/delivery/linglong-jazzy-20261001-fault-stop-v1/ros2_ws/src/linglong_control -DLINGLONG_CORE_ONLY=OFF -DCMAKE_BUILD_TYPE=Debug -DCMAKE_INSTALL_PREFIX=/workspace/delivery/linglong-jazzy-20261001-fault-stop-v1/ros2_ws/install-release/linglong_control
[17.997s] DEBUG:colcon.colcon_core.event_handler.log_command:Invoking command in '/workspace/delivery/linglong-jazzy-20261001-fault-stop-v1/ros2_ws/build-release/linglong_control': AMENT_PREFIX_PATH=/workspace/delivery/linglong-jazzy-20261001-fault-stop-v1/ros2_ws/install-release/arm_control:${AMENT_PREFIX_PATH} CMAKE_PREFIX_PATH=${CMAKE_PREFIX_PATH}:/opt/ros/jazzy PYTHONPATH=/workspace/delivery/linglong-jazzy-20261001-fault-stop-v1/ros2_ws/install-release/arm_control/lib/python3.12/site-packages:${PYTHONPATH} /usr/bin/cmake --build /workspace/delivery/linglong-jazzy-20261001-fault-stop-v1/ros2_ws/build-release/linglong_control -- -j8 -l8
[45.526s] DEBUG:colcon.colcon_core.event_handler.log_command:Invoked command in '/workspace/delivery/linglong-jazzy-20261001-fault-stop-v1/ros2_ws/build-release/linglong_control' returned '0': AMENT_PREFIX_PATH=/workspace/delivery/linglong-jazzy-20261001-fault-stop-v1/ros2_ws/install-release/arm_control:${AMENT_PREFIX_PATH} CMAKE_PREFIX_PATH=${CMAKE_PREFIX_PATH}:/opt/ros/jazzy PYTHONPATH=/workspace/delivery/linglong-jazzy-20261001-fault-stop-v1/ros2_ws/install-release/arm_control/lib/python3.12/site-packages:${PYTHONPATH} /usr/bin/cmake --build /workspace/delivery/linglong-jazzy-20261001-fault-stop-v1/ros2_ws/build-release/linglong_control -- -j8 -l8
[45.555s] DEBUG:colcon.colcon_core.event_handler.log_command:Invoking command in '/workspace/delivery/linglong-jazzy-20261001-fault-stop-v1/ros2_ws/build-release/linglong_control': AMENT_PREFIX_PATH=/workspace/delivery/linglong-jazzy-20261001-fault-stop-v1/ros2_ws/install-release/arm_control:${AMENT_PREFIX_PATH} CMAKE_PREFIX_PATH=${CMAKE_PREFIX_PATH}:/opt/ros/jazzy PYTHONPATH=/workspace/delivery/linglong-jazzy-20261001-fault-stop-v1/ros2_ws/install-release/arm_control/lib/python3.12/site-packages:${PYTHONPATH} /usr/bin/cmake --install /workspace/delivery/linglong-jazzy-20261001-fault-stop-v1/ros2_ws/build-release/linglong_control
[52.358s] Level 1:colcon.colcon_core.environment:create_environment_scripts_only(linglong_control)
[52.360s] Level 1:colcon.colcon_core.environment:checking '/workspace/delivery/linglong-jazzy-20261001-fault-stop-v1/ros2_ws/install-release/linglong_control' for CMake module files
[52.362s] DEBUG:colcon.colcon_core.event_handler.log_command:Invoked command in '/workspace/delivery/linglong-jazzy-20261001-fault-stop-v1/ros2_ws/build-release/linglong_control' returned '0': AMENT_PREFIX_PATH=/workspace/delivery/linglong-jazzy-20261001-fault-stop-v1/ros2_ws/install-release/arm_control:${AMENT_PREFIX_PATH} CMAKE_PREFIX_PATH=${CMAKE_PREFIX_PATH}:/opt/ros/jazzy PYTHONPATH=/workspace/delivery/linglong-jazzy-20261001-fault-stop-v1/ros2_ws/install-release/arm_control/lib/python3.12/site-packages:${PYTHONPATH} /usr/bin/cmake --install /workspace/delivery/linglong-jazzy-20261001-fault-stop-v1/ros2_ws/build-release/linglong_control
[52.550s] Level 1:colcon.colcon_core.environment:checking '/workspace/delivery/linglong-jazzy-20261001-fault-stop-v1/ros2_ws/install-release/linglong_control' for CMake config files
[52.729s] Level 1:colcon.colcon_core.shell:create_environment_hook('linglong_control', 'cmake_prefix_path')
[52.729s] INFO:colcon.colcon_core.shell:Creating environment hook '/workspace/delivery/linglong-jazzy-20261001-fault-stop-v1/ros2_ws/install-release/linglong_control/share/linglong_control/hook/cmake_prefix_path.ps1'
[52.744s] INFO:colcon.colcon_core.shell:Creating environment descriptor '/workspace/delivery/linglong-jazzy-20261001-fault-stop-v1/ros2_ws/install-release/linglong_control/share/linglong_control/hook/cmake_prefix_path.dsv'
[52.764s] INFO:colcon.colcon_core.shell:Creating environment hook '/workspace/delivery/linglong-jazzy-20261001-fault-stop-v1/ros2_ws/install-release/linglong_control/share/linglong_control/hook/cmake_prefix_path.sh'
[52.791s] Level 1:colcon.colcon_core.environment:checking '/workspace/delivery/linglong-jazzy-20261001-fault-stop-v1/ros2_ws/install-release/linglong_control/lib'
[52.801s] Level 1:colcon.colcon_core.shell:create_environment_hook('linglong_control', 'ld_library_path_lib')
[52.802s] INFO:colcon.colcon_core.shell:Creating environment hook '/workspace/delivery/linglong-jazzy-20261001-fault-stop-v1/ros2_ws/install-release/linglong_control/share/linglong_control/hook/ld_library_path_lib.ps1'
[52.826s] INFO:colcon.colcon_core.shell:Creating environment descriptor '/workspace/delivery/linglong-jazzy-20261001-fault-stop-v1/ros2_ws/install-release/linglong_control/share/linglong_control/hook/ld_library_path_lib.dsv'
[52.844s] INFO:colcon.colcon_core.shell:Creating environment hook '/workspace/delivery/linglong-jazzy-20261001-fault-stop-v1/ros2_ws/install-release/linglong_control/share/linglong_control/hook/ld_library_path_lib.sh'
[52.862s] Level 1:colcon.colcon_core.environment:checking '/workspace/delivery/linglong-jazzy-20261001-fault-stop-v1/ros2_ws/install-release/linglong_control/bin'
[52.864s] Level 1:colcon.colcon_core.environment:checking '/workspace/delivery/linglong-jazzy-20261001-fault-stop-v1/ros2_ws/install-release/linglong_control/lib/pkgconfig/linglong_control.pc'
[52.867s] Level 1:colcon.colcon_core.environment:checking '/workspace/delivery/linglong-jazzy-20261001-fault-stop-v1/ros2_ws/install-release/linglong_control/lib/python3.12/site-packages'
[52.872s] Level 1:colcon.colcon_core.shell:create_environment_hook('linglong_control', 'pythonpath')
[52.874s] INFO:colcon.colcon_core.shell:Creating environment hook '/workspace/delivery/linglong-jazzy-20261001-fault-stop-v1/ros2_ws/install-release/linglong_control/share/linglong_control/hook/pythonpath.ps1'
[52.895s] INFO:colcon.colcon_core.shell:Creating environment descriptor '/workspace/delivery/linglong-jazzy-20261001-fault-stop-v1/ros2_ws/install-release/linglong_control/share/linglong_control/hook/pythonpath.dsv'
[52.914s] INFO:colcon.colcon_core.shell:Creating environment hook '/workspace/delivery/linglong-jazzy-20261001-fault-stop-v1/ros2_ws/install-release/linglong_control/share/linglong_control/hook/pythonpath.sh'
[52.933s] Level 1:colcon.colcon_core.environment:checking '/workspace/delivery/linglong-jazzy-20261001-fault-stop-v1/ros2_ws/install-release/linglong_control/bin'
[52.935s] INFO:colcon.colcon_core.shell:Creating package script '/workspace/delivery/linglong-jazzy-20261001-fault-stop-v1/ros2_ws/install-release/linglong_control/share/linglong_control/package.ps1'
[52.954s] INFO:colcon.colcon_core.shell:Creating package descriptor '/workspace/delivery/linglong-jazzy-20261001-fault-stop-v1/ros2_ws/install-release/linglong_control/share/linglong_control/package.dsv'
[52.970s] INFO:colcon.colcon_core.shell:Creating package script '/workspace/delivery/linglong-jazzy-20261001-fault-stop-v1/ros2_ws/install-release/linglong_control/share/linglong_control/package.sh'
[52.988s] INFO:colcon.colcon_core.shell:Creating package script '/workspace/delivery/linglong-jazzy-20261001-fault-stop-v1/ros2_ws/install-release/linglong_control/share/linglong_control/package.bash'
[53.007s] INFO:colcon.colcon_core.shell:Creating package script '/workspace/delivery/linglong-jazzy-20261001-fault-stop-v1/ros2_ws/install-release/linglong_control/share/linglong_control/package.zsh'
[53.023s] Level 1:colcon.colcon_core.environment:create_file_with_runtime_dependencies(/workspace/delivery/linglong-jazzy-20261001-fault-stop-v1/ros2_ws/install-release/linglong_control/share/colcon-core/packages/linglong_control)
[53.062s] Level 1:colcon.colcon_core.environment:create_environment_scripts_only(linglong_control)
[53.062s] Level 1:colcon.colcon_core.environment:checking '/workspace/delivery/linglong-jazzy-20261001-fault-stop-v1/ros2_ws/install-release/linglong_control' for CMake module files
[53.199s] Level 1:colcon.colcon_core.environment:checking '/workspace/delivery/linglong-jazzy-20261001-fault-stop-v1/ros2_ws/install-release/linglong_control' for CMake config files
[53.327s] Level 1:colcon.colcon_core.shell:create_environment_hook('linglong_control', 'cmake_prefix_path')
[53.327s] INFO:colcon.colcon_core.shell:Creating environment hook '/workspace/delivery/linglong-jazzy-20261001-fault-stop-v1/ros2_ws/install-release/linglong_control/share/linglong_control/hook/cmake_prefix_path.ps1'
[53.340s] INFO:colcon.colcon_core.shell:Creating environment descriptor '/workspace/delivery/linglong-jazzy-20261001-fault-stop-v1/ros2_ws/install-release/linglong_control/share/linglong_control/hook/cmake_prefix_path.dsv'
[53.353s] INFO:colcon.colcon_core.shell:Creating environment hook '/workspace/delivery/linglong-jazzy-20261001-fault-stop-v1/ros2_ws/install-release/linglong_control/share/linglong_control/hook/cmake_prefix_path.sh'
[53.367s] Level 1:colcon.colcon_core.environment:checking '/workspace/delivery/linglong-jazzy-20261001-fault-stop-v1/ros2_ws/install-release/linglong_control/lib'
[53.372s] Level 1:colcon.colcon_core.shell:create_environment_hook('linglong_control', 'ld_library_path_lib')
[53.372s] INFO:colcon.colcon_core.shell:Creating environment hook '/workspace/delivery/linglong-jazzy-20261001-fault-stop-v1/ros2_ws/install-release/linglong_control/share/linglong_control/hook/ld_library_path_lib.ps1'
[53.383s] INFO:colcon.colcon_core.shell:Creating environment descriptor '/workspace/delivery/linglong-jazzy-20261001-fault-stop-v1/ros2_ws/install-release/linglong_control/share/linglong_control/hook/ld_library_path_lib.dsv'
[53.395s] INFO:colcon.colcon_core.shell:Creating environment hook '/workspace/delivery/linglong-jazzy-20261001-fault-stop-v1/ros2_ws/install-release/linglong_control/share/linglong_control/hook/ld_library_path_lib.sh'
[53.410s] Level 1:colcon.colcon_core.environment:checking '/workspace/delivery/linglong-jazzy-20261001-fault-stop-v1/ros2_ws/install-release/linglong_control/bin'
[53.411s] Level 1:colcon.colcon_core.environment:checking '/workspace/delivery/linglong-jazzy-20261001-fault-stop-v1/ros2_ws/install-release/linglong_control/lib/pkgconfig/linglong_control.pc'
[53.413s] Level 1:colcon.colcon_core.environment:checking '/workspace/delivery/linglong-jazzy-20261001-fault-stop-v1/ros2_ws/install-release/linglong_control/lib/python3.12/site-packages'
[53.416s] Level 1:colcon.colcon_core.shell:create_environment_hook('linglong_control', 'pythonpath')
[53.417s] INFO:colcon.colcon_core.shell:Creating environment hook '/workspace/delivery/linglong-jazzy-20261001-fault-stop-v1/ros2_ws/install-release/linglong_control/share/linglong_control/hook/pythonpath.ps1'
[53.432s] INFO:colcon.colcon_core.shell:Creating environment descriptor '/workspace/delivery/linglong-jazzy-20261001-fault-stop-v1/ros2_ws/install-release/linglong_control/share/linglong_control/hook/pythonpath.dsv'
[53.448s] INFO:colcon.colcon_core.shell:Creating environment hook '/workspace/delivery/linglong-jazzy-20261001-fault-stop-v1/ros2_ws/install-release/linglong_control/share/linglong_control/hook/pythonpath.sh'
[53.466s] Level 1:colcon.colcon_core.environment:checking '/workspace/delivery/linglong-jazzy-20261001-fault-stop-v1/ros2_ws/install-release/linglong_control/bin'
[53.468s] INFO:colcon.colcon_core.shell:Creating package script '/workspace/delivery/linglong-jazzy-20261001-fault-stop-v1/ros2_ws/install-release/linglong_control/share/linglong_control/package.ps1'
[53.482s] INFO:colcon.colcon_core.shell:Creating package descriptor '/workspace/delivery/linglong-jazzy-20261001-fault-stop-v1/ros2_ws/install-release/linglong_control/share/linglong_control/package.dsv'
[53.495s] INFO:colcon.colcon_core.shell:Creating package script '/workspace/delivery/linglong-jazzy-20261001-fault-stop-v1/ros2_ws/install-release/linglong_control/share/linglong_control/package.sh'
[53.507s] INFO:colcon.colcon_core.shell:Creating package script '/workspace/delivery/linglong-jazzy-20261001-fault-stop-v1/ros2_ws/install-release/linglong_control/share/linglong_control/package.bash'
[53.522s] INFO:colcon.colcon_core.shell:Creating package script '/workspace/delivery/linglong-jazzy-20261001-fault-stop-v1/ros2_ws/install-release/linglong_control/share/linglong_control/package.zsh'
[53.538s] Level 1:colcon.colcon_core.environment:create_file_with_runtime_dependencies(/workspace/delivery/linglong-jazzy-20261001-fault-stop-v1/ros2_ws/install-release/linglong_control/share/colcon-core/packages/linglong_control)
[53.549s] DEBUG:colcon.colcon_parallel_executor.executor.parallel:closing loop
[53.549s] DEBUG:colcon.colcon_parallel_executor.executor.parallel:loop closed
[53.550s] DEBUG:colcon.colcon_parallel_executor.executor.parallel:run_until_complete finished with '0'
[53.550s] DEBUG:colcon.colcon_core.event_reactor:joining thread
[53.590s] INFO:colcon.colcon_core.plugin_system:Skipping extension 'colcon_notification.desktop_notification.notify_send': Could not find 'notify-send'
[53.591s] INFO:colcon.colcon_core.plugin_system:Skipping extension 'colcon_notification.desktop_notification.terminal_notifier': Not used on non-Darwin systems
[53.592s] INFO:colcon.colcon_core.plugin_system:Skipping extension 'colcon_notification.desktop_notification.win32': Not used on non-Windows systems
[53.592s] INFO:colcon.colcon_notification.desktop_notification:Sending desktop notification using 'notify2'
[53.592s] DEBUG:colcon.colcon_notification.desktop_notification.notify2:Failed to initialize notify2: org.freedesktop.DBus.Error.NotSupported: Unable to autolaunch a dbus-daemon without a $DISPLAY for X11
[53.593s] DEBUG:colcon.colcon_core.event_reactor:joined thread
[53.593s] INFO:colcon.colcon_core.shell:Creating prefix script '/workspace/delivery/linglong-jazzy-20261001-fault-stop-v1/ros2_ws/install-release/local_setup.ps1'
[53.600s] INFO:colcon.colcon_core.shell:Creating prefix util module '/workspace/delivery/linglong-jazzy-20261001-fault-stop-v1/ros2_ws/install-release/_local_setup_util_ps1.py'
[53.610s] INFO:colcon.colcon_core.shell:Creating prefix chain script '/workspace/delivery/linglong-jazzy-20261001-fault-stop-v1/ros2_ws/install-release/setup.ps1'
[53.618s] INFO:colcon.colcon_core.shell:Creating prefix script '/workspace/delivery/linglong-jazzy-20261001-fault-stop-v1/ros2_ws/install-release/local_setup.sh'
[53.627s] INFO:colcon.colcon_core.shell:Creating prefix util module '/workspace/delivery/linglong-jazzy-20261001-fault-stop-v1/ros2_ws/install-release/_local_setup_util_sh.py'
[53.634s] INFO:colcon.colcon_core.shell:Creating prefix chain script '/workspace/delivery/linglong-jazzy-20261001-fault-stop-v1/ros2_ws/install-release/setup.sh'
[53.645s] INFO:colcon.colcon_core.shell:Creating prefix script '/workspace/delivery/linglong-jazzy-20261001-fault-stop-v1/ros2_ws/install-release/local_setup.bash'
[53.666s] INFO:colcon.colcon_core.shell:Creating prefix chain script '/workspace/delivery/linglong-jazzy-20261001-fault-stop-v1/ros2_ws/install-release/setup.bash'
[53.676s] INFO:colcon.colcon_core.shell:Creating prefix script '/workspace/delivery/linglong-jazzy-20261001-fault-stop-v1/ros2_ws/install-release/local_setup.zsh'
[53.683s] INFO:colcon.colcon_core.shell:Creating prefix chain script '/workspace/delivery/linglong-jazzy-20261001-fault-stop-v1/ros2_ws/install-release/setup.zsh'
