C:\Users\RX01296\Desktop\linglong_1025_2(1)\linglong_1025_2\app_3.py:9: EventletDeprecationWarning: 
Eventlet is deprecated. It is currently being maintained in bugfix mode, and
we strongly recommend against using it for new projects.

If you are already using Eventlet, we recommend migrating to a different
framework.  For more detail see
https://eventlet.readthedocs.io/en/latest/asyncio/migration.html

  import eventlet
An exception was thrown while monkey_patching for eventlet. to fix this error make sure you run eventlet.monkey_patch() before importing any other modules.
Traceback (most recent call last):
  File "C:\Users\RX01296\Desktop\linglong_1025_2(1)\linglong_1025_2\venv\Lib\site-packages\eventlet\patcher.py", line 607, in _upgrade_instances
    new = upgrade_or_traverse(v)
          ^^^^^^^^^^^^^^^^^^^^^^
  File "C:\Users\RX01296\Desktop\linglong_1025_2(1)\linglong_1025_2\venv\Lib\site-packages\eventlet\patcher.py", line 584, in upgrade_or_traverse
    _upgrade_instances(obj, klass, upgrade, visited, old_to_new)
  File "C:\Users\RX01296\Desktop\linglong_1025_2(1)\linglong_1025_2\venv\Lib\site-packages\eventlet\patcher.py", line 598, in _upgrade_instances
    container_vars = vars(container)
                     ^^^^^^^^^^^^^^^
  File "C:\Users\RX01296\Desktop\linglong_1025_2(1)\linglong_1025_2\venv\Lib\site-packages\werkzeug\local.py", line 318, in __get__
    obj = instance._get_current_object()
          ^^^^^^^^^^^^^^^^^^^^^^^^^^^^^^
  File "C:\Users\RX01296\Desktop\linglong_1025_2(1)\linglong_1025_2\venv\Lib\site-packages\werkzeug\local.py", line 519, in _get_current_object
    raise RuntimeError(unbound_message) from None
RuntimeError: Working outside of application context.

This typically means that you attempted to use functionality that needed
the current application. To solve this, set up an application context
with app.app_context(). See the documentation for more information.
An exception was thrown while monkey_patching for eventlet. to fix this error make sure you run eventlet.monkey_patch() before importing any other modules.
Traceback (most recent call last):
  File "C:\Users\RX01296\Desktop\linglong_1025_2(1)\linglong_1025_2\venv\Lib\site-packages\eventlet\patcher.py", line 607, in _upgrade_instances
    new = upgrade_or_traverse(v)
          ^^^^^^^^^^^^^^^^^^^^^^
  File "C:\Users\RX01296\Desktop\linglong_1025_2(1)\linglong_1025_2\venv\Lib\site-packages\eventlet\patcher.py", line 584, in upgrade_or_traverse
    _upgrade_instances(obj, klass, upgrade, visited, old_to_new)
  File "C:\Users\RX01296\Desktop\linglong_1025_2(1)\linglong_1025_2\venv\Lib\site-packages\eventlet\patcher.py", line 598, in _upgrade_instances
    container_vars = vars(container)
                     ^^^^^^^^^^^^^^^
  File "C:\Users\RX01296\Desktop\linglong_1025_2(1)\linglong_1025_2\venv\Lib\site-packages\werkzeug\local.py", line 318, in __get__
    obj = instance._get_current_object()
          ^^^^^^^^^^^^^^^^^^^^^^^^^^^^^^
  File "C:\Users\RX01296\Desktop\linglong_1025_2(1)\linglong_1025_2\venv\Lib\site-packages\werkzeug\local.py", line 519, in _get_current_object
    raise RuntimeError(unbound_message) from None
RuntimeError: Working outside of request context.

This typically means that you attempted to use functionality that needed
an active HTTP request. Consult the documentation on testing for
information about how to avoid this problem.
An exception was thrown while monkey_patching for eventlet. to fix this error make sure you run eventlet.monkey_patch() before importing any other modules.
Traceback (most recent call last):
  File "C:\Users\RX01296\Desktop\linglong_1025_2(1)\linglong_1025_2\venv\Lib\site-packages\eventlet\patcher.py", line 607, in _upgrade_instances
    new = upgrade_or_traverse(v)
          ^^^^^^^^^^^^^^^^^^^^^^
  File "C:\Users\RX01296\Desktop\linglong_1025_2(1)\linglong_1025_2\venv\Lib\site-packages\eventlet\patcher.py", line 584, in upgrade_or_traverse
    _upgrade_instances(obj, klass, upgrade, visited, old_to_new)
  File "C:\Users\RX01296\Desktop\linglong_1025_2(1)\linglong_1025_2\venv\Lib\site-packages\eventlet\patcher.py", line 598, in _upgrade_instances
    container_vars = vars(container)
                     ^^^^^^^^^^^^^^^
  File "C:\Users\RX01296\Desktop\linglong_1025_2(1)\linglong_1025_2\venv\Lib\site-packages\werkzeug\local.py", line 318, in __get__
    obj = instance._get_current_object()
          ^^^^^^^^^^^^^^^^^^^^^^^^^^^^^^
  File "C:\Users\RX01296\Desktop\linglong_1025_2(1)\linglong_1025_2\venv\Lib\site-packages\werkzeug\local.py", line 519, in _get_current_object
    raise RuntimeError(unbound_message) from None
RuntimeError: Working outside of application context.

This typically means that you attempted to use functionality that needed
the current application. To solve this, set up an application context
with app.app_context(). See the documentation for more information.
An exception was thrown while monkey_patching for eventlet. to fix this error make sure you run eventlet.monkey_patch() before importing any other modules.
Traceback (most recent call last):
  File "C:\Users\RX01296\Desktop\linglong_1025_2(1)\linglong_1025_2\venv\Lib\site-packages\eventlet\patcher.py", line 607, in _upgrade_instances
    new = upgrade_or_traverse(v)
          ^^^^^^^^^^^^^^^^^^^^^^
  File "C:\Users\RX01296\Desktop\linglong_1025_2(1)\linglong_1025_2\venv\Lib\site-packages\eventlet\patcher.py", line 584, in upgrade_or_traverse
    _upgrade_instances(obj, klass, upgrade, visited, old_to_new)
  File "C:\Users\RX01296\Desktop\linglong_1025_2(1)\linglong_1025_2\venv\Lib\site-packages\eventlet\patcher.py", line 598, in _upgrade_instances
    container_vars = vars(container)
                     ^^^^^^^^^^^^^^^
  File "C:\Users\RX01296\Desktop\linglong_1025_2(1)\linglong_1025_2\venv\Lib\site-packages\werkzeug\local.py", line 318, in __get__
    obj = instance._get_current_object()
          ^^^^^^^^^^^^^^^^^^^^^^^^^^^^^^
  File "C:\Users\RX01296\Desktop\linglong_1025_2(1)\linglong_1025_2\venv\Lib\site-packages\werkzeug\local.py", line 519, in _get_current_object
    raise RuntimeError(unbound_message) from None
RuntimeError: Working outside of request context.

This typically means that you attempted to use functionality that needed
an active HTTP request. Consult the documentation on testing for
information about how to avoid this problem.
An exception was thrown while monkey_patching for eventlet. to fix this error make sure you run eventlet.monkey_patch() before importing any other modules.
Traceback (most recent call last):
  File "C:\Users\RX01296\Desktop\linglong_1025_2(1)\linglong_1025_2\venv\Lib\site-packages\eventlet\patcher.py", line 607, in _upgrade_instances
    new = upgrade_or_traverse(v)
          ^^^^^^^^^^^^^^^^^^^^^^
  File "C:\Users\RX01296\Desktop\linglong_1025_2(1)\linglong_1025_2\venv\Lib\site-packages\eventlet\patcher.py", line 584, in upgrade_or_traverse
    _upgrade_instances(obj, klass, upgrade, visited, old_to_new)
  File "C:\Users\RX01296\Desktop\linglong_1025_2(1)\linglong_1025_2\venv\Lib\site-packages\eventlet\patcher.py", line 598, in _upgrade_instances
    container_vars = vars(container)
                     ^^^^^^^^^^^^^^^
  File "C:\Users\RX01296\Desktop\linglong_1025_2(1)\linglong_1025_2\venv\Lib\site-packages\werkzeug\local.py", line 318, in __get__
    obj = instance._get_current_object()
          ^^^^^^^^^^^^^^^^^^^^^^^^^^^^^^
  File "C:\Users\RX01296\Desktop\linglong_1025_2(1)\linglong_1025_2\venv\Lib\site-packages\werkzeug\local.py", line 519, in _get_current_object
    raise RuntimeError(unbound_message) from None
RuntimeError: Working outside of application context.

This typically means that you attempted to use functionality that needed
the current application. To solve this, set up an application context
with app.app_context(). See the documentation for more information.
An exception was thrown while monkey_patching for eventlet. to fix this error make sure you run eventlet.monkey_patch() before importing any other modules.
Traceback (most recent call last):
  File "C:\Users\RX01296\Desktop\linglong_1025_2(1)\linglong_1025_2\venv\Lib\site-packages\eventlet\patcher.py", line 607, in _upgrade_instances
    new = upgrade_or_traverse(v)
          ^^^^^^^^^^^^^^^^^^^^^^
  File "C:\Users\RX01296\Desktop\linglong_1025_2(1)\linglong_1025_2\venv\Lib\site-packages\eventlet\patcher.py", line 584, in upgrade_or_traverse
    _upgrade_instances(obj, klass, upgrade, visited, old_to_new)
  File "C:\Users\RX01296\Desktop\linglong_1025_2(1)\linglong_1025_2\venv\Lib\site-packages\eventlet\patcher.py", line 598, in _upgrade_instances
    container_vars = vars(container)
                     ^^^^^^^^^^^^^^^
  File "C:\Users\RX01296\Desktop\linglong_1025_2(1)\linglong_1025_2\venv\Lib\site-packages\werkzeug\local.py", line 318, in __get__
    obj = instance._get_current_object()
          ^^^^^^^^^^^^^^^^^^^^^^^^^^^^^^
  File "C:\Users\RX01296\Desktop\linglong_1025_2(1)\linglong_1025_2\venv\Lib\site-packages\werkzeug\local.py", line 519, in _get_current_object
    raise RuntimeError(unbound_message) from None
RuntimeError: Working outside of request context.

This typically means that you attempted to use functionality that needed
an active HTTP request. Consult the documentation on testing for
information about how to avoid this problem.
1 RLock(s) were not greened, to fix this error make sure you run eventlet.monkey_patch() before importing any other modules.
[2026-07-30 16:01:30,213] ERROR in app: Exception on / [GET]
Traceback (most recent call last):
  File "C:\Users\RX01296\Desktop\linglong_1025_2(1)\linglong_1025_2\venv\Lib\site-packages\flask\app.py", line 1511, in wsgi_app
    response = self.full_dispatch_request()
               ^^^^^^^^^^^^^^^^^^^^^^^^^^^^
  File "C:\Users\RX01296\Desktop\linglong_1025_2(1)\linglong_1025_2\venv\Lib\site-packages\flask\app.py", line 919, in full_dispatch_request
    rv = self.handle_user_exception(e)
         ^^^^^^^^^^^^^^^^^^^^^^^^^^^^^
  File "C:\Users\RX01296\Desktop\linglong_1025_2(1)\linglong_1025_2\venv\Lib\site-packages\flask\app.py", line 917, in full_dispatch_request
    rv = self.dispatch_request()
         ^^^^^^^^^^^^^^^^^^^^^^^
  File "C:\Users\RX01296\Desktop\linglong_1025_2(1)\linglong_1025_2\venv\Lib\site-packages\flask\app.py", line 902, in dispatch_request
    return self.ensure_sync(self.view_functions[rule.endpoint])(**view_args)  # type: ignore[no-any-return]
           ^^^^^^^^^^^^^^^^^^^^^^^^^^^^^^^^^^^^^^^^^^^^^^^^^^^^^^^^^^^^^^^^^
  File "C:\Users\RX01296\Desktop\linglong_1025_2(1)\linglong_1025_2\app_3.py", line 124, in index
    return render_template('index.html', page='overview')
           ^^^^^^^^^^^^^^^^^^^^^^^^^^^^^^^^^^^^^^^^^^^^^^
  File "C:\Users\RX01296\Desktop\linglong_1025_2(1)\linglong_1025_2\venv\Lib\site-packages\flask\templating.py", line 151, in render_template
    return _render(app, template, context)
           ^^^^^^^^^^^^^^^^^^^^^^^^^^^^^^^
  File "C:\Users\RX01296\Desktop\linglong_1025_2(1)\linglong_1025_2\venv\Lib\site-packages\flask\templating.py", line 132, in _render
    rv = template.render(context)
         ^^^^^^^^^^^^^^^^^^^^^^^^
  File "C:\Users\RX01296\Desktop\linglong_1025_2(1)\linglong_1025_2\venv\Lib\site-packages\jinja2\environment.py", line 1295, in render
    self.environment.handle_exception()
  File "C:\Users\RX01296\Desktop\linglong_1025_2(1)\linglong_1025_2\venv\Lib\site-packages\jinja2\environment.py", line 942, in handle_exception
    raise rewrite_traceback_stack(source=source)
  File "C:\Users\RX01296\Desktop\linglong_1025_2(1)\linglong_1025_2\templates\index.html", line 1, in top-level template code
    {% extends 'base.html' %}
  File "C:\Users\RX01296\Desktop\linglong_1025_2(1)\linglong_1025_2\templates\base.html", line 80, in top-level template code
    {% block content %}{% endblock %}
    ^^^^^^^^^^^^^^^^^^^^^^^^^
  File "C:\Users\RX01296\Desktop\linglong_1025_2(1)\linglong_1025_2\templates\index.html", line 20, in block 'content'
    <a href="{{ url_for('controller_benchmark') }}" class="hero-primary">进入主控性能测试 <span>↘</span></a>
    ^^^^^^^^^^^^^^^^^^^^^^^^^
  File "C:\Users\RX01296\Desktop\linglong_1025_2(1)\linglong_1025_2\venv\Lib\site-packages\flask\app.py", line 1121, in url_for
    return self.handle_url_build_error(error, endpoint, values)
           ^^^^^^^^^^^^^^^^^^^^^^^^^^^^^^^^^^^^^^^^^^^^^^^^^^^^
  File "C:\Users\RX01296\Desktop\linglong_1025_2(1)\linglong_1025_2\venv\Lib\site-packages\flask\app.py", line 1110, in url_for
    rv = url_adapter.build(  # type: ignore[union-attr]
         ^^^^^^^^^^^^^^^^^^^^^^^^^^^^^^^^^^^^^^^^^^^^^^
  File "C:\Users\RX01296\Desktop\linglong_1025_2(1)\linglong_1025_2\venv\Lib\site-packages\werkzeug\routing\map.py", line 901, in build
    raise BuildError(endpoint, values, method, self)
werkzeug.routing.exceptions.BuildError: Could not build url for endpoint 'controller_benchmark'. Did you mean 'single_motor_test' instead?
[2026-07-30 16:17:10,071] ERROR in app: Exception on / [GET]
Traceback (most recent call last):
  File "C:\Users\RX01296\Desktop\linglong_1025_2(1)\linglong_1025_2\venv\Lib\site-packages\flask\app.py", line 1511, in wsgi_app
    response = self.full_dispatch_request()
               ^^^^^^^^^^^^^^^^^^^^^^^^^^^^
  File "C:\Users\RX01296\Desktop\linglong_1025_2(1)\linglong_1025_2\venv\Lib\site-packages\flask\app.py", line 919, in full_dispatch_request
    rv = self.handle_user_exception(e)
         ^^^^^^^^^^^^^^^^^^^^^^^^^^^^^
  File "C:\Users\RX01296\Desktop\linglong_1025_2(1)\linglong_1025_2\venv\Lib\site-packages\flask\app.py", line 917, in full_dispatch_request
    rv = self.dispatch_request()
         ^^^^^^^^^^^^^^^^^^^^^^^
  File "C:\Users\RX01296\Desktop\linglong_1025_2(1)\linglong_1025_2\venv\Lib\site-packages\flask\app.py", line 902, in dispatch_request
    return self.ensure_sync(self.view_functions[rule.endpoint])(**view_args)  # type: ignore[no-any-return]
           ^^^^^^^^^^^^^^^^^^^^^^^^^^^^^^^^^^^^^^^^^^^^^^^^^^^^^^^^^^^^^^^^^
  File "C:\Users\RX01296\Desktop\linglong_1025_2(1)\linglong_1025_2\app_3.py", line 124, in index
    return render_template('index.html', page='overview')
           ^^^^^^^^^^^^^^^^^^^^^^^^^^^^^^^^^^^^^^^^^^^^^^
  File "C:\Users\RX01296\Desktop\linglong_1025_2(1)\linglong_1025_2\venv\Lib\site-packages\flask\templating.py", line 151, in render_template
    return _render(app, template, context)
           ^^^^^^^^^^^^^^^^^^^^^^^^^^^^^^^
  File "C:\Users\RX01296\Desktop\linglong_1025_2(1)\linglong_1025_2\venv\Lib\site-packages\flask\templating.py", line 132, in _render
    rv = template.render(context)
         ^^^^^^^^^^^^^^^^^^^^^^^^
  File "C:\Users\RX01296\Desktop\linglong_1025_2(1)\linglong_1025_2\venv\Lib\site-packages\jinja2\environment.py", line 1295, in render
    self.environment.handle_exception()
  File "C:\Users\RX01296\Desktop\linglong_1025_2(1)\linglong_1025_2\venv\Lib\site-packages\jinja2\environment.py", line 942, in handle_exception
    raise rewrite_traceback_stack(source=source)
  File "C:\Users\RX01296\Desktop\linglong_1025_2(1)\linglong_1025_2\templates\index.html", line 1, in top-level template code
    {% extends 'base.html' %}
  File "C:\Users\RX01296\Desktop\linglong_1025_2(1)\linglong_1025_2\templates\base.html", line 80, in top-level template code
    {% block content %}{% endblock %}
    ^^^^^^^^^^^^^^^^^^^^^^^^^
  File "C:\Users\RX01296\Desktop\linglong_1025_2(1)\linglong_1025_2\templates\index.html", line 20, in block 'content'
    <a href="{{ url_for('controller_benchmark') }}" class="hero-primary">进入主控性能测试 <span>↘</span></a>
    ^^^^^^^^^^^^^^^^^^^^^^^^^
  File "C:\Users\RX01296\Desktop\linglong_1025_2(1)\linglong_1025_2\venv\Lib\site-packages\flask\app.py", line 1121, in url_for
    return self.handle_url_build_error(error, endpoint, values)
           ^^^^^^^^^^^^^^^^^^^^^^^^^^^^^^^^^^^^^^^^^^^^^^^^^^^^
  File "C:\Users\RX01296\Desktop\linglong_1025_2(1)\linglong_1025_2\venv\Lib\site-packages\flask\app.py", line 1110, in url_for
    rv = url_adapter.build(  # type: ignore[union-attr]
         ^^^^^^^^^^^^^^^^^^^^^^^^^^^^^^^^^^^^^^^^^^^^^^
  File "C:\Users\RX01296\Desktop\linglong_1025_2(1)\linglong_1025_2\venv\Lib\site-packages\werkzeug\routing\map.py", line 901, in build
    raise BuildError(endpoint, values, method, self)
werkzeug.routing.exceptions.BuildError: Could not build url for endpoint 'controller_benchmark'. Did you mean 'single_motor_test' instead?
