2026-09-30T17:38:12+08:00
  30914      40  3.0 36484 /opt/ros/jazzy/lib/robot_state_publisher/robot_state_publisher --ros-args --params-file /tmp/launch_params_f1goioeb
  30915      40 13.0 56036 /opt/ros/jazzy/lib/controller_manager/ros2_control_node --ros-args --params-file /home/skr/linglong_1025_2/ros2_ws/install-ubuntu/linglong_control/share/linglong_control/config/controllers.yaml --params-file /tmp/launch_params_bc2qaz_q -r ~/robot_description:=/robot_description
  30917      40 11.3 77216 python3 /home/skr/linglong_1025_2/ros2_ws/install-ubuntu/linglong_control/lib/linglong_control/control_diagnostics --ros-args --params-file /tmp/launch_params_0fr43vr7
2026-09-30T17:38:27+08:00
  30914      55  3.0 36484 /opt/ros/jazzy/lib/robot_state_publisher/robot_state_publisher --ros-args --params-file /tmp/launch_params_f1goioeb
  30915      55 13.1 56116 /opt/ros/jazzy/lib/controller_manager/ros2_control_node --ros-args --params-file /home/skr/linglong_1025_2/ros2_ws/install-ubuntu/linglong_control/share/linglong_control/config/controllers.yaml --params-file /tmp/launch_params_bc2qaz_q -r ~/robot_description:=/robot_description
  30917      55 11.3 77228 python3 /home/skr/linglong_1025_2/ros2_ws/install-ubuntu/linglong_control/lib/linglong_control/control_diagnostics --ros-args --params-file /tmp/launch_params_0fr43vr7
2026-09-30T17:38:42+08:00
  30914      71  3.0 36484 /opt/ros/jazzy/lib/robot_state_publisher/robot_state_publisher --ros-args --params-file /tmp/launch_params_f1goioeb
  30915      71 13.4 56052 /opt/ros/jazzy/lib/controller_manager/ros2_control_node --ros-args --params-file /home/skr/linglong_1025_2/ros2_ws/install-ubuntu/linglong_control/share/linglong_control/config/controllers.yaml --params-file /tmp/launch_params_bc2qaz_q -r ~/robot_description:=/robot_description
  30917      70 11.5 77232 python3 /home/skr/linglong_1025_2/ros2_ws/install-ubuntu/linglong_control/lib/linglong_control/control_diagnostics --ros-args --params-file /tmp/launch_params_0fr43vr7
2026-09-30T17:38:56+08:00
  30914      84  3.0 36500 /opt/ros/jazzy/lib/robot_state_publisher/robot_state_publisher --ros-args --params-file /tmp/launch_params_f1goioeb
  30915      84 13.6 56052 /opt/ros/jazzy/lib/controller_manager/ros2_control_node --ros-args --params-file /home/skr/linglong_1025_2/ros2_ws/install-ubuntu/linglong_control/share/linglong_control/config/controllers.yaml --params-file /tmp/launch_params_bc2qaz_q -r ~/robot_description:=/robot_description
  30917      84 11.5 77236 python3 /home/skr/linglong_1025_2/ros2_ws/install-ubuntu/linglong_control/lib/linglong_control/control_diagnostics --ros-args --params-file /tmp/launch_params_0fr43vr7
2026-09-30T17:39:12+08:00
  30914     101  3.0 36500 /opt/ros/jazzy/lib/robot_state_publisher/robot_state_publisher --ros-args --params-file /tmp/launch_params_f1goioeb
  30915     101 13.7 56064 /opt/ros/jazzy/lib/controller_manager/ros2_control_node --ros-args --params-file /home/skr/linglong_1025_2/ros2_ws/install-ubuntu/linglong_control/share/linglong_control/config/controllers.yaml --params-file /tmp/launch_params_bc2qaz_q -r ~/robot_description:=/robot_description
  30917     101 11.7 77300 python3 /home/skr/linglong_1025_2/ros2_ws/install-ubuntu/linglong_control/lib/linglong_control/control_diagnostics --ros-args --params-file /tmp/launch_params_0fr43vr7
2026-09-30T17:39:27+08:00
  30914     115  3.0 36396 /opt/ros/jazzy/lib/robot_state_publisher/robot_state_publisher --ros-args --params-file /tmp/launch_params_f1goioeb
  30915     115 13.9 56064 /opt/ros/jazzy/lib/controller_manager/ros2_control_node --ros-args --params-file /home/skr/linglong_1025_2/ros2_ws/install-ubuntu/linglong_control/share/linglong_control/config/controllers.yaml --params-file /tmp/launch_params_bc2qaz_q -r ~/robot_description:=/robot_description
  30917     115 11.9 77236 python3 /home/skr/linglong_1025_2/ros2_ws/install-ubuntu/linglong_control/lib/linglong_control/control_diagnostics --ros-args --params-file /tmp/launch_params_0fr43vr7
2026-09-30T17:39:42+08:00
  30914     131  3.0 36400 /opt/ros/jazzy/lib/robot_state_publisher/robot_state_publisher --ros-args --params-file /tmp/launch_params_f1goioeb
  30915     131 14.0 56064 /opt/ros/jazzy/lib/controller_manager/ros2_control_node --ros-args --params-file /home/skr/linglong_1025_2/ros2_ws/install-ubuntu/linglong_control/share/linglong_control/config/controllers.yaml --params-file /tmp/launch_params_bc2qaz_q -r ~/robot_description:=/robot_description
  30917     130 11.9 77236 python3 /home/skr/linglong_1025_2/ros2_ws/install-ubuntu/linglong_control/lib/linglong_control/control_diagnostics --ros-args --params-file /tmp/launch_params_0fr43vr7
2026-09-30T17:39:57+08:00
  30914     146  3.0 36504 /opt/ros/jazzy/lib/robot_state_publisher/robot_state_publisher --ros-args --params-file /tmp/launch_params_f1goioeb
  30915     146 14.0 56064 /opt/ros/jazzy/lib/controller_manager/ros2_control_node --ros-args --params-file /home/skr/linglong_1025_2/ros2_ws/install-ubuntu/linglong_control/share/linglong_control/config/controllers.yaml --params-file /tmp/launch_params_bc2qaz_q -r ~/robot_description:=/robot_description
  30917     146 12.0 77300 python3 /home/skr/linglong_1025_2/ros2_ws/install-ubuntu/linglong_control/lib/linglong_control/control_diagnostics --ros-args --params-file /tmp/launch_params_0fr43vr7
2026-09-30T17:40:12+08:00
  30914     160  3.0 36568 /opt/ros/jazzy/lib/robot_state_publisher/robot_state_publisher --ros-args --params-file /tmp/launch_params_f1goioeb
  30915     160 14.1 56064 /opt/ros/jazzy/lib/controller_manager/ros2_control_node --ros-args --params-file /home/skr/linglong_1025_2/ros2_ws/install-ubuntu/linglong_control/share/linglong_control/config/controllers.yaml --params-file /tmp/launch_params_bc2qaz_q -r ~/robot_description:=/robot_description
  30917     160 12.0 77236 python3 /home/skr/linglong_1025_2/ros2_ws/install-ubuntu/linglong_control/lib/linglong_control/control_diagnostics --ros-args --params-file /tmp/launch_params_0fr43vr7
2026-09-30T17:40:28+08:00
  30914     176  3.1 36504 /opt/ros/jazzy/lib/robot_state_publisher/robot_state_publisher --ros-args --params-file /tmp/launch_params_f1goioeb
  30915     176 14.1 56076 /opt/ros/jazzy/lib/controller_manager/ros2_control_node --ros-args --params-file /home/skr/linglong_1025_2/ros2_ws/install-ubuntu/linglong_control/share/linglong_control/config/controllers.yaml --params-file /tmp/launch_params_bc2qaz_q -r ~/robot_description:=/robot_description
  30917     176 12.0 77236 python3 /home/skr/linglong_1025_2/ros2_ws/install-ubuntu/linglong_control/lib/linglong_control/control_diagnostics --ros-args --params-file /tmp/launch_params_0fr43vr7
2026-09-30T17:40:42+08:00
  30914     190  3.1 36504 /opt/ros/jazzy/lib/robot_state_publisher/robot_state_publisher --ros-args --params-file /tmp/launch_params_f1goioeb
  30915     190 14.2 56076 /opt/ros/jazzy/lib/controller_manager/ros2_control_node --ros-args --params-file /home/skr/linglong_1025_2/ros2_ws/install-ubuntu/linglong_control/share/linglong_control/config/controllers.yaml --params-file /tmp/launch_params_bc2qaz_q -r ~/robot_description:=/robot_description
  30917     190 12.1 77236 python3 /home/skr/linglong_1025_2/ros2_ws/install-ubuntu/linglong_control/lib/linglong_control/control_diagnostics --ros-args --params-file /tmp/launch_params_0fr43vr7
2026-09-30T17:40:57+08:00
  30914     205  3.1 36508 /opt/ros/jazzy/lib/robot_state_publisher/robot_state_publisher --ros-args --params-file /tmp/launch_params_f1goioeb
  30915     205 14.2 56080 /opt/ros/jazzy/lib/controller_manager/ros2_control_node --ros-args --params-file /home/skr/linglong_1025_2/ros2_ws/install-ubuntu/linglong_control/share/linglong_control/config/controllers.yaml --params-file /tmp/launch_params_bc2qaz_q -r ~/robot_description:=/robot_description
  30917     205 12.1 77236 python3 /home/skr/linglong_1025_2/ros2_ws/install-ubuntu/linglong_control/lib/linglong_control/control_diagnostics --ros-args --params-file /tmp/launch_params_0fr43vr7
2026-09-30T17:41:12+08:00
  30914     221  3.1 36404 /opt/ros/jazzy/lib/robot_state_publisher/robot_state_publisher --ros-args --params-file /tmp/launch_params_f1goioeb
  30915     221 14.2 56084 /opt/ros/jazzy/lib/controller_manager/ros2_control_node --ros-args --params-file /home/skr/linglong_1025_2/ros2_ws/install-ubuntu/linglong_control/share/linglong_control/config/controllers.yaml --params-file /tmp/launch_params_bc2qaz_q -r ~/robot_description:=/robot_description
  30917     221 12.1 77236 python3 /home/skr/linglong_1025_2/ros2_ws/install-ubuntu/linglong_control/lib/linglong_control/control_diagnostics --ros-args --params-file /tmp/launch_params_0fr43vr7
2026-09-30T17:41:27+08:00
  30914     236  3.1 36576 /opt/ros/jazzy/lib/robot_state_publisher/robot_state_publisher --ros-args --params-file /tmp/launch_params_f1goioeb
  30915     236 14.2 56148 /opt/ros/jazzy/lib/controller_manager/ros2_control_node --ros-args --params-file /home/skr/linglong_1025_2/ros2_ws/install-ubuntu/linglong_control/share/linglong_control/config/controllers.yaml --params-file /tmp/launch_params_bc2qaz_q -r ~/robot_description:=/robot_description
  30917     235 12.1 77300 python3 /home/skr/linglong_1025_2/ros2_ws/install-ubuntu/linglong_control/lib/linglong_control/control_diagnostics --ros-args --params-file /tmp/launch_params_0fr43vr7
2026-09-30T17:41:41+08:00
  30914     249  3.1 36512 /opt/ros/jazzy/lib/robot_state_publisher/robot_state_publisher --ros-args --params-file /tmp/launch_params_f1goioeb
  30915     249 14.2 56088 /opt/ros/jazzy/lib/controller_manager/ros2_control_node --ros-args --params-file /home/skr/linglong_1025_2/ros2_ws/install-ubuntu/linglong_control/share/linglong_control/config/controllers.yaml --params-file /tmp/launch_params_bc2qaz_q -r ~/robot_description:=/robot_description
  30917     249 12.1 77236 python3 /home/skr/linglong_1025_2/ros2_ws/install-ubuntu/linglong_control/lib/linglong_control/control_diagnostics --ros-args --params-file /tmp/launch_params_0fr43vr7
2026-09-30T17:41:54+08:00
  30914     263  3.1 36512 /opt/ros/jazzy/lib/robot_state_publisher/robot_state_publisher --ros-args --params-file /tmp/launch_params_f1goioeb
  30915     263 14.2 56088 /opt/ros/jazzy/lib/controller_manager/ros2_control_node --ros-args --params-file /home/skr/linglong_1025_2/ros2_ws/install-ubuntu/linglong_control/share/linglong_control/config/controllers.yaml --params-file /tmp/launch_params_bc2qaz_q -r ~/robot_description:=/robot_description
  30917     263 12.1 77236 python3 /home/skr/linglong_1025_2/ros2_ws/install-ubuntu/linglong_control/lib/linglong_control/control_diagnostics --ros-args --params-file /tmp/launch_params_0fr43vr7
2026-09-30T17:42:09+08:00
  30914     277  3.1 36408 /opt/ros/jazzy/lib/robot_state_publisher/robot_state_publisher --ros-args --params-file /tmp/launch_params_f1goioeb
  30915     277 14.2 56088 /opt/ros/jazzy/lib/controller_manager/ros2_control_node --ros-args --params-file /home/skr/linglong_1025_2/ros2_ws/install-ubuntu/linglong_control/share/linglong_control/config/controllers.yaml --params-file /tmp/launch_params_bc2qaz_q -r ~/robot_description:=/robot_description
  30917     277 12.1 77236 python3 /home/skr/linglong_1025_2/ros2_ws/install-ubuntu/linglong_control/lib/linglong_control/control_diagnostics --ros-args --params-file /tmp/launch_params_0fr43vr7
2026-09-30T17:42:22+08:00
  30914     290  3.1 36512 /opt/ros/jazzy/lib/robot_state_publisher/robot_state_publisher --ros-args --params-file /tmp/launch_params_f1goioeb
  30915     290 14.3 56092 /opt/ros/jazzy/lib/controller_manager/ros2_control_node --ros-args --params-file /home/skr/linglong_1025_2/ros2_ws/install-ubuntu/linglong_control/share/linglong_control/config/controllers.yaml --params-file /tmp/launch_params_bc2qaz_q -r ~/robot_description:=/robot_description
  30917     290 12.2 77236 python3 /home/skr/linglong_1025_2/ros2_ws/install-ubuntu/linglong_control/lib/linglong_control/control_diagnostics --ros-args --params-file /tmp/launch_params_0fr43vr7
2026-09-30T17:42:37+08:00
  30914     305  3.1 36408 /opt/ros/jazzy/lib/robot_state_publisher/robot_state_publisher --ros-args --params-file /tmp/launch_params_f1goioeb
  30915     305 14.3 56092 /opt/ros/jazzy/lib/controller_manager/ros2_control_node --ros-args --params-file /home/skr/linglong_1025_2/ros2_ws/install-ubuntu/linglong_control/share/linglong_control/config/controllers.yaml --params-file /tmp/launch_params_bc2qaz_q -r ~/robot_description:=/robot_description
  30917     305 12.2 77236 python3 /home/skr/linglong_1025_2/ros2_ws/install-ubuntu/linglong_control/lib/linglong_control/control_diagnostics --ros-args --params-file /tmp/launch_params_0fr43vr7
2026-09-30T17:42:52+08:00
  30914     320  3.1 36512 /opt/ros/jazzy/lib/robot_state_publisher/robot_state_publisher --ros-args --params-file /tmp/launch_params_f1goioeb
  30915     320 14.3 56100 /opt/ros/jazzy/lib/controller_manager/ros2_control_node --ros-args --params-file /home/skr/linglong_1025_2/ros2_ws/install-ubuntu/linglong_control/share/linglong_control/config/controllers.yaml --params-file /tmp/launch_params_bc2qaz_q -r ~/robot_description:=/robot_description
  30917     320 12.1 77236 python3 /home/skr/linglong_1025_2/ros2_ws/install-ubuntu/linglong_control/lib/linglong_control/control_diagnostics --ros-args --params-file /tmp/launch_params_0fr43vr7
2026-09-30T17:43:06+08:00
  30914     335  3.1 36408 /opt/ros/jazzy/lib/robot_state_publisher/robot_state_publisher --ros-args --params-file /tmp/launch_params_f1goioeb
  30915     335 14.3 56100 /opt/ros/jazzy/lib/controller_manager/ros2_control_node --ros-args --params-file /home/skr/linglong_1025_2/ros2_ws/install-ubuntu/linglong_control/share/linglong_control/config/controllers.yaml --params-file /tmp/launch_params_bc2qaz_q -r ~/robot_description:=/robot_description
  30917     335 12.1 77300 python3 /home/skr/linglong_1025_2/ros2_ws/install-ubuntu/linglong_control/lib/linglong_control/control_diagnostics --ros-args --params-file /tmp/launch_params_0fr43vr7
2026-09-30T17:43:21+08:00
  30914     350  3.1 36344 /opt/ros/jazzy/lib/robot_state_publisher/robot_state_publisher --ros-args --params-file /tmp/launch_params_f1goioeb
  30915     350 14.4 56036 /opt/ros/jazzy/lib/controller_manager/ros2_control_node --ros-args --params-file /home/skr/linglong_1025_2/ros2_ws/install-ubuntu/linglong_control/share/linglong_control/config/controllers.yaml --params-file /tmp/launch_params_bc2qaz_q -r ~/robot_description:=/robot_description
  30917     350 12.3 77236 python3 /home/skr/linglong_1025_2/ros2_ws/install-ubuntu/linglong_control/lib/linglong_control/control_diagnostics --ros-args --params-file /tmp/launch_params_0fr43vr7
2026-09-30T17:43:37+08:00
  30914     365  3.1 36516 /opt/ros/jazzy/lib/robot_state_publisher/robot_state_publisher --ros-args --params-file /tmp/launch_params_f1goioeb
  30915     365 14.5 56128 /opt/ros/jazzy/lib/controller_manager/ros2_control_node --ros-args --params-file /home/skr/linglong_1025_2/ros2_ws/install-ubuntu/linglong_control/share/linglong_control/config/controllers.yaml --params-file /tmp/launch_params_bc2qaz_q -r ~/robot_description:=/robot_description
  30917     365 12.3 77236 python3 /home/skr/linglong_1025_2/ros2_ws/install-ubuntu/linglong_control/lib/linglong_control/control_diagnostics --ros-args --params-file /tmp/launch_params_0fr43vr7
2026-09-30T17:43:51+08:00
  30914     379  3.1 36520 /opt/ros/jazzy/lib/robot_state_publisher/robot_state_publisher --ros-args --params-file /tmp/launch_params_f1goioeb
  30915     379 14.3 56128 /opt/ros/jazzy/lib/controller_manager/ros2_control_node --ros-args --params-file /home/skr/linglong_1025_2/ros2_ws/install-ubuntu/linglong_control/share/linglong_control/config/controllers.yaml --params-file /tmp/launch_params_bc2qaz_q -r ~/robot_description:=/robot_description
  30917     379 12.2 77236 python3 /home/skr/linglong_1025_2/ros2_ws/install-ubuntu/linglong_control/lib/linglong_control/control_diagnostics --ros-args --params-file /tmp/launch_params_0fr43vr7
2026-09-30T17:44:05+08:00
  30914     394  3.0 36416 /opt/ros/jazzy/lib/robot_state_publisher/robot_state_publisher --ros-args --params-file /tmp/launch_params_f1goioeb
  30915     394 14.2 56132 /opt/ros/jazzy/lib/controller_manager/ros2_control_node --ros-args --params-file /home/skr/linglong_1025_2/ros2_ws/install-ubuntu/linglong_control/share/linglong_control/config/controllers.yaml --params-file /tmp/launch_params_bc2qaz_q -r ~/robot_description:=/robot_description
  30917     394 12.1 77236 python3 /home/skr/linglong_1025_2/ros2_ws/install-ubuntu/linglong_control/lib/linglong_control/control_diagnostics --ros-args --params-file /tmp/launch_params_0fr43vr7
2026-09-30T17:44:21+08:00
  30914     409  3.0 36520 /opt/ros/jazzy/lib/robot_state_publisher/robot_state_publisher --ros-args --params-file /tmp/launch_params_f1goioeb
  30915     409 14.0 56132 /opt/ros/jazzy/lib/controller_manager/ros2_control_node --ros-args --params-file /home/skr/linglong_1025_2/ros2_ws/install-ubuntu/linglong_control/share/linglong_control/config/controllers.yaml --params-file /tmp/launch_params_bc2qaz_q -r ~/robot_description:=/robot_description
  30917     409 11.9 77300 python3 /home/skr/linglong_1025_2/ros2_ws/install-ubuntu/linglong_control/lib/linglong_control/control_diagnostics --ros-args --params-file /tmp/launch_params_0fr43vr7
2026-09-30T17:44:36+08:00
  30914     425  3.0 36584 /opt/ros/jazzy/lib/robot_state_publisher/robot_state_publisher --ros-args --params-file /tmp/launch_params_f1goioeb
  30915     425 13.9 56132 /opt/ros/jazzy/lib/controller_manager/ros2_control_node --ros-args --params-file /home/skr/linglong_1025_2/ros2_ws/install-ubuntu/linglong_control/share/linglong_control/config/controllers.yaml --params-file /tmp/launch_params_bc2qaz_q -r ~/robot_description:=/robot_description
  30917     425 11.8 77236 python3 /home/skr/linglong_1025_2/ros2_ws/install-ubuntu/linglong_control/lib/linglong_control/control_diagnostics --ros-args --params-file /tmp/launch_params_0fr43vr7
2026-09-30T17:44:48+08:00
  30914     437  2.9 36416 /opt/ros/jazzy/lib/robot_state_publisher/robot_state_publisher --ros-args --params-file /tmp/launch_params_f1goioeb
  30915     437 13.8 56068 /opt/ros/jazzy/lib/controller_manager/ros2_control_node --ros-args --params-file /home/skr/linglong_1025_2/ros2_ws/install-ubuntu/linglong_control/share/linglong_control/config/controllers.yaml --params-file /tmp/launch_params_bc2qaz_q -r ~/robot_description:=/robot_description
  30917     437 11.6 77300 python3 /home/skr/linglong_1025_2/ros2_ws/install-ubuntu/linglong_control/lib/linglong_control/control_diagnostics --ros-args --params-file /tmp/launch_params_0fr43vr7
2026-09-30T17:45:03+08:00
  30914     452  3.0 36520 /opt/ros/jazzy/lib/robot_state_publisher/robot_state_publisher --ros-args --params-file /tmp/launch_params_f1goioeb
  30915     452 13.8 56132 /opt/ros/jazzy/lib/controller_manager/ros2_control_node --ros-args --params-file /home/skr/linglong_1025_2/ros2_ws/install-ubuntu/linglong_control/share/linglong_control/config/controllers.yaml --params-file /tmp/launch_params_bc2qaz_q -r ~/robot_description:=/robot_description
  30917     452 11.7 77236 python3 /home/skr/linglong_1025_2/ros2_ws/install-ubuntu/linglong_control/lib/linglong_control/control_diagnostics --ros-args --params-file /tmp/launch_params_0fr43vr7
2026-09-30T17:45:19+08:00
  30914     467  3.0 36352 /opt/ros/jazzy/lib/robot_state_publisher/robot_state_publisher --ros-args --params-file /tmp/launch_params_f1goioeb
  30915     467 13.8 56068 /opt/ros/jazzy/lib/controller_manager/ros2_control_node --ros-args --params-file /home/skr/linglong_1025_2/ros2_ws/install-ubuntu/linglong_control/share/linglong_control/config/controllers.yaml --params-file /tmp/launch_params_bc2qaz_q -r ~/robot_description:=/robot_description
  30917     467 11.7 77236 python3 /home/skr/linglong_1025_2/ros2_ws/install-ubuntu/linglong_control/lib/linglong_control/control_diagnostics --ros-args --params-file /tmp/launch_params_0fr43vr7
2026-09-30T17:45:32+08:00
  30914     480  3.0 36416 /opt/ros/jazzy/lib/robot_state_publisher/robot_state_publisher --ros-args --params-file /tmp/launch_params_f1goioeb
  30915     480 13.8 56132 /opt/ros/jazzy/lib/controller_manager/ros2_control_node --ros-args --params-file /home/skr/linglong_1025_2/ros2_ws/install-ubuntu/linglong_control/share/linglong_control/config/controllers.yaml --params-file /tmp/launch_params_bc2qaz_q -r ~/robot_description:=/robot_description
  30917     480 11.7 77300 python3 /home/skr/linglong_1025_2/ros2_ws/install-ubuntu/linglong_control/lib/linglong_control/control_diagnostics --ros-args --params-file /tmp/launch_params_0fr43vr7
2026-09-30T17:45:48+08:00
  30914     497  3.0 36520 /opt/ros/jazzy/lib/robot_state_publisher/robot_state_publisher --ros-args --params-file /tmp/launch_params_f1goioeb
  30915     497 13.8 56136 /opt/ros/jazzy/lib/controller_manager/ros2_control_node --ros-args --params-file /home/skr/linglong_1025_2/ros2_ws/install-ubuntu/linglong_control/share/linglong_control/config/controllers.yaml --params-file /tmp/launch_params_bc2qaz_q -r ~/robot_description:=/robot_description
  30917     497 11.6 77300 python3 /home/skr/linglong_1025_2/ros2_ws/install-ubuntu/linglong_control/lib/linglong_control/control_diagnostics --ros-args --params-file /tmp/launch_params_0fr43vr7
2026-09-30T17:46:04+08:00
  30914     512  2.9 36520 /opt/ros/jazzy/lib/robot_state_publisher/robot_state_publisher --ros-args --params-file /tmp/launch_params_f1goioeb
  30915     512 13.8 56136 /opt/ros/jazzy/lib/controller_manager/ros2_control_node --ros-args --params-file /home/skr/linglong_1025_2/ros2_ws/install-ubuntu/linglong_control/share/linglong_control/config/controllers.yaml --params-file /tmp/launch_params_bc2qaz_q -r ~/robot_description:=/robot_description
  30917     512 11.6 77236 python3 /home/skr/linglong_1025_2/ros2_ws/install-ubuntu/linglong_control/lib/linglong_control/control_diagnostics --ros-args --params-file /tmp/launch_params_0fr43vr7
2026-09-30T17:46:18+08:00
  30914     526  2.9 36416 /opt/ros/jazzy/lib/robot_state_publisher/robot_state_publisher --ros-args --params-file /tmp/launch_params_f1goioeb
  30915     526 13.8 56136 /opt/ros/jazzy/lib/controller_manager/ros2_control_node --ros-args --params-file /home/skr/linglong_1025_2/ros2_ws/install-ubuntu/linglong_control/share/linglong_control/config/controllers.yaml --params-file /tmp/launch_params_bc2qaz_q -r ~/robot_description:=/robot_description
  30917     526 11.6 77236 python3 /home/skr/linglong_1025_2/ros2_ws/install-ubuntu/linglong_control/lib/linglong_control/control_diagnostics --ros-args --params-file /tmp/launch_params_0fr43vr7
2026-09-30T17:46:34+08:00
  30914     542  2.9 36584 /opt/ros/jazzy/lib/robot_state_publisher/robot_state_publisher --ros-args --params-file /tmp/launch_params_f1goioeb
  30915     542 13.7 56140 /opt/ros/jazzy/lib/controller_manager/ros2_control_node --ros-args --params-file /home/skr/linglong_1025_2/ros2_ws/install-ubuntu/linglong_control/share/linglong_control/config/controllers.yaml --params-file /tmp/launch_params_bc2qaz_q -r ~/robot_description:=/robot_description
  30917     542 11.5 77236 python3 /home/skr/linglong_1025_2/ros2_ws/install-ubuntu/linglong_control/lib/linglong_control/control_diagnostics --ros-args --params-file /tmp/launch_params_0fr43vr7
2026-09-30T17:46:48+08:00
  30914     556  2.9 36520 /opt/ros/jazzy/lib/robot_state_publisher/robot_state_publisher --ros-args --params-file /tmp/launch_params_f1goioeb
  30915     556 13.7 56140 /opt/ros/jazzy/lib/controller_manager/ros2_control_node --ros-args --params-file /home/skr/linglong_1025_2/ros2_ws/install-ubuntu/linglong_control/share/linglong_control/config/controllers.yaml --params-file /tmp/launch_params_bc2qaz_q -r ~/robot_description:=/robot_description
  30917     556 11.5 77236 python3 /home/skr/linglong_1025_2/ros2_ws/install-ubuntu/linglong_control/lib/linglong_control/control_diagnostics --ros-args --params-file /tmp/launch_params_0fr43vr7
2026-09-30T17:47:02+08:00
  30914     570  2.9 36416 /opt/ros/jazzy/lib/robot_state_publisher/robot_state_publisher --ros-args --params-file /tmp/launch_params_f1goioeb
  30915     570 13.7 56140 /opt/ros/jazzy/lib/controller_manager/ros2_control_node --ros-args --params-file /home/skr/linglong_1025_2/ros2_ws/install-ubuntu/linglong_control/share/linglong_control/config/controllers.yaml --params-file /tmp/launch_params_bc2qaz_q -r ~/robot_description:=/robot_description
  30917     570 11.4 77236 python3 /home/skr/linglong_1025_2/ros2_ws/install-ubuntu/linglong_control/lib/linglong_control/control_diagnostics --ros-args --params-file /tmp/launch_params_0fr43vr7
2026-09-30T17:47:19+08:00
  30914     587  2.9 36352 /opt/ros/jazzy/lib/robot_state_publisher/robot_state_publisher --ros-args --params-file /tmp/launch_params_f1goioeb
  30915     587 13.7 56076 /opt/ros/jazzy/lib/controller_manager/ros2_control_node --ros-args --params-file /home/skr/linglong_1025_2/ros2_ws/install-ubuntu/linglong_control/share/linglong_control/config/controllers.yaml --params-file /tmp/launch_params_bc2qaz_q -r ~/robot_description:=/robot_description
  30917     587 11.4 77300 python3 /home/skr/linglong_1025_2/ros2_ws/install-ubuntu/linglong_control/lib/linglong_control/control_diagnostics --ros-args --params-file /tmp/launch_params_0fr43vr7
2026-09-30T17:47:33+08:00
  30914     602  2.9 36520 /opt/ros/jazzy/lib/robot_state_publisher/robot_state_publisher --ros-args --params-file /tmp/launch_params_f1goioeb
  30915     602 13.7 56140 /opt/ros/jazzy/lib/controller_manager/ros2_control_node --ros-args --params-file /home/skr/linglong_1025_2/ros2_ws/install-ubuntu/linglong_control/share/linglong_control/config/controllers.yaml --params-file /tmp/launch_params_bc2qaz_q -r ~/robot_description:=/robot_description
  30917     602 11.4 77236 python3 /home/skr/linglong_1025_2/ros2_ws/install-ubuntu/linglong_control/lib/linglong_control/control_diagnostics --ros-args --params-file /tmp/launch_params_0fr43vr7
2026-09-30T17:47:47+08:00
  30914     616  2.9 36520 /opt/ros/jazzy/lib/robot_state_publisher/robot_state_publisher --ros-args --params-file /tmp/launch_params_f1goioeb
  30915     616 13.6 56140 /opt/ros/jazzy/lib/controller_manager/ros2_control_node --ros-args --params-file /home/skr/linglong_1025_2/ros2_ws/install-ubuntu/linglong_control/share/linglong_control/config/controllers.yaml --params-file /tmp/launch_params_bc2qaz_q -r ~/robot_description:=/robot_description
  30917     616 11.3 77236 python3 /home/skr/linglong_1025_2/ros2_ws/install-ubuntu/linglong_control/lib/linglong_control/control_diagnostics --ros-args --params-file /tmp/launch_params_0fr43vr7
2026-09-30T17:48:00+08:00
  30914     629  2.9 36584 /opt/ros/jazzy/lib/robot_state_publisher/robot_state_publisher --ros-args --params-file /tmp/launch_params_f1goioeb
  30915     629 13.6 56140 /opt/ros/jazzy/lib/controller_manager/ros2_control_node --ros-args --params-file /home/skr/linglong_1025_2/ros2_ws/install-ubuntu/linglong_control/share/linglong_control/config/controllers.yaml --params-file /tmp/launch_params_bc2qaz_q -r ~/robot_description:=/robot_description
  30917     629 11.3 77236 python3 /home/skr/linglong_1025_2/ros2_ws/install-ubuntu/linglong_control/lib/linglong_control/control_diagnostics --ros-args --params-file /tmp/launch_params_0fr43vr7
2026-09-30T17:48:13+08:00
  30914     641  2.9 36520 /opt/ros/jazzy/lib/robot_state_publisher/robot_state_publisher --ros-args --params-file /tmp/launch_params_f1goioeb
  30915     641 13.5 56140 /opt/ros/jazzy/lib/controller_manager/ros2_control_node --ros-args --params-file /home/skr/linglong_1025_2/ros2_ws/install-ubuntu/linglong_control/share/linglong_control/config/controllers.yaml --params-file /tmp/launch_params_bc2qaz_q -r ~/robot_description:=/robot_description
  30917     641 11.2 77236 python3 /home/skr/linglong_1025_2/ros2_ws/install-ubuntu/linglong_control/lib/linglong_control/control_diagnostics --ros-args --params-file /tmp/launch_params_0fr43vr7
2026-09-30T17:48:26+08:00
  30914     654  2.9 36520 /opt/ros/jazzy/lib/robot_state_publisher/robot_state_publisher --ros-args --params-file /tmp/launch_params_f1goioeb
  30915     654 13.4 56140 /opt/ros/jazzy/lib/controller_manager/ros2_control_node --ros-args --params-file /home/skr/linglong_1025_2/ros2_ws/install-ubuntu/linglong_control/share/linglong_control/config/controllers.yaml --params-file /tmp/launch_params_bc2qaz_q -r ~/robot_description:=/robot_description
  30917     654 11.1 77300 python3 /home/skr/linglong_1025_2/ros2_ws/install-ubuntu/linglong_control/lib/linglong_control/control_diagnostics --ros-args --params-file /tmp/launch_params_0fr43vr7
2026-09-30T17:48:39+08:00
  30914     667  2.8 36520 /opt/ros/jazzy/lib/robot_state_publisher/robot_state_publisher --ros-args --params-file /tmp/launch_params_f1goioeb
  30915     667 13.3 56140 /opt/ros/jazzy/lib/controller_manager/ros2_control_node --ros-args --params-file /home/skr/linglong_1025_2/ros2_ws/install-ubuntu/linglong_control/share/linglong_control/config/controllers.yaml --params-file /tmp/launch_params_bc2qaz_q -r ~/robot_description:=/robot_description
  30917     667 11.0 77236 python3 /home/skr/linglong_1025_2/ros2_ws/install-ubuntu/linglong_control/lib/linglong_control/control_diagnostics --ros-args --params-file /tmp/launch_params_0fr43vr7
2026-09-30T17:48:53+08:00
  30914     681  2.8 36352 /opt/ros/jazzy/lib/robot_state_publisher/robot_state_publisher --ros-args --params-file /tmp/launch_params_f1goioeb
  30915     681 13.2 56076 /opt/ros/jazzy/lib/controller_manager/ros2_control_node --ros-args --params-file /home/skr/linglong_1025_2/ros2_ws/install-ubuntu/linglong_control/share/linglong_control/config/controllers.yaml --params-file /tmp/launch_params_bc2qaz_q -r ~/robot_description:=/robot_description
  30917     681 10.9 77300 python3 /home/skr/linglong_1025_2/ros2_ws/install-ubuntu/linglong_control/lib/linglong_control/control_diagnostics --ros-args --params-file /tmp/launch_params_0fr43vr7
2026-09-30T17:49:06+08:00
  30914     695  2.8 36520 /opt/ros/jazzy/lib/robot_state_publisher/robot_state_publisher --ros-args --params-file /tmp/launch_params_f1goioeb
  30915     695 13.1 56140 /opt/ros/jazzy/lib/controller_manager/ros2_control_node --ros-args --params-file /home/skr/linglong_1025_2/ros2_ws/install-ubuntu/linglong_control/share/linglong_control/config/controllers.yaml --params-file /tmp/launch_params_bc2qaz_q -r ~/robot_description:=/robot_description
  30917     695 10.9 77236 python3 /home/skr/linglong_1025_2/ros2_ws/install-ubuntu/linglong_control/lib/linglong_control/control_diagnostics --ros-args --params-file /tmp/launch_params_0fr43vr7
2026-09-30T17:49:20+08:00
  30914     708  2.8 36352 /opt/ros/jazzy/lib/robot_state_publisher/robot_state_publisher --ros-args --params-file /tmp/launch_params_f1goioeb
  30915     708 13.0 56140 /opt/ros/jazzy/lib/controller_manager/ros2_control_node --ros-args --params-file /home/skr/linglong_1025_2/ros2_ws/install-ubuntu/linglong_control/share/linglong_control/config/controllers.yaml --params-file /tmp/launch_params_bc2qaz_q -r ~/robot_description:=/robot_description
  30917     708 10.8 77300 python3 /home/skr/linglong_1025_2/ros2_ws/install-ubuntu/linglong_control/lib/linglong_control/control_diagnostics --ros-args --params-file /tmp/launch_params_0fr43vr7
2026-09-30T17:49:33+08:00
  30914     722  2.8 36520 /opt/ros/jazzy/lib/robot_state_publisher/robot_state_publisher --ros-args --params-file /tmp/launch_params_f1goioeb
  30915     722 13.0 56140 /opt/ros/jazzy/lib/controller_manager/ros2_control_node --ros-args --params-file /home/skr/linglong_1025_2/ros2_ws/install-ubuntu/linglong_control/share/linglong_control/config/controllers.yaml --params-file /tmp/launch_params_bc2qaz_q -r ~/robot_description:=/robot_description
  30917     722 10.8 77236 python3 /home/skr/linglong_1025_2/ros2_ws/install-ubuntu/linglong_control/lib/linglong_control/control_diagnostics --ros-args --params-file /tmp/launch_params_0fr43vr7
2026-09-30T17:49:48+08:00
  30914     737  2.8 36520 /opt/ros/jazzy/lib/robot_state_publisher/robot_state_publisher --ros-args --params-file /tmp/launch_params_f1goioeb
  30915     737 12.9 56140 /opt/ros/jazzy/lib/controller_manager/ros2_control_node --ros-args --params-file /home/skr/linglong_1025_2/ros2_ws/install-ubuntu/linglong_control/share/linglong_control/config/controllers.yaml --params-file /tmp/launch_params_bc2qaz_q -r ~/robot_description:=/robot_description
  30917     737 10.7 77236 python3 /home/skr/linglong_1025_2/ros2_ws/install-ubuntu/linglong_control/lib/linglong_control/control_diagnostics --ros-args --params-file /tmp/launch_params_0fr43vr7
2026-09-30T17:50:00+08:00
  30914     749  2.7 36520 /opt/ros/jazzy/lib/robot_state_publisher/robot_state_publisher --ros-args --params-file /tmp/launch_params_f1goioeb
  30915     749 12.9 56140 /opt/ros/jazzy/lib/controller_manager/ros2_control_node --ros-args --params-file /home/skr/linglong_1025_2/ros2_ws/install-ubuntu/linglong_control/share/linglong_control/config/controllers.yaml --params-file /tmp/launch_params_bc2qaz_q -r ~/robot_description:=/robot_description
  30917     749 10.6 77236 python3 /home/skr/linglong_1025_2/ros2_ws/install-ubuntu/linglong_control/lib/linglong_control/control_diagnostics --ros-args --params-file /tmp/launch_params_0fr43vr7
2026-09-30T17:50:15+08:00
  30914     764  2.7 36520 /opt/ros/jazzy/lib/robot_state_publisher/robot_state_publisher --ros-args --params-file /tmp/launch_params_f1goioeb
  30915     764 12.8 56140 /opt/ros/jazzy/lib/controller_manager/ros2_control_node --ros-args --params-file /home/skr/linglong_1025_2/ros2_ws/install-ubuntu/linglong_control/share/linglong_control/config/controllers.yaml --params-file /tmp/launch_params_bc2qaz_q -r ~/robot_description:=/robot_description
  30917     764 10.6 77236 python3 /home/skr/linglong_1025_2/ros2_ws/install-ubuntu/linglong_control/lib/linglong_control/control_diagnostics --ros-args --params-file /tmp/launch_params_0fr43vr7
2026-09-30T17:50:30+08:00
  30914     779  2.7 36584 /opt/ros/jazzy/lib/robot_state_publisher/robot_state_publisher --ros-args --params-file /tmp/launch_params_f1goioeb
  30915     779 12.7 56204 /opt/ros/jazzy/lib/controller_manager/ros2_control_node --ros-args --params-file /home/skr/linglong_1025_2/ros2_ws/install-ubuntu/linglong_control/share/linglong_control/config/controllers.yaml --params-file /tmp/launch_params_bc2qaz_q -r ~/robot_description:=/robot_description
  30917     779 10.5 77236 python3 /home/skr/linglong_1025_2/ros2_ws/install-ubuntu/linglong_control/lib/linglong_control/control_diagnostics --ros-args --params-file /tmp/launch_params_0fr43vr7
2026-09-30T17:50:45+08:00
  30914     794  2.7 36416 /opt/ros/jazzy/lib/robot_state_publisher/robot_state_publisher --ros-args --params-file /tmp/launch_params_f1goioeb
  30915     794 12.7 56140 /opt/ros/jazzy/lib/controller_manager/ros2_control_node --ros-args --params-file /home/skr/linglong_1025_2/ros2_ws/install-ubuntu/linglong_control/share/linglong_control/config/controllers.yaml --params-file /tmp/launch_params_bc2qaz_q -r ~/robot_description:=/robot_description
  30917     794 10.5 77236 python3 /home/skr/linglong_1025_2/ros2_ws/install-ubuntu/linglong_control/lib/linglong_control/control_diagnostics --ros-args --params-file /tmp/launch_params_0fr43vr7
2026-09-30T17:50:59+08:00
  30914     807  2.7 36520 /opt/ros/jazzy/lib/robot_state_publisher/robot_state_publisher --ros-args --params-file /tmp/launch_params_f1goioeb
  30915     807 12.6 56140 /opt/ros/jazzy/lib/controller_manager/ros2_control_node --ros-args --params-file /home/skr/linglong_1025_2/ros2_ws/install-ubuntu/linglong_control/share/linglong_control/config/controllers.yaml --params-file /tmp/launch_params_bc2qaz_q -r ~/robot_description:=/robot_description
  30917     807 10.4 77304 python3 /home/skr/linglong_1025_2/ros2_ws/install-ubuntu/linglong_control/lib/linglong_control/control_diagnostics --ros-args --params-file /tmp/launch_params_0fr43vr7
2026-09-30T17:51:11+08:00
  30914     819  2.7 36520 /opt/ros/jazzy/lib/robot_state_publisher/robot_state_publisher --ros-args --params-file /tmp/launch_params_f1goioeb
  30915     819 12.6 56140 /opt/ros/jazzy/lib/controller_manager/ros2_control_node --ros-args --params-file /home/skr/linglong_1025_2/ros2_ws/install-ubuntu/linglong_control/share/linglong_control/config/controllers.yaml --params-file /tmp/launch_params_bc2qaz_q -r ~/robot_description:=/robot_description
  30917     819 10.4 77240 python3 /home/skr/linglong_1025_2/ros2_ws/install-ubuntu/linglong_control/lib/linglong_control/control_diagnostics --ros-args --params-file /tmp/launch_params_0fr43vr7
2026-09-30T17:51:24+08:00
  30914     832  2.7 36416 /opt/ros/jazzy/lib/robot_state_publisher/robot_state_publisher --ros-args --params-file /tmp/launch_params_f1goioeb
  30915     832 12.5 56140 /opt/ros/jazzy/lib/controller_manager/ros2_control_node --ros-args --params-file /home/skr/linglong_1025_2/ros2_ws/install-ubuntu/linglong_control/share/linglong_control/config/controllers.yaml --params-file /tmp/launch_params_bc2qaz_q -r ~/robot_description:=/robot_description
  30917     832 10.3 77240 python3 /home/skr/linglong_1025_2/ros2_ws/install-ubuntu/linglong_control/lib/linglong_control/control_diagnostics --ros-args --params-file /tmp/launch_params_0fr43vr7
2026-09-30T17:51:36+08:00
  30914     845  2.6 36584 /opt/ros/jazzy/lib/robot_state_publisher/robot_state_publisher --ros-args --params-file /tmp/launch_params_f1goioeb
  30915     845 12.5 56076 /opt/ros/jazzy/lib/controller_manager/ros2_control_node --ros-args --params-file /home/skr/linglong_1025_2/ros2_ws/install-ubuntu/linglong_control/share/linglong_control/config/controllers.yaml --params-file /tmp/launch_params_bc2qaz_q -r ~/robot_description:=/robot_description
  30917     845 10.3 77240 python3 /home/skr/linglong_1025_2/ros2_ws/install-ubuntu/linglong_control/lib/linglong_control/control_diagnostics --ros-args --params-file /tmp/launch_params_0fr43vr7
2026-09-30T17:51:51+08:00
  30914     860  2.6 36520 /opt/ros/jazzy/lib/robot_state_publisher/robot_state_publisher --ros-args --params-file /tmp/launch_params_f1goioeb
  30915     860 12.4 56140 /opt/ros/jazzy/lib/controller_manager/ros2_control_node --ros-args --params-file /home/skr/linglong_1025_2/ros2_ws/install-ubuntu/linglong_control/share/linglong_control/config/controllers.yaml --params-file /tmp/launch_params_bc2qaz_q -r ~/robot_description:=/robot_description
  30917     860 10.3 77240 python3 /home/skr/linglong_1025_2/ros2_ws/install-ubuntu/linglong_control/lib/linglong_control/control_diagnostics --ros-args --params-file /tmp/launch_params_0fr43vr7
2026-09-30T17:52:06+08:00
  30914     874  2.6 36352 /opt/ros/jazzy/lib/robot_state_publisher/robot_state_publisher --ros-args --params-file /tmp/launch_params_f1goioeb
  30915     874 12.4 56076 /opt/ros/jazzy/lib/controller_manager/ros2_control_node --ros-args --params-file /home/skr/linglong_1025_2/ros2_ws/install-ubuntu/linglong_control/share/linglong_control/config/controllers.yaml --params-file /tmp/launch_params_bc2qaz_q -r ~/robot_description:=/robot_description
  30917     874 10.2 77240 python3 /home/skr/linglong_1025_2/ros2_ws/install-ubuntu/linglong_control/lib/linglong_control/control_diagnostics --ros-args --params-file /tmp/launch_params_0fr43vr7
2026-09-30T17:52:21+08:00
  30914     889  2.6 36520 /opt/ros/jazzy/lib/robot_state_publisher/robot_state_publisher --ros-args --params-file /tmp/launch_params_f1goioeb
  30915     889 12.3 56140 /opt/ros/jazzy/lib/controller_manager/ros2_control_node --ros-args --params-file /home/skr/linglong_1025_2/ros2_ws/install-ubuntu/linglong_control/share/linglong_control/config/controllers.yaml --params-file /tmp/launch_params_bc2qaz_q -r ~/robot_description:=/robot_description
  30917     889 10.2 77240 python3 /home/skr/linglong_1025_2/ros2_ws/install-ubuntu/linglong_control/lib/linglong_control/control_diagnostics --ros-args --params-file /tmp/launch_params_0fr43vr7
2026-09-30T17:52:35+08:00
  30914     904  2.6 36520 /opt/ros/jazzy/lib/robot_state_publisher/robot_state_publisher --ros-args --params-file /tmp/launch_params_f1goioeb
  30915     904 12.3 56140 /opt/ros/jazzy/lib/controller_manager/ros2_control_node --ros-args --params-file /home/skr/linglong_1025_2/ros2_ws/install-ubuntu/linglong_control/share/linglong_control/config/controllers.yaml --params-file /tmp/launch_params_bc2qaz_q -r ~/robot_description:=/robot_description
  30917     904 10.1 77304 python3 /home/skr/linglong_1025_2/ros2_ws/install-ubuntu/linglong_control/lib/linglong_control/control_diagnostics --ros-args --params-file /tmp/launch_params_0fr43vr7
2026-09-30T17:52:48+08:00
  30914     917  2.6 36520 /opt/ros/jazzy/lib/robot_state_publisher/robot_state_publisher --ros-args --params-file /tmp/launch_params_f1goioeb
  30915     917 12.2 56140 /opt/ros/jazzy/lib/controller_manager/ros2_control_node --ros-args --params-file /home/skr/linglong_1025_2/ros2_ws/install-ubuntu/linglong_control/share/linglong_control/config/controllers.yaml --params-file /tmp/launch_params_bc2qaz_q -r ~/robot_description:=/robot_description
  30917     917 10.1 77240 python3 /home/skr/linglong_1025_2/ros2_ws/install-ubuntu/linglong_control/lib/linglong_control/control_diagnostics --ros-args --params-file /tmp/launch_params_0fr43vr7
2026-09-30T17:53:00+08:00
  30914     929  2.6 36352 /opt/ros/jazzy/lib/robot_state_publisher/robot_state_publisher --ros-args --params-file /tmp/launch_params_f1goioeb
  30915     929 12.2 56076 /opt/ros/jazzy/lib/controller_manager/ros2_control_node --ros-args --params-file /home/skr/linglong_1025_2/ros2_ws/install-ubuntu/linglong_control/share/linglong_control/config/controllers.yaml --params-file /tmp/launch_params_bc2qaz_q -r ~/robot_description:=/robot_description
  30917     929 10.1 77240 python3 /home/skr/linglong_1025_2/ros2_ws/install-ubuntu/linglong_control/lib/linglong_control/control_diagnostics --ros-args --params-file /tmp/launch_params_0fr43vr7
2026-09-30T17:53:15+08:00
  30914     943  2.6 36520 /opt/ros/jazzy/lib/robot_state_publisher/robot_state_publisher --ros-args --params-file /tmp/launch_params_f1goioeb
  30915     943 12.1 56140 /opt/ros/jazzy/lib/controller_manager/ros2_control_node --ros-args --params-file /home/skr/linglong_1025_2/ros2_ws/install-ubuntu/linglong_control/share/linglong_control/config/controllers.yaml --params-file /tmp/launch_params_bc2qaz_q -r ~/robot_description:=/robot_description
  30917     943 10.0 77240 python3 /home/skr/linglong_1025_2/ros2_ws/install-ubuntu/linglong_control/lib/linglong_control/control_diagnostics --ros-args --params-file /tmp/launch_params_0fr43vr7
2026-09-30T17:53:29+08:00
  30914     957  2.6 36352 /opt/ros/jazzy/lib/robot_state_publisher/robot_state_publisher --ros-args --params-file /tmp/launch_params_f1goioeb
  30915     957 12.1 56076 /opt/ros/jazzy/lib/controller_manager/ros2_control_node --ros-args --params-file /home/skr/linglong_1025_2/ros2_ws/install-ubuntu/linglong_control/share/linglong_control/config/controllers.yaml --params-file /tmp/launch_params_bc2qaz_q -r ~/robot_description:=/robot_description
  30917     957 10.0 77304 python3 /home/skr/linglong_1025_2/ros2_ws/install-ubuntu/linglong_control/lib/linglong_control/control_diagnostics --ros-args --params-file /tmp/launch_params_0fr43vr7
2026-09-30T17:53:41+08:00
  30914     969  2.6 36456 /opt/ros/jazzy/lib/robot_state_publisher/robot_state_publisher --ros-args --params-file /tmp/launch_params_f1goioeb
  30915     969 12.0 56140 /opt/ros/jazzy/lib/controller_manager/ros2_control_node --ros-args --params-file /home/skr/linglong_1025_2/ros2_ws/install-ubuntu/linglong_control/share/linglong_control/config/controllers.yaml --params-file /tmp/launch_params_bc2qaz_q -r ~/robot_description:=/robot_description
  30917     969 10.0 77240 python3 /home/skr/linglong_1025_2/ros2_ws/install-ubuntu/linglong_control/lib/linglong_control/control_diagnostics --ros-args --params-file /tmp/launch_params_0fr43vr7
2026-09-30T17:53:53+08:00
  30914     982  2.6 36520 /opt/ros/jazzy/lib/robot_state_publisher/robot_state_publisher --ros-args --params-file /tmp/launch_params_f1goioeb
  30915     982 12.0 56140 /opt/ros/jazzy/lib/controller_manager/ros2_control_node --ros-args --params-file /home/skr/linglong_1025_2/ros2_ws/install-ubuntu/linglong_control/share/linglong_control/config/controllers.yaml --params-file /tmp/launch_params_bc2qaz_q -r ~/robot_description:=/robot_description
  30917     982  9.9 77304 python3 /home/skr/linglong_1025_2/ros2_ws/install-ubuntu/linglong_control/lib/linglong_control/control_diagnostics --ros-args --params-file /tmp/launch_params_0fr43vr7
2026-09-30T17:54:09+08:00
  30914     998  2.6 36520 /opt/ros/jazzy/lib/robot_state_publisher/robot_state_publisher --ros-args --params-file /tmp/launch_params_f1goioeb
  30915     998 12.0 56140 /opt/ros/jazzy/lib/controller_manager/ros2_control_node --ros-args --params-file /home/skr/linglong_1025_2/ros2_ws/install-ubuntu/linglong_control/share/linglong_control/config/controllers.yaml --params-file /tmp/launch_params_bc2qaz_q -r ~/robot_description:=/robot_description
  30917     998  9.9 77304 python3 /home/skr/linglong_1025_2/ros2_ws/install-ubuntu/linglong_control/lib/linglong_control/control_diagnostics --ros-args --params-file /tmp/launch_params_0fr43vr7
