/workspace/delivery/linglong-jazzy-20261001-fault-stop-v1/ros2_ws/src/linglong_control/src/sim_system.cpp: In member function ‘virtual hardware_interface::CallbackReturn linglong_control::SimSystem::on_init(const hardware_interface::HardwareInfo&)’:
/workspace/delivery/linglong-jazzy-20261001-fault-stop-v1/ros2_ws/src/linglong_control/src/sim_system.cpp:39:31: warning: ‘virtual rclcpp_lifecycle::node_interfaces::LifecycleNodeInterface::CallbackReturn hardware_interface::HardwareComponentInterface::on_init(const hardware_interface::HardwareInfo&)’ is deprecated: Use on_init(const HardwareComponentInterfaceParams & params) instead. [-Wdeprecated-declarations]
   39 |   if (SystemInterface::on_init(info) != hardware_interface::CallbackReturn::SUCCESS) {
      |       ~~~~~~~~~~~~~~~~~~~~~~~~^~~~~~
In file included from /opt/ros/jazzy/include/hardware_interface/hardware_interface/system_interface.hpp:18,
                 from /workspace/delivery/linglong-jazzy-20261001-fault-stop-v1/ros2_ws/src/linglong_control/include/linglong_control/sim_system.hpp:7,
                 from /workspace/delivery/linglong-jazzy-20261001-fault-stop-v1/ros2_ws/src/linglong_control/src/sim_system.cpp:1:
/opt/ros/jazzy/include/hardware_interface/hardware_interface/hardware_component_interface.hpp:140:26: note: declared here
  140 |   virtual CallbackReturn on_init(const HardwareInfo & hardware_info);
      |                          ^~~~~~~
In file included from /opt/ros/jazzy/src/gtest_vendor/include/gtest/gtest.h:72,
                 from /workspace/delivery/linglong-jazzy-20261001-fault-stop-v1/ros2_ws/src/linglong_control/test/test_plugin.cpp:1:
/workspace/delivery/linglong-jazzy-20261001-fault-stop-v1/ros2_ws/src/linglong_control/test/test_plugin.cpp: In member function ‘virtual void SimPlugin_InterfacesActivationAndFaultLatch_Test::TestBody()’:
/workspace/delivery/linglong-jazzy-20261001-fault-stop-v1/ros2_ws/src/linglong_control/test/test_plugin.cpp:72:70: warning: ‘double hardware_interface::Handle::get_value() const’ is deprecated: Use std::optional<T> get_optional() instead to retrieve the value. This method will be removed by the ROS 2 Kilted Kaiju release. [-Wdeprecated-declarations]
   72 |   for (auto & command : commands) {EXPECT_DOUBLE_EQ(command.get_value(), 0.2);}
      |                                                     ~~~~~~~~~~~~~~~~~^~
In file included from /opt/ros/jazzy/include/hardware_interface/hardware_interface/hardware_component_interface.hpp:28,
                 from /opt/ros/jazzy/include/hardware_interface/hardware_interface/system_interface.hpp:18,
                 from /workspace/delivery/linglong-jazzy-20261001-fault-stop-v1/ros2_ws/src/linglong_control/include/linglong_control/sim_system.hpp:7,
                 from /workspace/delivery/linglong-jazzy-20261001-fault-stop-v1/ros2_ws/src/linglong_control/test/test_plugin.cpp:2:
/opt/ros/jazzy/include/hardware_interface/hardware_interface/handle.hpp:304:10: note: declared here
  304 |   double get_value() const
      |          ^~~~~~~~~
In file included from /opt/ros/jazzy/src/gtest_vendor/include/gtest/gtest-printers.h:122,
                 from /opt/ros/jazzy/src/gtest_vendor/include/gtest/gtest-matchers.h:49,
                 from /opt/ros/jazzy/src/gtest_vendor/include/gtest/internal/gtest-death-test-internal.h:47,
                 from /opt/ros/jazzy/src/gtest_vendor/include/gtest/gtest-death-test.h:43,
                 from /opt/ros/jazzy/src/gtest_vendor/include/gtest/gtest.h:65:
/workspace/delivery/linglong-jazzy-20261001-fault-stop-v1/ros2_ws/src/linglong_control/test/test_plugin.cpp:83:45: warning: ‘double hardware_interface::Handle::get_value() const’ is deprecated: Use std::optional<T> get_optional() instead to retrieve the value. This method will be removed by the ROS 2 Kilted Kaiju release. [-Wdeprecated-declarations]
   83 |   EXPECT_TRUE(std::isnan(states[0].get_value()));
      |                          ~~~~~~~~~~~~~~~~~~~^~
/opt/ros/jazzy/include/hardware_interface/hardware_interface/handle.hpp:304:10: note: declared here
  304 |   double get_value() const
      |          ^~~~~~~~~
/workspace/delivery/linglong-jazzy-20261001-fault-stop-v1/ros2_ws/src/linglong_control/test/test_plugin.cpp: In lambda function:
/workspace/delivery/linglong-jazzy-20261001-fault-stop-v1/ros2_ws/src/linglong_control/test/test_plugin.cpp:99:62: warning: ‘double hardware_interface::Handle::get_value() const’ is deprecated: Use std::optional<T> get_optional() instead to retrieve the value. This method will be removed by the ROS 2 Kilted Kaiju release. [-Wdeprecated-declarations]
   99 |   const auto phase = [&states]() {return states[16].get_value();};
      |                                          ~~~~~~~~~~~~~~~~~~~~^~
/opt/ros/jazzy/include/hardware_interface/hardware_interface/handle.hpp:304:10: note: declared here
  304 |   double get_value() const
      |          ^~~~~~~~~
/workspace/delivery/linglong-jazzy-20261001-fault-stop-v1/ros2_ws/src/linglong_control/test/test_plugin.cpp: In member function ‘virtual void SimPlugin_StateGuardsOwnershipAndTerminalShutdown_Test::TestBody()’:
/workspace/delivery/linglong-jazzy-20261001-fault-stop-v1/ros2_ws/src/linglong_control/test/test_plugin.cpp:114:33: warning: ‘double hardware_interface::Handle::get_value() const’ is deprecated: Use std::optional<T> get_optional() instead to retrieve the value. This method will be removed by the ROS 2 Kilted Kaiju release. [-Wdeprecated-declarations]
  114 |   EXPECT_EQ(states[18].get_value(), 1);
      |             ~~~~~~~~~~~~~~~~~~~~^~
/opt/ros/jazzy/include/hardware_interface/hardware_interface/handle.hpp:304:10: note: declared here
  304 |   double get_value() const
      |          ^~~~~~~~~
/workspace/delivery/linglong-jazzy-20261001-fault-stop-v1/ros2_ws/src/linglong_control/test/test_plugin.cpp:117:33: warning: ‘double hardware_interface::Handle::get_value() const’ is deprecated: Use std::optional<T> get_optional() instead to retrieve the value. This method will be removed by the ROS 2 Kilted Kaiju release. [-Wdeprecated-declarations]
  117 |   EXPECT_EQ(states[18].get_value(), 0);
      |             ~~~~~~~~~~~~~~~~~~~~^~
/opt/ros/jazzy/include/hardware_interface/hardware_interface/handle.hpp:304:10: note: declared here
  304 |   double get_value() const
      |          ^~~~~~~~~
/workspace/delivery/linglong-jazzy-20261001-fault-stop-v1/ros2_ws/src/linglong_control/test/test_plugin.cpp: In member function ‘virtual void SimPlugin_SupervisedFaultPublishesLatchUntilOrderedRelease_Test::TestBody()’:
/workspace/delivery/linglong-jazzy-20261001-fault-stop-v1/ros2_ws/src/linglong_control/test/test_plugin.cpp:142:32: warning: ‘double hardware_interface::Handle::get_value() const’ is deprecated: Use std::optional<T> get_optional() instead to retrieve the value. This method will be removed by the ROS 2 Kilted Kaiju release. [-Wdeprecated-declarations]
  142 |   EXPECT_EQ(states[9].get_value(), 0);  // active
      |             ~~~~~~~~~~~~~~~~~~~^~
/opt/ros/jazzy/include/hardware_interface/hardware_interface/handle.hpp:304:10: note: declared here
  304 |   double get_value() const
      |          ^~~~~~~~~
/workspace/delivery/linglong-jazzy-20261001-fault-stop-v1/ros2_ws/src/linglong_control/test/test_plugin.cpp:143:33: warning: ‘double hardware_interface::Handle::get_value() const’ is deprecated: Use std::optional<T> get_optional() instead to retrieve the value. This method will be removed by the ROS 2 Kilted Kaiju release. [-Wdeprecated-declarations]
  143 |   EXPECT_EQ(states[10].get_value(), 7);  // injected fault
      |             ~~~~~~~~~~~~~~~~~~~~^~
/opt/ros/jazzy/include/hardware_interface/hardware_interface/handle.hpp:304:10: note: declared here
  304 |   double get_value() const
      |          ^~~~~~~~~
/workspace/delivery/linglong-jazzy-20261001-fault-stop-v1/ros2_ws/src/linglong_control/test/test_plugin.cpp:144:33: warning: ‘double hardware_interface::Handle::get_value() const’ is deprecated: Use std::optional<T> get_optional() instead to retrieve the value. This method will be removed by the ROS 2 Kilted Kaiju release. [-Wdeprecated-declarations]
  144 |   EXPECT_EQ(states[18].get_value(), 0);  // commands disabled
      |             ~~~~~~~~~~~~~~~~~~~~^~
/opt/ros/jazzy/include/hardware_interface/hardware_interface/handle.hpp:304:10: note: declared here
  304 |   double get_value() const
      |          ^~~~~~~~~
/workspace/delivery/linglong-jazzy-20261001-fault-stop-v1/ros2_ws/src/linglong_control/test/test_plugin.cpp:145:45: warning: ‘double hardware_interface::Handle::get_value() const’ is deprecated: Use std::optional<T> get_optional() instead to retrieve the value. This method will be removed by the ROS 2 Kilted Kaiju release. [-Wdeprecated-declarations]
  145 |   const double cycles = states[11].get_value();
      |                         ~~~~~~~~~~~~~~~~~~~~^~
/opt/ros/jazzy/include/hardware_interface/hardware_interface/handle.hpp:304:10: note: declared here
  304 |   double get_value() const
      |          ^~~~~~~~~
/workspace/delivery/linglong-jazzy-20261001-fault-stop-v1/ros2_ws/src/linglong_control/test/test_plugin.cpp:151:35: warning: ‘double hardware_interface::Handle::get_value() const’ is deprecated: Use std::optional<T> get_optional() instead to retrieve the value. This method will be removed by the ROS 2 Kilted Kaiju release. [-Wdeprecated-declarations]
  151 |     EXPECT_EQ(states[11].get_value(), cycles);  // No fabricated progress while faulted.
      |               ~~~~~~~~~~~~~~~~~~~~^~
/opt/ros/jazzy/include/hardware_interface/hardware_interface/handle.hpp:304:10: note: declared here
  304 |   double get_value() const
      |          ^~~~~~~~~
/workspace/delivery/linglong-jazzy-20261001-fault-stop-v1/ros2_ws/src/linglong_control/test/test_plugin.cpp:152:47: warning: ‘double hardware_interface::Handle::get_value() const’ is deprecated: Use std::optional<T> get_optional() instead to retrieve the value. This method will be removed by the ROS 2 Kilted Kaiju release. [-Wdeprecated-declarations]
  152 |     EXPECT_TRUE(std::isnan(states[0].get_value()));
      |                            ~~~~~~~~~~~~~~~~~~~^~
/opt/ros/jazzy/include/hardware_interface/hardware_interface/handle.hpp:304:10: note: declared here
  304 |   double get_value() const
      |          ^~~~~~~~~
/workspace/delivery/linglong-jazzy-20261001-fault-stop-v1/ros2_ws/src/linglong_control/test/test_plugin.cpp:153:35: warning: ‘double hardware_interface::Handle::get_value() const’ is deprecated: Use std::optional<T> get_optional() instead to retrieve the value. This method will be removed by the ROS 2 Kilted Kaiju release. [-Wdeprecated-declarations]
  153 |     EXPECT_EQ(states[10].get_value(), 7);
      |               ~~~~~~~~~~~~~~~~~~~~^~
/opt/ros/jazzy/include/hardware_interface/hardware_interface/handle.hpp:304:10: note: declared here
  304 |   double get_value() const
      |          ^~~~~~~~~
/workspace/delivery/linglong-jazzy-20261001-fault-stop-v1/ros2_ws/src/linglong_control/test/test_plugin.cpp:159:33: warning: ‘double hardware_interface::Handle::get_value() const’ is deprecated: Use std::optional<T> get_optional() instead to retrieve the value. This method will be removed by the ROS 2 Kilted Kaiju release. [-Wdeprecated-declarations]
  159 |   EXPECT_EQ(states[10].get_value(), 7);
      |             ~~~~~~~~~~~~~~~~~~~~^~
/opt/ros/jazzy/include/hardware_interface/hardware_interface/handle.hpp:304:10: note: declared here
  304 |   double get_value() const
      |          ^~~~~~~~~
/workspace/delivery/linglong-jazzy-20261001-fault-stop-v1/ros2_ws/src/linglong_control/test/test_plugin.cpp:162:32: warning: ‘double hardware_interface::Handle::get_value() const’ is deprecated: Use std::optional<T> get_optional() instead to retrieve the value. This method will be removed by the ROS 2 Kilted Kaiju release. [-Wdeprecated-declarations]
  162 |   EXPECT_EQ(states[9].get_value(), 0);
      |             ~~~~~~~~~~~~~~~~~~~^~
/opt/ros/jazzy/include/hardware_interface/hardware_interface/handle.hpp:304:10: note: declared here
  304 |   double get_value() const
      |          ^~~~~~~~~
