2026-10-01T13:27:52+08:00
   6964      18  2.2 37236 /opt/ros/jazzy/lib/robot_state_publisher/robot_state_publisher --ros-args --params-file /tmp/launch_params_58u54axk
   6965      18  8.8 55780 /opt/ros/jazzy/lib/controller_manager/ros2_control_node --ros-args --params-file /home/skr/linglong_1025_2/ros2_ws/install-ubuntu/linglong_control/share/linglong_control/config/controllers.yaml --params-file /tmp/launch_params_288adhcd -r ~/robot_description:=/robot_description
   6967      18  8.6 77228 python3 /home/skr/linglong_1025_2/ros2_ws/install-ubuntu/linglong_control/lib/linglong_control/control_diagnostics --ros-args --params-file /tmp/launch_params_1uhp84zb
2026-10-01T13:28:06+08:00
   6964      31  2.0 37108 /opt/ros/jazzy/lib/robot_state_publisher/robot_state_publisher --ros-args --params-file /tmp/launch_params_58u54axk
   6965      31  8.3 55800 /opt/ros/jazzy/lib/controller_manager/ros2_control_node --ros-args --params-file /home/skr/linglong_1025_2/ros2_ws/install-ubuntu/linglong_control/share/linglong_control/config/controllers.yaml --params-file /tmp/launch_params_288adhcd -r ~/robot_description:=/robot_description
   6967      31  7.6 77192 python3 /home/skr/linglong_1025_2/ros2_ws/install-ubuntu/linglong_control/lib/linglong_control/control_diagnostics --ros-args --params-file /tmp/launch_params_1uhp84zb
2026-10-01T13:28:21+08:00
   6964      46  1.8 37108 /opt/ros/jazzy/lib/robot_state_publisher/robot_state_publisher --ros-args --params-file /tmp/launch_params_58u54axk
   6965      46  8.1 55804 /opt/ros/jazzy/lib/controller_manager/ros2_control_node --ros-args --params-file /home/skr/linglong_1025_2/ros2_ws/install-ubuntu/linglong_control/share/linglong_control/config/controllers.yaml --params-file /tmp/launch_params_288adhcd -r ~/robot_description:=/robot_description
   6967      46  7.1 77264 python3 /home/skr/linglong_1025_2/ros2_ws/install-ubuntu/linglong_control/lib/linglong_control/control_diagnostics --ros-args --params-file /tmp/launch_params_1uhp84zb
2026-10-01T13:28:36+08:00
   6964      61  1.8 37176 /opt/ros/jazzy/lib/robot_state_publisher/robot_state_publisher --ros-args --params-file /tmp/launch_params_58u54axk
   6965      61  8.0 55804 /opt/ros/jazzy/lib/controller_manager/ros2_control_node --ros-args --params-file /home/skr/linglong_1025_2/ros2_ws/install-ubuntu/linglong_control/share/linglong_control/config/controllers.yaml --params-file /tmp/launch_params_288adhcd -r ~/robot_description:=/robot_description
   6967      61  6.9 77204 python3 /home/skr/linglong_1025_2/ros2_ws/install-ubuntu/linglong_control/lib/linglong_control/control_diagnostics --ros-args --params-file /tmp/launch_params_1uhp84zb
2026-10-01T13:28:47+08:00
   6964      73  1.7 37184 /opt/ros/jazzy/lib/robot_state_publisher/robot_state_publisher --ros-args --params-file /tmp/launch_params_58u54axk
   6965      73  7.9 55812 /opt/ros/jazzy/lib/controller_manager/ros2_control_node --ros-args --params-file /home/skr/linglong_1025_2/ros2_ws/install-ubuntu/linglong_control/share/linglong_control/config/controllers.yaml --params-file /tmp/launch_params_288adhcd -r ~/robot_description:=/robot_description
   6967      73  6.8 77204 python3 /home/skr/linglong_1025_2/ros2_ws/install-ubuntu/linglong_control/lib/linglong_control/control_diagnostics --ros-args --params-file /tmp/launch_params_1uhp84zb
2026-10-01T13:28:59+08:00
   6964      84  1.7 37248 /opt/ros/jazzy/lib/robot_state_publisher/robot_state_publisher --ros-args --params-file /tmp/launch_params_58u54axk
   6965      84  7.9 55876 /opt/ros/jazzy/lib/controller_manager/ros2_control_node --ros-args --params-file /home/skr/linglong_1025_2/ros2_ws/install-ubuntu/linglong_control/share/linglong_control/config/controllers.yaml --params-file /tmp/launch_params_288adhcd -r ~/robot_description:=/robot_description
   6967      84  6.8 77208 python3 /home/skr/linglong_1025_2/ros2_ws/install-ubuntu/linglong_control/lib/linglong_control/control_diagnostics --ros-args --params-file /tmp/launch_params_1uhp84zb
2026-10-01T13:29:12+08:00
   6964      97  1.7 37192 /opt/ros/jazzy/lib/robot_state_publisher/robot_state_publisher --ros-args --params-file /tmp/launch_params_58u54axk
   6965      97  7.9 55820 /opt/ros/jazzy/lib/controller_manager/ros2_control_node --ros-args --params-file /home/skr/linglong_1025_2/ros2_ws/install-ubuntu/linglong_control/share/linglong_control/config/controllers.yaml --params-file /tmp/launch_params_288adhcd -r ~/robot_description:=/robot_description
   6967      97  6.7 77208 python3 /home/skr/linglong_1025_2/ros2_ws/install-ubuntu/linglong_control/lib/linglong_control/control_diagnostics --ros-args --params-file /tmp/launch_params_1uhp84zb
2026-10-01T13:29:27+08:00
   6964     112  1.7 37192 /opt/ros/jazzy/lib/robot_state_publisher/robot_state_publisher --ros-args --params-file /tmp/launch_params_58u54axk
   6965     112  7.9 55820 /opt/ros/jazzy/lib/controller_manager/ros2_control_node --ros-args --params-file /home/skr/linglong_1025_2/ros2_ws/install-ubuntu/linglong_control/share/linglong_control/config/controllers.yaml --params-file /tmp/launch_params_288adhcd -r ~/robot_description:=/robot_description
   6967     112  6.7 77208 python3 /home/skr/linglong_1025_2/ros2_ws/install-ubuntu/linglong_control/lib/linglong_control/control_diagnostics --ros-args --params-file /tmp/launch_params_1uhp84zb
2026-10-01T13:29:40+08:00
   6964     126  1.7 37076 /opt/ros/jazzy/lib/robot_state_publisher/robot_state_publisher --ros-args --params-file /tmp/launch_params_58u54axk
   6965     126  7.9 55756 /opt/ros/jazzy/lib/controller_manager/ros2_control_node --ros-args --params-file /home/skr/linglong_1025_2/ros2_ws/install-ubuntu/linglong_control/share/linglong_control/config/controllers.yaml --params-file /tmp/launch_params_288adhcd -r ~/robot_description:=/robot_description
   6967     126  6.6 77272 python3 /home/skr/linglong_1025_2/ros2_ws/install-ubuntu/linglong_control/lib/linglong_control/control_diagnostics --ros-args --params-file /tmp/launch_params_1uhp84zb
2026-10-01T13:29:53+08:00
   6964     139  1.7 37088 /opt/ros/jazzy/lib/robot_state_publisher/robot_state_publisher --ros-args --params-file /tmp/launch_params_58u54axk
   6965     139  7.9 55820 /opt/ros/jazzy/lib/controller_manager/ros2_control_node --ros-args --params-file /home/skr/linglong_1025_2/ros2_ws/install-ubuntu/linglong_control/share/linglong_control/config/controllers.yaml --params-file /tmp/launch_params_288adhcd -r ~/robot_description:=/robot_description
   6967     139  6.6 77208 python3 /home/skr/linglong_1025_2/ros2_ws/install-ubuntu/linglong_control/lib/linglong_control/control_diagnostics --ros-args --params-file /tmp/launch_params_1uhp84zb
2026-10-01T13:30:09+08:00
   6964     154  1.7 37192 /opt/ros/jazzy/lib/robot_state_publisher/robot_state_publisher --ros-args --params-file /tmp/launch_params_58u54axk
   6965     154  7.9 55820 /opt/ros/jazzy/lib/controller_manager/ros2_control_node --ros-args --params-file /home/skr/linglong_1025_2/ros2_ws/install-ubuntu/linglong_control/share/linglong_control/config/controllers.yaml --params-file /tmp/launch_params_288adhcd -r ~/robot_description:=/robot_description
   6967     154  6.6 77276 python3 /home/skr/linglong_1025_2/ros2_ws/install-ubuntu/linglong_control/lib/linglong_control/control_diagnostics --ros-args --params-file /tmp/launch_params_1uhp84zb
2026-10-01T13:30:24+08:00
   6964     169  1.7 37192 /opt/ros/jazzy/lib/robot_state_publisher/robot_state_publisher --ros-args --params-file /tmp/launch_params_58u54axk
   6965     169  7.9 55824 /opt/ros/jazzy/lib/controller_manager/ros2_control_node --ros-args --params-file /home/skr/linglong_1025_2/ros2_ws/install-ubuntu/linglong_control/share/linglong_control/config/controllers.yaml --params-file /tmp/launch_params_288adhcd -r ~/robot_description:=/robot_description
   6967     169  6.6 77212 python3 /home/skr/linglong_1025_2/ros2_ws/install-ubuntu/linglong_control/lib/linglong_control/control_diagnostics --ros-args --params-file /tmp/launch_params_1uhp84zb
2026-10-01T13:30:39+08:00
   6964     184  1.7 37088 /opt/ros/jazzy/lib/robot_state_publisher/robot_state_publisher --ros-args --params-file /tmp/launch_params_58u54axk
   6965     184  7.9 55824 /opt/ros/jazzy/lib/controller_manager/ros2_control_node --ros-args --params-file /home/skr/linglong_1025_2/ros2_ws/install-ubuntu/linglong_control/share/linglong_control/config/controllers.yaml --params-file /tmp/launch_params_288adhcd -r ~/robot_description:=/robot_description
   6967     184  6.6 77216 python3 /home/skr/linglong_1025_2/ros2_ws/install-ubuntu/linglong_control/lib/linglong_control/control_diagnostics --ros-args --params-file /tmp/launch_params_1uhp84zb
2026-10-01T13:30:52+08:00
   6964     198  1.7 37192 /opt/ros/jazzy/lib/robot_state_publisher/robot_state_publisher --ros-args --params-file /tmp/launch_params_58u54axk
   6965     198  7.8 55760 /opt/ros/jazzy/lib/controller_manager/ros2_control_node --ros-args --params-file /home/skr/linglong_1025_2/ros2_ws/install-ubuntu/linglong_control/share/linglong_control/config/controllers.yaml --params-file /tmp/launch_params_288adhcd -r ~/robot_description:=/robot_description
   6967     198  6.5 77280 python3 /home/skr/linglong_1025_2/ros2_ws/install-ubuntu/linglong_control/lib/linglong_control/control_diagnostics --ros-args --params-file /tmp/launch_params_1uhp84zb
2026-10-01T13:31:06+08:00
   6964     211  1.7 37192 /opt/ros/jazzy/lib/robot_state_publisher/robot_state_publisher --ros-args --params-file /tmp/launch_params_58u54axk
   6965     211  7.8 55824 /opt/ros/jazzy/lib/controller_manager/ros2_control_node --ros-args --params-file /home/skr/linglong_1025_2/ros2_ws/install-ubuntu/linglong_control/share/linglong_control/config/controllers.yaml --params-file /tmp/launch_params_288adhcd -r ~/robot_description:=/robot_description
   6967     211  6.5 77216 python3 /home/skr/linglong_1025_2/ros2_ws/install-ubuntu/linglong_control/lib/linglong_control/control_diagnostics --ros-args --params-file /tmp/launch_params_1uhp84zb
2026-10-01T13:31:18+08:00
   6964     223  1.7 37128 /opt/ros/jazzy/lib/robot_state_publisher/robot_state_publisher --ros-args --params-file /tmp/launch_params_58u54axk
   6965     223  7.8 55824 /opt/ros/jazzy/lib/controller_manager/ros2_control_node --ros-args --params-file /home/skr/linglong_1025_2/ros2_ws/install-ubuntu/linglong_control/share/linglong_control/config/controllers.yaml --params-file /tmp/launch_params_288adhcd -r ~/robot_description:=/robot_description
   6967     223  6.5 77216 python3 /home/skr/linglong_1025_2/ros2_ws/install-ubuntu/linglong_control/lib/linglong_control/control_diagnostics --ros-args --params-file /tmp/launch_params_1uhp84zb
2026-10-01T13:31:30+08:00
   6964     235  1.7 37192 /opt/ros/jazzy/lib/robot_state_publisher/robot_state_publisher --ros-args --params-file /tmp/launch_params_58u54axk
   6965     235  7.8 55824 /opt/ros/jazzy/lib/controller_manager/ros2_control_node --ros-args --params-file /home/skr/linglong_1025_2/ros2_ws/install-ubuntu/linglong_control/share/linglong_control/config/controllers.yaml --params-file /tmp/launch_params_288adhcd -r ~/robot_description:=/robot_description
   6967     235  6.5 77216 python3 /home/skr/linglong_1025_2/ros2_ws/install-ubuntu/linglong_control/lib/linglong_control/control_diagnostics --ros-args --params-file /tmp/launch_params_1uhp84zb
2026-10-01T13:31:42+08:00
   6964     248  1.7 37024 /opt/ros/jazzy/lib/robot_state_publisher/robot_state_publisher --ros-args --params-file /tmp/launch_params_58u54axk
   6965     248  7.8 55760 /opt/ros/jazzy/lib/controller_manager/ros2_control_node --ros-args --params-file /home/skr/linglong_1025_2/ros2_ws/install-ubuntu/linglong_control/share/linglong_control/config/controllers.yaml --params-file /tmp/launch_params_288adhcd -r ~/robot_description:=/robot_description
   6967     248  6.5 77216 python3 /home/skr/linglong_1025_2/ros2_ws/install-ubuntu/linglong_control/lib/linglong_control/control_diagnostics --ros-args --params-file /tmp/launch_params_1uhp84zb
2026-10-01T13:31:56+08:00
   6964     262  1.7 37192 /opt/ros/jazzy/lib/robot_state_publisher/robot_state_publisher --ros-args --params-file /tmp/launch_params_58u54axk
   6965     262  7.8 55836 /opt/ros/jazzy/lib/controller_manager/ros2_control_node --ros-args --params-file /home/skr/linglong_1025_2/ros2_ws/install-ubuntu/linglong_control/share/linglong_control/config/controllers.yaml --params-file /tmp/launch_params_288adhcd -r ~/robot_description:=/robot_description
   6967     262  6.5 77216 python3 /home/skr/linglong_1025_2/ros2_ws/install-ubuntu/linglong_control/lib/linglong_control/control_diagnostics --ros-args --params-file /tmp/launch_params_1uhp84zb
2026-10-01T13:32:10+08:00
   6964     276  1.7 37192 /opt/ros/jazzy/lib/robot_state_publisher/robot_state_publisher --ros-args --params-file /tmp/launch_params_58u54axk
   6965     276  7.8 55836 /opt/ros/jazzy/lib/controller_manager/ros2_control_node --ros-args --params-file /home/skr/linglong_1025_2/ros2_ws/install-ubuntu/linglong_control/share/linglong_control/config/controllers.yaml --params-file /tmp/launch_params_288adhcd -r ~/robot_description:=/robot_description
   6967     276  6.5 77280 python3 /home/skr/linglong_1025_2/ros2_ws/install-ubuntu/linglong_control/lib/linglong_control/control_diagnostics --ros-args --params-file /tmp/launch_params_1uhp84zb
2026-10-01T13:32:24+08:00
   6964     289  1.7 37088 /opt/ros/jazzy/lib/robot_state_publisher/robot_state_publisher --ros-args --params-file /tmp/launch_params_58u54axk
   6965     289  7.8 55836 /opt/ros/jazzy/lib/controller_manager/ros2_control_node --ros-args --params-file /home/skr/linglong_1025_2/ros2_ws/install-ubuntu/linglong_control/share/linglong_control/config/controllers.yaml --params-file /tmp/launch_params_288adhcd -r ~/robot_description:=/robot_description
   6967     289  6.5 77220 python3 /home/skr/linglong_1025_2/ros2_ws/install-ubuntu/linglong_control/lib/linglong_control/control_diagnostics --ros-args --params-file /tmp/launch_params_1uhp84zb
2026-10-01T13:32:36+08:00
   6964     301  1.7 37088 /opt/ros/jazzy/lib/robot_state_publisher/robot_state_publisher --ros-args --params-file /tmp/launch_params_58u54axk
   6965     301  7.8 55836 /opt/ros/jazzy/lib/controller_manager/ros2_control_node --ros-args --params-file /home/skr/linglong_1025_2/ros2_ws/install-ubuntu/linglong_control/share/linglong_control/config/controllers.yaml --params-file /tmp/launch_params_288adhcd -r ~/robot_description:=/robot_description
   6967     301  6.5 77220 python3 /home/skr/linglong_1025_2/ros2_ws/install-ubuntu/linglong_control/lib/linglong_control/control_diagnostics --ros-args --params-file /tmp/launch_params_1uhp84zb
