2026-09-30T16:44:45+08:00
  26794      35  1.9 36568 /opt/ros/jazzy/lib/robot_state_publisher/robot_state_publisher --ros-args --params-file /tmp/launch_params_rg8xqae4
  26795      35  9.4 55460 /opt/ros/jazzy/lib/controller_manager/ros2_control_node --ros-args --params-file /home/skr/linglong_1025_2/ros2_ws/install-ubuntu/linglong_control/share/linglong_control/config/controllers.yaml --params-file /tmp/launch_params_g8pjakt2 -r ~/robot_description:=/robot_description
  26797      35  8.0 77256 python3 /home/skr/linglong_1025_2/ros2_ws/install-ubuntu/linglong_control/lib/linglong_control/control_diagnostics --ros-args --params-file /tmp/launch_params_13i2byw_
2026-09-30T16:44:59+08:00
  26794      48  1.8 36636 /opt/ros/jazzy/lib/robot_state_publisher/robot_state_publisher --ros-args --params-file /tmp/launch_params_rg8xqae4
  26795      48  9.2 55472 /opt/ros/jazzy/lib/controller_manager/ros2_control_node --ros-args --params-file /home/skr/linglong_1025_2/ros2_ws/install-ubuntu/linglong_control/share/linglong_control/config/controllers.yaml --params-file /tmp/launch_params_g8pjakt2 -r ~/robot_description:=/robot_description
  26797      48  7.7 77328 python3 /home/skr/linglong_1025_2/ros2_ws/install-ubuntu/linglong_control/lib/linglong_control/control_diagnostics --ros-args --params-file /tmp/launch_params_13i2byw_
2026-09-30T16:45:12+08:00
  26794      61  1.8 36652 /opt/ros/jazzy/lib/robot_state_publisher/robot_state_publisher --ros-args --params-file /tmp/launch_params_rg8xqae4
  26795      61  9.0 55452 /opt/ros/jazzy/lib/controller_manager/ros2_control_node --ros-args --params-file /home/skr/linglong_1025_2/ros2_ws/install-ubuntu/linglong_control/share/linglong_control/config/controllers.yaml --params-file /tmp/launch_params_g8pjakt2 -r ~/robot_description:=/robot_description
  26797      61  7.4 77164 python3 /home/skr/linglong_1025_2/ros2_ws/install-ubuntu/linglong_control/lib/linglong_control/control_diagnostics --ros-args --params-file /tmp/launch_params_13i2byw_
2026-09-30T16:45:27+08:00
  26794      76  1.8 36820 /opt/ros/jazzy/lib/robot_state_publisher/robot_state_publisher --ros-args --params-file /tmp/launch_params_rg8xqae4
  26795      76  8.9 55492 /opt/ros/jazzy/lib/controller_manager/ros2_control_node --ros-args --params-file /home/skr/linglong_1025_2/ros2_ws/install-ubuntu/linglong_control/share/linglong_control/config/controllers.yaml --params-file /tmp/launch_params_g8pjakt2 -r ~/robot_description:=/robot_description
  26797      76  7.3 77332 python3 /home/skr/linglong_1025_2/ros2_ws/install-ubuntu/linglong_control/lib/linglong_control/control_diagnostics --ros-args --params-file /tmp/launch_params_13i2byw_
2026-09-30T16:45:42+08:00
  26794      91  1.8 36756 /opt/ros/jazzy/lib/robot_state_publisher/robot_state_publisher --ros-args --params-file /tmp/launch_params_rg8xqae4
  26795      91  8.8 55508 /opt/ros/jazzy/lib/controller_manager/ros2_control_node --ros-args --params-file /home/skr/linglong_1025_2/ros2_ws/install-ubuntu/linglong_control/share/linglong_control/config/controllers.yaml --params-file /tmp/launch_params_g8pjakt2 -r ~/robot_description:=/robot_description
  26797      91  7.2 77268 python3 /home/skr/linglong_1025_2/ros2_ws/install-ubuntu/linglong_control/lib/linglong_control/control_diagnostics --ros-args --params-file /tmp/launch_params_13i2byw_
2026-09-30T16:45:57+08:00
  26794     106  1.8 36824 /opt/ros/jazzy/lib/robot_state_publisher/robot_state_publisher --ros-args --params-file /tmp/launch_params_rg8xqae4
  26795     106  8.7 55512 /opt/ros/jazzy/lib/controller_manager/ros2_control_node --ros-args --params-file /home/skr/linglong_1025_2/ros2_ws/install-ubuntu/linglong_control/share/linglong_control/config/controllers.yaml --params-file /tmp/launch_params_g8pjakt2 -r ~/robot_description:=/robot_description
  26797     106  7.1 77272 python3 /home/skr/linglong_1025_2/ros2_ws/install-ubuntu/linglong_control/lib/linglong_control/control_diagnostics --ros-args --params-file /tmp/launch_params_13i2byw_
2026-09-30T16:46:11+08:00
  26794     120  1.8 36656 /opt/ros/jazzy/lib/robot_state_publisher/robot_state_publisher --ros-args --params-file /tmp/launch_params_rg8xqae4
  26795     120  8.7 55476 /opt/ros/jazzy/lib/controller_manager/ros2_control_node --ros-args --params-file /home/skr/linglong_1025_2/ros2_ws/install-ubuntu/linglong_control/share/linglong_control/config/controllers.yaml --params-file /tmp/launch_params_g8pjakt2 -r ~/robot_description:=/robot_description
  26797     120  7.1 77336 python3 /home/skr/linglong_1025_2/ros2_ws/install-ubuntu/linglong_control/lib/linglong_control/control_diagnostics --ros-args --params-file /tmp/launch_params_13i2byw_
2026-09-30T16:46:24+08:00
  26794     133  1.8 36760 /opt/ros/jazzy/lib/robot_state_publisher/robot_state_publisher --ros-args --params-file /tmp/launch_params_rg8xqae4
  26795     133  8.7 55516 /opt/ros/jazzy/lib/controller_manager/ros2_control_node --ros-args --params-file /home/skr/linglong_1025_2/ros2_ws/install-ubuntu/linglong_control/share/linglong_control/config/controllers.yaml --params-file /tmp/launch_params_g8pjakt2 -r ~/robot_description:=/robot_description
  26797     133  7.0 77272 python3 /home/skr/linglong_1025_2/ros2_ws/install-ubuntu/linglong_control/lib/linglong_control/control_diagnostics --ros-args --params-file /tmp/launch_params_13i2byw_
2026-09-30T16:46:39+08:00
  26794     148  1.8 36760 /opt/ros/jazzy/lib/robot_state_publisher/robot_state_publisher --ros-args --params-file /tmp/launch_params_rg8xqae4
  26795     148  8.6 55516 /opt/ros/jazzy/lib/controller_manager/ros2_control_node --ros-args --params-file /home/skr/linglong_1025_2/ros2_ws/install-ubuntu/linglong_control/share/linglong_control/config/controllers.yaml --params-file /tmp/launch_params_g8pjakt2 -r ~/robot_description:=/robot_description
  26797     148  7.0 77272 python3 /home/skr/linglong_1025_2/ros2_ws/install-ubuntu/linglong_control/lib/linglong_control/control_diagnostics --ros-args --params-file /tmp/launch_params_13i2byw_
2026-09-30T16:46:51+08:00
  26794     160  1.8 36760 /opt/ros/jazzy/lib/robot_state_publisher/robot_state_publisher --ros-args --params-file /tmp/launch_params_rg8xqae4
  26795     160  8.6 55480 /opt/ros/jazzy/lib/controller_manager/ros2_control_node --ros-args --params-file /home/skr/linglong_1025_2/ros2_ws/install-ubuntu/linglong_control/share/linglong_control/config/controllers.yaml --params-file /tmp/launch_params_g8pjakt2 -r ~/robot_description:=/robot_description
  26797     160  7.0 77272 python3 /home/skr/linglong_1025_2/ros2_ws/install-ubuntu/linglong_control/lib/linglong_control/control_diagnostics --ros-args --params-file /tmp/launch_params_13i2byw_
2026-09-30T16:47:06+08:00
  26794     175  1.7 36760 /opt/ros/jazzy/lib/robot_state_publisher/robot_state_publisher --ros-args --params-file /tmp/launch_params_rg8xqae4
  26795     175  8.6 55516 /opt/ros/jazzy/lib/controller_manager/ros2_control_node --ros-args --params-file /home/skr/linglong_1025_2/ros2_ws/install-ubuntu/linglong_control/share/linglong_control/config/controllers.yaml --params-file /tmp/launch_params_g8pjakt2 -r ~/robot_description:=/robot_description
  26797     175  6.9 77340 python3 /home/skr/linglong_1025_2/ros2_ws/install-ubuntu/linglong_control/lib/linglong_control/control_diagnostics --ros-args --params-file /tmp/launch_params_13i2byw_
2026-09-30T16:47:18+08:00
  26794     187  1.7 36656 /opt/ros/jazzy/lib/robot_state_publisher/robot_state_publisher --ros-args --params-file /tmp/launch_params_rg8xqae4
  26795     187  8.6 55480 /opt/ros/jazzy/lib/controller_manager/ros2_control_node --ros-args --params-file /home/skr/linglong_1025_2/ros2_ws/install-ubuntu/linglong_control/share/linglong_control/config/controllers.yaml --params-file /tmp/launch_params_g8pjakt2 -r ~/robot_description:=/robot_description
  26797     187  6.9 77172 python3 /home/skr/linglong_1025_2/ros2_ws/install-ubuntu/linglong_control/lib/linglong_control/control_diagnostics --ros-args --params-file /tmp/launch_params_13i2byw_
2026-09-30T16:47:33+08:00
  26794     202  1.7 36760 /opt/ros/jazzy/lib/robot_state_publisher/robot_state_publisher --ros-args --params-file /tmp/launch_params_rg8xqae4
  26795     202  8.5 55516 /opt/ros/jazzy/lib/controller_manager/ros2_control_node --ros-args --params-file /home/skr/linglong_1025_2/ros2_ws/install-ubuntu/linglong_control/share/linglong_control/config/controllers.yaml --params-file /tmp/launch_params_g8pjakt2 -r ~/robot_description:=/robot_description
  26797     202  6.9 77340 python3 /home/skr/linglong_1025_2/ros2_ws/install-ubuntu/linglong_control/lib/linglong_control/control_diagnostics --ros-args --params-file /tmp/launch_params_13i2byw_
2026-09-30T16:47:45+08:00
  26794     214  1.7 36760 /opt/ros/jazzy/lib/robot_state_publisher/robot_state_publisher --ros-args --params-file /tmp/launch_params_rg8xqae4
  26795     214  8.5 55480 /opt/ros/jazzy/lib/controller_manager/ros2_control_node --ros-args --params-file /home/skr/linglong_1025_2/ros2_ws/install-ubuntu/linglong_control/share/linglong_control/config/controllers.yaml --params-file /tmp/launch_params_g8pjakt2 -r ~/robot_description:=/robot_description
  26797     214  6.9 77340 python3 /home/skr/linglong_1025_2/ros2_ws/install-ubuntu/linglong_control/lib/linglong_control/control_diagnostics --ros-args --params-file /tmp/launch_params_13i2byw_
2026-09-30T16:47:57+08:00
  26794     226  1.7 36760 /opt/ros/jazzy/lib/robot_state_publisher/robot_state_publisher --ros-args --params-file /tmp/launch_params_rg8xqae4
  26795     226  8.5 55480 /opt/ros/jazzy/lib/controller_manager/ros2_control_node --ros-args --params-file /home/skr/linglong_1025_2/ros2_ws/install-ubuntu/linglong_control/share/linglong_control/config/controllers.yaml --params-file /tmp/launch_params_g8pjakt2 -r ~/robot_description:=/robot_description
  26797     226  6.9 77340 python3 /home/skr/linglong_1025_2/ros2_ws/install-ubuntu/linglong_control/lib/linglong_control/control_diagnostics --ros-args --params-file /tmp/launch_params_13i2byw_
2026-09-30T16:48:11+08:00
  26794     241  1.7 36760 /opt/ros/jazzy/lib/robot_state_publisher/robot_state_publisher --ros-args --params-file /tmp/launch_params_rg8xqae4
  26795     241  8.5 55516 /opt/ros/jazzy/lib/controller_manager/ros2_control_node --ros-args --params-file /home/skr/linglong_1025_2/ros2_ws/install-ubuntu/linglong_control/share/linglong_control/config/controllers.yaml --params-file /tmp/launch_params_g8pjakt2 -r ~/robot_description:=/robot_description
  26797     241  6.9 77276 python3 /home/skr/linglong_1025_2/ros2_ws/install-ubuntu/linglong_control/lib/linglong_control/control_diagnostics --ros-args --params-file /tmp/launch_params_13i2byw_
2026-09-30T16:48:24+08:00
  26794     253  1.8 36824 /opt/ros/jazzy/lib/robot_state_publisher/robot_state_publisher --ros-args --params-file /tmp/launch_params_rg8xqae4
  26795     253  8.5 55480 /opt/ros/jazzy/lib/controller_manager/ros2_control_node --ros-args --params-file /home/skr/linglong_1025_2/ros2_ws/install-ubuntu/linglong_control/share/linglong_control/config/controllers.yaml --params-file /tmp/launch_params_g8pjakt2 -r ~/robot_description:=/robot_description
  26797     253  6.9 77276 python3 /home/skr/linglong_1025_2/ros2_ws/install-ubuntu/linglong_control/lib/linglong_control/control_diagnostics --ros-args --params-file /tmp/launch_params_13i2byw_
2026-09-30T16:48:36+08:00
  26794     265  1.7 36596 /opt/ros/jazzy/lib/robot_state_publisher/robot_state_publisher --ros-args --params-file /tmp/launch_params_rg8xqae4
  26795     265  8.5 55452 /opt/ros/jazzy/lib/controller_manager/ros2_control_node --ros-args --params-file /home/skr/linglong_1025_2/ros2_ws/install-ubuntu/linglong_control/share/linglong_control/config/controllers.yaml --params-file /tmp/launch_params_g8pjakt2 -r ~/robot_description:=/robot_description
  26797     265  6.9 77276 python3 /home/skr/linglong_1025_2/ros2_ws/install-ubuntu/linglong_control/lib/linglong_control/control_diagnostics --ros-args --params-file /tmp/launch_params_13i2byw_
2026-09-30T16:48:49+08:00
  26794     278  1.7 36596 /opt/ros/jazzy/lib/robot_state_publisher/robot_state_publisher --ros-args --params-file /tmp/launch_params_rg8xqae4
  26795     278  8.5 55544 /opt/ros/jazzy/lib/controller_manager/ros2_control_node --ros-args --params-file /home/skr/linglong_1025_2/ros2_ws/install-ubuntu/linglong_control/share/linglong_control/config/controllers.yaml --params-file /tmp/launch_params_g8pjakt2 -r ~/robot_description:=/robot_description
  26797     278  6.9 77276 python3 /home/skr/linglong_1025_2/ros2_ws/install-ubuntu/linglong_control/lib/linglong_control/control_diagnostics --ros-args --params-file /tmp/launch_params_13i2byw_
2026-09-30T16:49:03+08:00
  26794     292  1.7 36828 /opt/ros/jazzy/lib/robot_state_publisher/robot_state_publisher --ros-args --params-file /tmp/launch_params_rg8xqae4
  26795     292  8.5 55544 /opt/ros/jazzy/lib/controller_manager/ros2_control_node --ros-args --params-file /home/skr/linglong_1025_2/ros2_ws/install-ubuntu/linglong_control/share/linglong_control/config/controllers.yaml --params-file /tmp/launch_params_g8pjakt2 -r ~/robot_description:=/robot_description
  26797     292  6.9 77276 python3 /home/skr/linglong_1025_2/ros2_ws/install-ubuntu/linglong_control/lib/linglong_control/control_diagnostics --ros-args --params-file /tmp/launch_params_13i2byw_
2026-09-30T16:49:15+08:00
  26794     304  1.7 36764 /opt/ros/jazzy/lib/robot_state_publisher/robot_state_publisher --ros-args --params-file /tmp/launch_params_rg8xqae4
  26795     304  8.5 55508 /opt/ros/jazzy/lib/controller_manager/ros2_control_node --ros-args --params-file /home/skr/linglong_1025_2/ros2_ws/install-ubuntu/linglong_control/share/linglong_control/config/controllers.yaml --params-file /tmp/launch_params_g8pjakt2 -r ~/robot_description:=/robot_description
  26797     304  6.9 77276 python3 /home/skr/linglong_1025_2/ros2_ws/install-ubuntu/linglong_control/lib/linglong_control/control_diagnostics --ros-args --params-file /tmp/launch_params_13i2byw_
2026-09-30T16:49:30+08:00
  26794     319  1.7 36828 /opt/ros/jazzy/lib/robot_state_publisher/robot_state_publisher --ros-args --params-file /tmp/launch_params_rg8xqae4
  26795     319  8.5 55544 /opt/ros/jazzy/lib/controller_manager/ros2_control_node --ros-args --params-file /home/skr/linglong_1025_2/ros2_ws/install-ubuntu/linglong_control/share/linglong_control/config/controllers.yaml --params-file /tmp/launch_params_g8pjakt2 -r ~/robot_description:=/robot_description
  26797     319  6.9 77340 python3 /home/skr/linglong_1025_2/ros2_ws/install-ubuntu/linglong_control/lib/linglong_control/control_diagnostics --ros-args --params-file /tmp/launch_params_13i2byw_
2026-09-30T16:49:44+08:00
  26794     334  1.7 36764 /opt/ros/jazzy/lib/robot_state_publisher/robot_state_publisher --ros-args --params-file /tmp/launch_params_rg8xqae4
  26795     334  8.5 55544 /opt/ros/jazzy/lib/controller_manager/ros2_control_node --ros-args --params-file /home/skr/linglong_1025_2/ros2_ws/install-ubuntu/linglong_control/share/linglong_control/config/controllers.yaml --params-file /tmp/launch_params_g8pjakt2 -r ~/robot_description:=/robot_description
  26797     334  6.9 77276 python3 /home/skr/linglong_1025_2/ros2_ws/install-ubuntu/linglong_control/lib/linglong_control/control_diagnostics --ros-args --params-file /tmp/launch_params_13i2byw_
2026-09-30T16:49:56+08:00
  26794     346  1.7 36764 /opt/ros/jazzy/lib/robot_state_publisher/robot_state_publisher --ros-args --params-file /tmp/launch_params_rg8xqae4
  26795     346  8.5 55544 /opt/ros/jazzy/lib/controller_manager/ros2_control_node --ros-args --params-file /home/skr/linglong_1025_2/ros2_ws/install-ubuntu/linglong_control/share/linglong_control/config/controllers.yaml --params-file /tmp/launch_params_g8pjakt2 -r ~/robot_description:=/robot_description
  26797     346  6.9 77276 python3 /home/skr/linglong_1025_2/ros2_ws/install-ubuntu/linglong_control/lib/linglong_control/control_diagnostics --ros-args --params-file /tmp/launch_params_13i2byw_
2026-09-30T16:50:09+08:00
  26794     358  1.7 36828 /opt/ros/jazzy/lib/robot_state_publisher/robot_state_publisher --ros-args --params-file /tmp/launch_params_rg8xqae4
  26795     358  8.5 55544 /opt/ros/jazzy/lib/controller_manager/ros2_control_node --ros-args --params-file /home/skr/linglong_1025_2/ros2_ws/install-ubuntu/linglong_control/share/linglong_control/config/controllers.yaml --params-file /tmp/launch_params_g8pjakt2 -r ~/robot_description:=/robot_description
  26797     358  6.8 77276 python3 /home/skr/linglong_1025_2/ros2_ws/install-ubuntu/linglong_control/lib/linglong_control/control_diagnostics --ros-args --params-file /tmp/launch_params_13i2byw_
2026-09-30T16:50:23+08:00
  26794     372  1.7 36764 /opt/ros/jazzy/lib/robot_state_publisher/robot_state_publisher --ros-args --params-file /tmp/launch_params_rg8xqae4
  26795     372  8.5 55508 /opt/ros/jazzy/lib/controller_manager/ros2_control_node --ros-args --params-file /home/skr/linglong_1025_2/ros2_ws/install-ubuntu/linglong_control/share/linglong_control/config/controllers.yaml --params-file /tmp/launch_params_g8pjakt2 -r ~/robot_description:=/robot_description
  26797     372  6.8 77340 python3 /home/skr/linglong_1025_2/ros2_ws/install-ubuntu/linglong_control/lib/linglong_control/control_diagnostics --ros-args --params-file /tmp/launch_params_13i2byw_
2026-09-30T16:50:36+08:00
  26794     385  1.7 36764 /opt/ros/jazzy/lib/robot_state_publisher/robot_state_publisher --ros-args --params-file /tmp/launch_params_rg8xqae4
  26795     385  8.5 55544 /opt/ros/jazzy/lib/controller_manager/ros2_control_node --ros-args --params-file /home/skr/linglong_1025_2/ros2_ws/install-ubuntu/linglong_control/share/linglong_control/config/controllers.yaml --params-file /tmp/launch_params_g8pjakt2 -r ~/robot_description:=/robot_description
  26797     385  6.8 77276 python3 /home/skr/linglong_1025_2/ros2_ws/install-ubuntu/linglong_control/lib/linglong_control/control_diagnostics --ros-args --params-file /tmp/launch_params_13i2byw_
2026-09-30T16:50:51+08:00
  26794     400  1.7 36764 /opt/ros/jazzy/lib/robot_state_publisher/robot_state_publisher --ros-args --params-file /tmp/launch_params_rg8xqae4
  26795     400  8.4 55544 /opt/ros/jazzy/lib/controller_manager/ros2_control_node --ros-args --params-file /home/skr/linglong_1025_2/ros2_ws/install-ubuntu/linglong_control/share/linglong_control/config/controllers.yaml --params-file /tmp/launch_params_g8pjakt2 -r ~/robot_description:=/robot_description
  26797     400  6.8 77276 python3 /home/skr/linglong_1025_2/ros2_ws/install-ubuntu/linglong_control/lib/linglong_control/control_diagnostics --ros-args --params-file /tmp/launch_params_13i2byw_
2026-09-30T16:51:05+08:00
  26794     414  1.7 36660 /opt/ros/jazzy/lib/robot_state_publisher/robot_state_publisher --ros-args --params-file /tmp/launch_params_rg8xqae4
  26795     414  8.4 55508 /opt/ros/jazzy/lib/controller_manager/ros2_control_node --ros-args --params-file /home/skr/linglong_1025_2/ros2_ws/install-ubuntu/linglong_control/share/linglong_control/config/controllers.yaml --params-file /tmp/launch_params_g8pjakt2 -r ~/robot_description:=/robot_description
  26797     414  6.8 77340 python3 /home/skr/linglong_1025_2/ros2_ws/install-ubuntu/linglong_control/lib/linglong_control/control_diagnostics --ros-args --params-file /tmp/launch_params_13i2byw_
2026-09-30T16:51:18+08:00
  26794     427  1.7 36764 /opt/ros/jazzy/lib/robot_state_publisher/robot_state_publisher --ros-args --params-file /tmp/launch_params_rg8xqae4
  26795     427  8.5 55544 /opt/ros/jazzy/lib/controller_manager/ros2_control_node --ros-args --params-file /home/skr/linglong_1025_2/ros2_ws/install-ubuntu/linglong_control/share/linglong_control/config/controllers.yaml --params-file /tmp/launch_params_g8pjakt2 -r ~/robot_description:=/robot_description
  26797     427  6.8 77276 python3 /home/skr/linglong_1025_2/ros2_ws/install-ubuntu/linglong_control/lib/linglong_control/control_diagnostics --ros-args --params-file /tmp/launch_params_13i2byw_
2026-09-30T16:51:33+08:00
  26794     442  1.7 36764 /opt/ros/jazzy/lib/robot_state_publisher/robot_state_publisher --ros-args --params-file /tmp/launch_params_rg8xqae4
  26795     442  8.5 55544 /opt/ros/jazzy/lib/controller_manager/ros2_control_node --ros-args --params-file /home/skr/linglong_1025_2/ros2_ws/install-ubuntu/linglong_control/share/linglong_control/config/controllers.yaml --params-file /tmp/launch_params_g8pjakt2 -r ~/robot_description:=/robot_description
  26797     442  6.9 77276 python3 /home/skr/linglong_1025_2/ros2_ws/install-ubuntu/linglong_control/lib/linglong_control/control_diagnostics --ros-args --params-file /tmp/launch_params_13i2byw_
2026-09-30T16:51:45+08:00
  26794     454  1.7 36596 /opt/ros/jazzy/lib/robot_state_publisher/robot_state_publisher --ros-args --params-file /tmp/launch_params_rg8xqae4
  26795     454  8.6 55480 /opt/ros/jazzy/lib/controller_manager/ros2_control_node --ros-args --params-file /home/skr/linglong_1025_2/ros2_ws/install-ubuntu/linglong_control/share/linglong_control/config/controllers.yaml --params-file /tmp/launch_params_g8pjakt2 -r ~/robot_description:=/robot_description
  26797     454  6.9 77276 python3 /home/skr/linglong_1025_2/ros2_ws/install-ubuntu/linglong_control/lib/linglong_control/control_diagnostics --ros-args --params-file /tmp/launch_params_13i2byw_
2026-09-30T16:52:00+08:00
  26794     469  1.8 36660 /opt/ros/jazzy/lib/robot_state_publisher/robot_state_publisher --ros-args --params-file /tmp/launch_params_rg8xqae4
  26795     469  8.6 55544 /opt/ros/jazzy/lib/controller_manager/ros2_control_node --ros-args --params-file /home/skr/linglong_1025_2/ros2_ws/install-ubuntu/linglong_control/share/linglong_control/config/controllers.yaml --params-file /tmp/launch_params_g8pjakt2 -r ~/robot_description:=/robot_description
  26797     469  6.9 77172 python3 /home/skr/linglong_1025_2/ros2_ws/install-ubuntu/linglong_control/lib/linglong_control/control_diagnostics --ros-args --params-file /tmp/launch_params_13i2byw_
2026-09-30T16:52:15+08:00
  26794     484  1.8 36764 /opt/ros/jazzy/lib/robot_state_publisher/robot_state_publisher --ros-args --params-file /tmp/launch_params_rg8xqae4
  26795     484  8.6 55544 /opt/ros/jazzy/lib/controller_manager/ros2_control_node --ros-args --params-file /home/skr/linglong_1025_2/ros2_ws/install-ubuntu/linglong_control/share/linglong_control/config/controllers.yaml --params-file /tmp/launch_params_g8pjakt2 -r ~/robot_description:=/robot_description
  26797     484  7.0 77340 python3 /home/skr/linglong_1025_2/ros2_ws/install-ubuntu/linglong_control/lib/linglong_control/control_diagnostics --ros-args --params-file /tmp/launch_params_13i2byw_
2026-09-30T16:52:30+08:00
  26794     499  1.8 36764 /opt/ros/jazzy/lib/robot_state_publisher/robot_state_publisher --ros-args --params-file /tmp/launch_params_rg8xqae4
  26795     499  8.7 55544 /opt/ros/jazzy/lib/controller_manager/ros2_control_node --ros-args --params-file /home/skr/linglong_1025_2/ros2_ws/install-ubuntu/linglong_control/share/linglong_control/config/controllers.yaml --params-file /tmp/launch_params_g8pjakt2 -r ~/robot_description:=/robot_description
  26797     499  7.0 77276 python3 /home/skr/linglong_1025_2/ros2_ws/install-ubuntu/linglong_control/lib/linglong_control/control_diagnostics --ros-args --params-file /tmp/launch_params_13i2byw_
2026-09-30T16:52:44+08:00
  26794     513  1.8 36660 /opt/ros/jazzy/lib/robot_state_publisher/robot_state_publisher --ros-args --params-file /tmp/launch_params_rg8xqae4
  26795     513  8.7 55480 /opt/ros/jazzy/lib/controller_manager/ros2_control_node --ros-args --params-file /home/skr/linglong_1025_2/ros2_ws/install-ubuntu/linglong_control/share/linglong_control/config/controllers.yaml --params-file /tmp/launch_params_g8pjakt2 -r ~/robot_description:=/robot_description
  26797     513  7.0 77276 python3 /home/skr/linglong_1025_2/ros2_ws/install-ubuntu/linglong_control/lib/linglong_control/control_diagnostics --ros-args --params-file /tmp/launch_params_13i2byw_
2026-09-30T16:52:57+08:00
  26794     526  1.8 36764 /opt/ros/jazzy/lib/robot_state_publisher/robot_state_publisher --ros-args --params-file /tmp/launch_params_rg8xqae4
  26795     526  8.7 55508 /opt/ros/jazzy/lib/controller_manager/ros2_control_node --ros-args --params-file /home/skr/linglong_1025_2/ros2_ws/install-ubuntu/linglong_control/share/linglong_control/config/controllers.yaml --params-file /tmp/launch_params_g8pjakt2 -r ~/robot_description:=/robot_description
  26797     526  7.0 77276 python3 /home/skr/linglong_1025_2/ros2_ws/install-ubuntu/linglong_control/lib/linglong_control/control_diagnostics --ros-args --params-file /tmp/launch_params_13i2byw_
2026-09-30T16:53:12+08:00
  26794     541  1.8 36768 /opt/ros/jazzy/lib/robot_state_publisher/robot_state_publisher --ros-args --params-file /tmp/launch_params_rg8xqae4
  26795     541  8.8 55544 /opt/ros/jazzy/lib/controller_manager/ros2_control_node --ros-args --params-file /home/skr/linglong_1025_2/ros2_ws/install-ubuntu/linglong_control/share/linglong_control/config/controllers.yaml --params-file /tmp/launch_params_g8pjakt2 -r ~/robot_description:=/robot_description
  26797     541  7.1 77280 python3 /home/skr/linglong_1025_2/ros2_ws/install-ubuntu/linglong_control/lib/linglong_control/control_diagnostics --ros-args --params-file /tmp/launch_params_13i2byw_
2026-09-30T16:53:27+08:00
  26794     556  1.8 36768 /opt/ros/jazzy/lib/robot_state_publisher/robot_state_publisher --ros-args --params-file /tmp/launch_params_rg8xqae4
  26795     556  8.8 55544 /opt/ros/jazzy/lib/controller_manager/ros2_control_node --ros-args --params-file /home/skr/linglong_1025_2/ros2_ws/install-ubuntu/linglong_control/share/linglong_control/config/controllers.yaml --params-file /tmp/launch_params_g8pjakt2 -r ~/robot_description:=/robot_description
  26797     556  7.1 77280 python3 /home/skr/linglong_1025_2/ros2_ws/install-ubuntu/linglong_control/lib/linglong_control/control_diagnostics --ros-args --params-file /tmp/launch_params_13i2byw_
2026-09-30T16:53:39+08:00
  26794     568  1.8 36768 /opt/ros/jazzy/lib/robot_state_publisher/robot_state_publisher --ros-args --params-file /tmp/launch_params_rg8xqae4
  26795     568  8.8 55508 /opt/ros/jazzy/lib/controller_manager/ros2_control_node --ros-args --params-file /home/skr/linglong_1025_2/ros2_ws/install-ubuntu/linglong_control/share/linglong_control/config/controllers.yaml --params-file /tmp/launch_params_g8pjakt2 -r ~/robot_description:=/robot_description
  26797     568  7.1 77280 python3 /home/skr/linglong_1025_2/ros2_ws/install-ubuntu/linglong_control/lib/linglong_control/control_diagnostics --ros-args --params-file /tmp/launch_params_13i2byw_
2026-09-30T16:53:53+08:00
  26794     582  1.8 36664 /opt/ros/jazzy/lib/robot_state_publisher/robot_state_publisher --ros-args --params-file /tmp/launch_params_rg8xqae4
  26795     582  8.8 55508 /opt/ros/jazzy/lib/controller_manager/ros2_control_node --ros-args --params-file /home/skr/linglong_1025_2/ros2_ws/install-ubuntu/linglong_control/share/linglong_control/config/controllers.yaml --params-file /tmp/launch_params_g8pjakt2 -r ~/robot_description:=/robot_description
  26797     582  7.1 77344 python3 /home/skr/linglong_1025_2/ros2_ws/install-ubuntu/linglong_control/lib/linglong_control/control_diagnostics --ros-args --params-file /tmp/launch_params_13i2byw_
2026-09-30T16:54:06+08:00
  26794     595  1.8 36768 /opt/ros/jazzy/lib/robot_state_publisher/robot_state_publisher --ros-args --params-file /tmp/launch_params_rg8xqae4
  26795     595  8.8 55544 /opt/ros/jazzy/lib/controller_manager/ros2_control_node --ros-args --params-file /home/skr/linglong_1025_2/ros2_ws/install-ubuntu/linglong_control/share/linglong_control/config/controllers.yaml --params-file /tmp/launch_params_g8pjakt2 -r ~/robot_description:=/robot_description
  26797     595  7.2 77296 python3 /home/skr/linglong_1025_2/ros2_ws/install-ubuntu/linglong_control/lib/linglong_control/control_diagnostics --ros-args --params-file /tmp/launch_params_13i2byw_
2026-09-30T16:54:21+08:00
  26794     610  1.8 36832 /opt/ros/jazzy/lib/robot_state_publisher/robot_state_publisher --ros-args --params-file /tmp/launch_params_rg8xqae4
  26795     610  8.9 55544 /opt/ros/jazzy/lib/controller_manager/ros2_control_node --ros-args --params-file /home/skr/linglong_1025_2/ros2_ws/install-ubuntu/linglong_control/share/linglong_control/config/controllers.yaml --params-file /tmp/launch_params_g8pjakt2 -r ~/robot_description:=/robot_description
  26797     610  7.2 77296 python3 /home/skr/linglong_1025_2/ros2_ws/install-ubuntu/linglong_control/lib/linglong_control/control_diagnostics --ros-args --params-file /tmp/launch_params_13i2byw_
2026-09-30T16:54:37+08:00
  26794     626  1.8 36832 /opt/ros/jazzy/lib/robot_state_publisher/robot_state_publisher --ros-args --params-file /tmp/launch_params_rg8xqae4
  26795     626  8.9 55544 /opt/ros/jazzy/lib/controller_manager/ros2_control_node --ros-args --params-file /home/skr/linglong_1025_2/ros2_ws/install-ubuntu/linglong_control/share/linglong_control/config/controllers.yaml --params-file /tmp/launch_params_g8pjakt2 -r ~/robot_description:=/robot_description
  26797     626  7.2 77360 python3 /home/skr/linglong_1025_2/ros2_ws/install-ubuntu/linglong_control/lib/linglong_control/control_diagnostics --ros-args --params-file /tmp/launch_params_13i2byw_
2026-09-30T16:54:48+08:00
  26794     638  1.8 36664 /opt/ros/jazzy/lib/robot_state_publisher/robot_state_publisher --ros-args --params-file /tmp/launch_params_rg8xqae4
  26795     638  8.9 55480 /opt/ros/jazzy/lib/controller_manager/ros2_control_node --ros-args --params-file /home/skr/linglong_1025_2/ros2_ws/install-ubuntu/linglong_control/share/linglong_control/config/controllers.yaml --params-file /tmp/launch_params_g8pjakt2 -r ~/robot_description:=/robot_description
  26797     638  7.2 77360 python3 /home/skr/linglong_1025_2/ros2_ws/install-ubuntu/linglong_control/lib/linglong_control/control_diagnostics --ros-args --params-file /tmp/launch_params_13i2byw_
2026-09-30T16:55:01+08:00
  26794     650  1.8 36600 /opt/ros/jazzy/lib/robot_state_publisher/robot_state_publisher --ros-args --params-file /tmp/launch_params_rg8xqae4
  26795     650  8.9 55480 /opt/ros/jazzy/lib/controller_manager/ros2_control_node --ros-args --params-file /home/skr/linglong_1025_2/ros2_ws/install-ubuntu/linglong_control/share/linglong_control/config/controllers.yaml --params-file /tmp/launch_params_g8pjakt2 -r ~/robot_description:=/robot_description
  26797     650  7.2 77296 python3 /home/skr/linglong_1025_2/ros2_ws/install-ubuntu/linglong_control/lib/linglong_control/control_diagnostics --ros-args --params-file /tmp/launch_params_13i2byw_
2026-09-30T16:55:12+08:00
  26794     661  1.8 36600 /opt/ros/jazzy/lib/robot_state_publisher/robot_state_publisher --ros-args --params-file /tmp/launch_params_rg8xqae4
  26795     661  8.9 55480 /opt/ros/jazzy/lib/controller_manager/ros2_control_node --ros-args --params-file /home/skr/linglong_1025_2/ros2_ws/install-ubuntu/linglong_control/share/linglong_control/config/controllers.yaml --params-file /tmp/launch_params_g8pjakt2 -r ~/robot_description:=/robot_description
  26797     661  7.2 77360 python3 /home/skr/linglong_1025_2/ros2_ws/install-ubuntu/linglong_control/lib/linglong_control/control_diagnostics --ros-args --params-file /tmp/launch_params_13i2byw_
2026-09-30T16:55:26+08:00
  26794     675  1.8 36600 /opt/ros/jazzy/lib/robot_state_publisher/robot_state_publisher --ros-args --params-file /tmp/launch_params_rg8xqae4
  26795     675  9.0 55508 /opt/ros/jazzy/lib/controller_manager/ros2_control_node --ros-args --params-file /home/skr/linglong_1025_2/ros2_ws/install-ubuntu/linglong_control/share/linglong_control/config/controllers.yaml --params-file /tmp/launch_params_g8pjakt2 -r ~/robot_description:=/robot_description
  26797     675  7.3 77296 python3 /home/skr/linglong_1025_2/ros2_ws/install-ubuntu/linglong_control/lib/linglong_control/control_diagnostics --ros-args --params-file /tmp/launch_params_13i2byw_
2026-09-30T16:55:42+08:00
  26794     691  1.8 36768 /opt/ros/jazzy/lib/robot_state_publisher/robot_state_publisher --ros-args --params-file /tmp/launch_params_rg8xqae4
  26795     691  9.0 55544 /opt/ros/jazzy/lib/controller_manager/ros2_control_node --ros-args --params-file /home/skr/linglong_1025_2/ros2_ws/install-ubuntu/linglong_control/share/linglong_control/config/controllers.yaml --params-file /tmp/launch_params_g8pjakt2 -r ~/robot_description:=/robot_description
  26797     691  7.3 77360 python3 /home/skr/linglong_1025_2/ros2_ws/install-ubuntu/linglong_control/lib/linglong_control/control_diagnostics --ros-args --params-file /tmp/launch_params_13i2byw_
2026-09-30T16:55:55+08:00
  26794     704  1.8 36600 /opt/ros/jazzy/lib/robot_state_publisher/robot_state_publisher --ros-args --params-file /tmp/launch_params_rg8xqae4
  26795     704  9.0 55480 /opt/ros/jazzy/lib/controller_manager/ros2_control_node --ros-args --params-file /home/skr/linglong_1025_2/ros2_ws/install-ubuntu/linglong_control/share/linglong_control/config/controllers.yaml --params-file /tmp/launch_params_g8pjakt2 -r ~/robot_description:=/robot_description
  26797     704  7.3 77296 python3 /home/skr/linglong_1025_2/ros2_ws/install-ubuntu/linglong_control/lib/linglong_control/control_diagnostics --ros-args --params-file /tmp/launch_params_13i2byw_
2026-09-30T16:56:09+08:00
  26794     718  1.8 36768 /opt/ros/jazzy/lib/robot_state_publisher/robot_state_publisher --ros-args --params-file /tmp/launch_params_rg8xqae4
  26795     718  9.1 55544 /opt/ros/jazzy/lib/controller_manager/ros2_control_node --ros-args --params-file /home/skr/linglong_1025_2/ros2_ws/install-ubuntu/linglong_control/share/linglong_control/config/controllers.yaml --params-file /tmp/launch_params_g8pjakt2 -r ~/robot_description:=/robot_description
  26797     718  7.4 77296 python3 /home/skr/linglong_1025_2/ros2_ws/install-ubuntu/linglong_control/lib/linglong_control/control_diagnostics --ros-args --params-file /tmp/launch_params_13i2byw_
2026-09-30T16:56:24+08:00
  26794     733  1.9 36768 /opt/ros/jazzy/lib/robot_state_publisher/robot_state_publisher --ros-args --params-file /tmp/launch_params_rg8xqae4
  26795     733  9.1 55544 /opt/ros/jazzy/lib/controller_manager/ros2_control_node --ros-args --params-file /home/skr/linglong_1025_2/ros2_ws/install-ubuntu/linglong_control/share/linglong_control/config/controllers.yaml --params-file /tmp/launch_params_g8pjakt2 -r ~/robot_description:=/robot_description
  26797     733  7.4 77192 python3 /home/skr/linglong_1025_2/ros2_ws/install-ubuntu/linglong_control/lib/linglong_control/control_diagnostics --ros-args --params-file /tmp/launch_params_13i2byw_
2026-09-30T16:56:39+08:00
  26794     748  1.9 36768 /opt/ros/jazzy/lib/robot_state_publisher/robot_state_publisher --ros-args --params-file /tmp/launch_params_rg8xqae4
  26795     748  9.1 55548 /opt/ros/jazzy/lib/controller_manager/ros2_control_node --ros-args --params-file /home/skr/linglong_1025_2/ros2_ws/install-ubuntu/linglong_control/share/linglong_control/config/controllers.yaml --params-file /tmp/launch_params_g8pjakt2 -r ~/robot_description:=/robot_description
  26797     748  7.4 77296 python3 /home/skr/linglong_1025_2/ros2_ws/install-ubuntu/linglong_control/lib/linglong_control/control_diagnostics --ros-args --params-file /tmp/launch_params_13i2byw_
2026-09-30T16:56:51+08:00
  26794     760  1.9 36604 /opt/ros/jazzy/lib/robot_state_publisher/robot_state_publisher --ros-args --params-file /tmp/launch_params_rg8xqae4
  26795     760  9.1 55484 /opt/ros/jazzy/lib/controller_manager/ros2_control_node --ros-args --params-file /home/skr/linglong_1025_2/ros2_ws/install-ubuntu/linglong_control/share/linglong_control/config/controllers.yaml --params-file /tmp/launch_params_g8pjakt2 -r ~/robot_description:=/robot_description
  26797     760  7.4 77360 python3 /home/skr/linglong_1025_2/ros2_ws/install-ubuntu/linglong_control/lib/linglong_control/control_diagnostics --ros-args --params-file /tmp/launch_params_13i2byw_
2026-09-30T16:57:05+08:00
  26794     775  1.9 36772 /opt/ros/jazzy/lib/robot_state_publisher/robot_state_publisher --ros-args --params-file /tmp/launch_params_rg8xqae4
  26795     775  9.1 55512 /opt/ros/jazzy/lib/controller_manager/ros2_control_node --ros-args --params-file /home/skr/linglong_1025_2/ros2_ws/install-ubuntu/linglong_control/share/linglong_control/config/controllers.yaml --params-file /tmp/launch_params_g8pjakt2 -r ~/robot_description:=/robot_description
  26797     775  7.4 77296 python3 /home/skr/linglong_1025_2/ros2_ws/install-ubuntu/linglong_control/lib/linglong_control/control_diagnostics --ros-args --params-file /tmp/launch_params_13i2byw_
2026-09-30T16:57:21+08:00
  26794     790  1.9 36668 /opt/ros/jazzy/lib/robot_state_publisher/robot_state_publisher --ros-args --params-file /tmp/launch_params_rg8xqae4
  26795     790  9.1 55548 /opt/ros/jazzy/lib/controller_manager/ros2_control_node --ros-args --params-file /home/skr/linglong_1025_2/ros2_ws/install-ubuntu/linglong_control/share/linglong_control/config/controllers.yaml --params-file /tmp/launch_params_g8pjakt2 -r ~/robot_description:=/robot_description
  26797     790  7.4 77360 python3 /home/skr/linglong_1025_2/ros2_ws/install-ubuntu/linglong_control/lib/linglong_control/control_diagnostics --ros-args --params-file /tmp/launch_params_13i2byw_
2026-09-30T16:57:35+08:00
  26794     804  1.9 36656 /opt/ros/jazzy/lib/robot_state_publisher/robot_state_publisher --ros-args --params-file /tmp/launch_params_rg8xqae4
  26795     804  9.1 55512 /opt/ros/jazzy/lib/controller_manager/ros2_control_node --ros-args --params-file /home/skr/linglong_1025_2/ros2_ws/install-ubuntu/linglong_control/share/linglong_control/config/controllers.yaml --params-file /tmp/launch_params_g8pjakt2 -r ~/robot_description:=/robot_description
  26797     804  7.4 77360 python3 /home/skr/linglong_1025_2/ros2_ws/install-ubuntu/linglong_control/lib/linglong_control/control_diagnostics --ros-args --params-file /tmp/launch_params_13i2byw_
2026-09-30T16:57:47+08:00
  26794     816  1.9 36772 /opt/ros/jazzy/lib/robot_state_publisher/robot_state_publisher --ros-args --params-file /tmp/launch_params_rg8xqae4
  26795     816  9.1 55548 /opt/ros/jazzy/lib/controller_manager/ros2_control_node --ros-args --params-file /home/skr/linglong_1025_2/ros2_ws/install-ubuntu/linglong_control/share/linglong_control/config/controllers.yaml --params-file /tmp/launch_params_g8pjakt2 -r ~/robot_description:=/robot_description
  26797     816  7.4 77360 python3 /home/skr/linglong_1025_2/ros2_ws/install-ubuntu/linglong_control/lib/linglong_control/control_diagnostics --ros-args --params-file /tmp/launch_params_13i2byw_
2026-09-30T16:57:59+08:00
  26794     828  1.9 36772 /opt/ros/jazzy/lib/robot_state_publisher/robot_state_publisher --ros-args --params-file /tmp/launch_params_rg8xqae4
  26795     828  9.1 55512 /opt/ros/jazzy/lib/controller_manager/ros2_control_node --ros-args --params-file /home/skr/linglong_1025_2/ros2_ws/install-ubuntu/linglong_control/share/linglong_control/config/controllers.yaml --params-file /tmp/launch_params_g8pjakt2 -r ~/robot_description:=/robot_description
  26797     828  7.4 77296 python3 /home/skr/linglong_1025_2/ros2_ws/install-ubuntu/linglong_control/lib/linglong_control/control_diagnostics --ros-args --params-file /tmp/launch_params_13i2byw_
2026-09-30T16:58:12+08:00
  26794     841  1.8 36720 /opt/ros/jazzy/lib/robot_state_publisher/robot_state_publisher --ros-args --params-file /tmp/launch_params_rg8xqae4
  26795     841  9.1 55548 /opt/ros/jazzy/lib/controller_manager/ros2_control_node --ros-args --params-file /home/skr/linglong_1025_2/ros2_ws/install-ubuntu/linglong_control/share/linglong_control/config/controllers.yaml --params-file /tmp/launch_params_g8pjakt2 -r ~/robot_description:=/robot_description
  26797     841  7.4 77296 python3 /home/skr/linglong_1025_2/ros2_ws/install-ubuntu/linglong_control/lib/linglong_control/control_diagnostics --ros-args --params-file /tmp/launch_params_13i2byw_
2026-09-30T16:58:28+08:00
  26794     857  1.8 36772 /opt/ros/jazzy/lib/robot_state_publisher/robot_state_publisher --ros-args --params-file /tmp/launch_params_rg8xqae4
  26795     857  9.1 55548 /opt/ros/jazzy/lib/controller_manager/ros2_control_node --ros-args --params-file /home/skr/linglong_1025_2/ros2_ws/install-ubuntu/linglong_control/share/linglong_control/config/controllers.yaml --params-file /tmp/launch_params_g8pjakt2 -r ~/robot_description:=/robot_description
  26797     857  7.4 77360 python3 /home/skr/linglong_1025_2/ros2_ws/install-ubuntu/linglong_control/lib/linglong_control/control_diagnostics --ros-args --params-file /tmp/launch_params_13i2byw_
2026-09-30T16:58:42+08:00
  26794     872  1.8 36772 /opt/ros/jazzy/lib/robot_state_publisher/robot_state_publisher --ros-args --params-file /tmp/launch_params_rg8xqae4
  26795     872  9.1 55548 /opt/ros/jazzy/lib/controller_manager/ros2_control_node --ros-args --params-file /home/skr/linglong_1025_2/ros2_ws/install-ubuntu/linglong_control/share/linglong_control/config/controllers.yaml --params-file /tmp/launch_params_g8pjakt2 -r ~/robot_description:=/robot_description
  26797     872  7.4 77360 python3 /home/skr/linglong_1025_2/ros2_ws/install-ubuntu/linglong_control/lib/linglong_control/control_diagnostics --ros-args --params-file /tmp/launch_params_13i2byw_
2026-09-30T16:58:57+08:00
  26794     886  1.8 36732 /opt/ros/jazzy/lib/robot_state_publisher/robot_state_publisher --ros-args --params-file /tmp/launch_params_rg8xqae4
  26795     886  9.0 55512 /opt/ros/jazzy/lib/controller_manager/ros2_control_node --ros-args --params-file /home/skr/linglong_1025_2/ros2_ws/install-ubuntu/linglong_control/share/linglong_control/config/controllers.yaml --params-file /tmp/launch_params_g8pjakt2 -r ~/robot_description:=/robot_description
  26797     886  7.4 77296 python3 /home/skr/linglong_1025_2/ros2_ws/install-ubuntu/linglong_control/lib/linglong_control/control_diagnostics --ros-args --params-file /tmp/launch_params_13i2byw_
2026-09-30T16:59:13+08:00
  26794     902  1.8 36772 /opt/ros/jazzy/lib/robot_state_publisher/robot_state_publisher --ros-args --params-file /tmp/launch_params_rg8xqae4
  26795     902  9.0 55548 /opt/ros/jazzy/lib/controller_manager/ros2_control_node --ros-args --params-file /home/skr/linglong_1025_2/ros2_ws/install-ubuntu/linglong_control/share/linglong_control/config/controllers.yaml --params-file /tmp/launch_params_g8pjakt2 -r ~/robot_description:=/robot_description
  26797     902  7.3 77296 python3 /home/skr/linglong_1025_2/ros2_ws/install-ubuntu/linglong_control/lib/linglong_control/control_diagnostics --ros-args --params-file /tmp/launch_params_13i2byw_
2026-09-30T16:59:27+08:00
  26794     916  1.8 36668 /opt/ros/jazzy/lib/robot_state_publisher/robot_state_publisher --ros-args --params-file /tmp/launch_params_rg8xqae4
  26795     916  9.0 55548 /opt/ros/jazzy/lib/controller_manager/ros2_control_node --ros-args --params-file /home/skr/linglong_1025_2/ros2_ws/install-ubuntu/linglong_control/share/linglong_control/config/controllers.yaml --params-file /tmp/launch_params_g8pjakt2 -r ~/robot_description:=/robot_description
  26797     916  7.3 77192 python3 /home/skr/linglong_1025_2/ros2_ws/install-ubuntu/linglong_control/lib/linglong_control/control_diagnostics --ros-args --params-file /tmp/launch_params_13i2byw_
2026-09-30T16:59:42+08:00
  26794     932  1.8 36836 /opt/ros/jazzy/lib/robot_state_publisher/robot_state_publisher --ros-args --params-file /tmp/launch_params_rg8xqae4
  26795     932  9.0 55548 /opt/ros/jazzy/lib/controller_manager/ros2_control_node --ros-args --params-file /home/skr/linglong_1025_2/ros2_ws/install-ubuntu/linglong_control/share/linglong_control/config/controllers.yaml --params-file /tmp/launch_params_g8pjakt2 -r ~/robot_description:=/robot_description
  26797     932  7.3 77360 python3 /home/skr/linglong_1025_2/ros2_ws/install-ubuntu/linglong_control/lib/linglong_control/control_diagnostics --ros-args --params-file /tmp/launch_params_13i2byw_
2026-09-30T16:59:54+08:00
  26794     943  1.8 36836 /opt/ros/jazzy/lib/robot_state_publisher/robot_state_publisher --ros-args --params-file /tmp/launch_params_rg8xqae4
  26795     943  9.0 55512 /opt/ros/jazzy/lib/controller_manager/ros2_control_node --ros-args --params-file /home/skr/linglong_1025_2/ros2_ws/install-ubuntu/linglong_control/share/linglong_control/config/controllers.yaml --params-file /tmp/launch_params_g8pjakt2 -r ~/robot_description:=/robot_description
  26797     943  7.3 77296 python3 /home/skr/linglong_1025_2/ros2_ws/install-ubuntu/linglong_control/lib/linglong_control/control_diagnostics --ros-args --params-file /tmp/launch_params_13i2byw_
2026-09-30T17:00:09+08:00
  26794     959  1.8 36836 /opt/ros/jazzy/lib/robot_state_publisher/robot_state_publisher --ros-args --params-file /tmp/launch_params_rg8xqae4
  26795     959  9.0 55548 /opt/ros/jazzy/lib/controller_manager/ros2_control_node --ros-args --params-file /home/skr/linglong_1025_2/ros2_ws/install-ubuntu/linglong_control/share/linglong_control/config/controllers.yaml --params-file /tmp/launch_params_g8pjakt2 -r ~/robot_description:=/robot_description
  26797     959  7.3 77360 python3 /home/skr/linglong_1025_2/ros2_ws/install-ubuntu/linglong_control/lib/linglong_control/control_diagnostics --ros-args --params-file /tmp/launch_params_13i2byw_
2026-09-30T17:00:24+08:00
  26794     974  1.8 36836 /opt/ros/jazzy/lib/robot_state_publisher/robot_state_publisher --ros-args --params-file /tmp/launch_params_rg8xqae4
  26795     974  9.0 55548 /opt/ros/jazzy/lib/controller_manager/ros2_control_node --ros-args --params-file /home/skr/linglong_1025_2/ros2_ws/install-ubuntu/linglong_control/share/linglong_control/config/controllers.yaml --params-file /tmp/launch_params_g8pjakt2 -r ~/robot_description:=/robot_description
  26797     974  7.3 77296 python3 /home/skr/linglong_1025_2/ros2_ws/install-ubuntu/linglong_control/lib/linglong_control/control_diagnostics --ros-args --params-file /tmp/launch_params_13i2byw_
2026-09-30T17:00:39+08:00
  26794     989  1.8 36772 /opt/ros/jazzy/lib/robot_state_publisher/robot_state_publisher --ros-args --params-file /tmp/launch_params_rg8xqae4
  26795     989  9.0 55512 /opt/ros/jazzy/lib/controller_manager/ros2_control_node --ros-args --params-file /home/skr/linglong_1025_2/ros2_ws/install-ubuntu/linglong_control/share/linglong_control/config/controllers.yaml --params-file /tmp/launch_params_g8pjakt2 -r ~/robot_description:=/robot_description
  26797     989  7.3 77296 python3 /home/skr/linglong_1025_2/ros2_ws/install-ubuntu/linglong_control/lib/linglong_control/control_diagnostics --ros-args --params-file /tmp/launch_params_13i2byw_
2026-09-30T17:00:54+08:00
  26794    1003  1.8 36604 /opt/ros/jazzy/lib/robot_state_publisher/robot_state_publisher --ros-args --params-file /tmp/launch_params_rg8xqae4
  26795    1003  9.0 55576 /opt/ros/jazzy/lib/controller_manager/ros2_control_node --ros-args --params-file /home/skr/linglong_1025_2/ros2_ws/install-ubuntu/linglong_control/share/linglong_control/config/controllers.yaml --params-file /tmp/launch_params_g8pjakt2 -r ~/robot_description:=/robot_description
  26797    1003  7.3 77192 python3 /home/skr/linglong_1025_2/ros2_ws/install-ubuntu/linglong_control/lib/linglong_control/control_diagnostics --ros-args --params-file /tmp/launch_params_13i2byw_
2026-09-30T17:01:08+08:00
  26794    1017  1.8 36668 /opt/ros/jazzy/lib/robot_state_publisher/robot_state_publisher --ros-args --params-file /tmp/launch_params_rg8xqae4
  26795    1017  8.9 55512 /opt/ros/jazzy/lib/controller_manager/ros2_control_node --ros-args --params-file /home/skr/linglong_1025_2/ros2_ws/install-ubuntu/linglong_control/share/linglong_control/config/controllers.yaml --params-file /tmp/launch_params_g8pjakt2 -r ~/robot_description:=/robot_description
  26797    1017  7.3 77360 python3 /home/skr/linglong_1025_2/ros2_ws/install-ubuntu/linglong_control/lib/linglong_control/control_diagnostics --ros-args --params-file /tmp/launch_params_13i2byw_
2026-09-30T17:01:20+08:00
  26794    1029  1.8 36836 /opt/ros/jazzy/lib/robot_state_publisher/robot_state_publisher --ros-args --params-file /tmp/launch_params_rg8xqae4
  26795    1029  8.9 55580 /opt/ros/jazzy/lib/controller_manager/ros2_control_node --ros-args --params-file /home/skr/linglong_1025_2/ros2_ws/install-ubuntu/linglong_control/share/linglong_control/config/controllers.yaml --params-file /tmp/launch_params_g8pjakt2 -r ~/robot_description:=/robot_description
  26797    1029  7.3 77360 python3 /home/skr/linglong_1025_2/ros2_ws/install-ubuntu/linglong_control/lib/linglong_control/control_diagnostics --ros-args --params-file /tmp/launch_params_13i2byw_
2026-09-30T17:01:32+08:00
  26794    1041  1.8 36772 /opt/ros/jazzy/lib/robot_state_publisher/robot_state_publisher --ros-args --params-file /tmp/launch_params_rg8xqae4
  26795    1041  8.9 55516 /opt/ros/jazzy/lib/controller_manager/ros2_control_node --ros-args --params-file /home/skr/linglong_1025_2/ros2_ws/install-ubuntu/linglong_control/share/linglong_control/config/controllers.yaml --params-file /tmp/launch_params_g8pjakt2 -r ~/robot_description:=/robot_description
  26797    1041  7.3 77296 python3 /home/skr/linglong_1025_2/ros2_ws/install-ubuntu/linglong_control/lib/linglong_control/control_diagnostics --ros-args --params-file /tmp/launch_params_13i2byw_
2026-09-30T17:01:45+08:00
  26794    1054  1.8 36668 /opt/ros/jazzy/lib/robot_state_publisher/robot_state_publisher --ros-args --params-file /tmp/launch_params_rg8xqae4
  26795    1054  8.9 55516 /opt/ros/jazzy/lib/controller_manager/ros2_control_node --ros-args --params-file /home/skr/linglong_1025_2/ros2_ws/install-ubuntu/linglong_control/share/linglong_control/config/controllers.yaml --params-file /tmp/launch_params_g8pjakt2 -r ~/robot_description:=/robot_description
  26797    1054  7.3 77192 python3 /home/skr/linglong_1025_2/ros2_ws/install-ubuntu/linglong_control/lib/linglong_control/control_diagnostics --ros-args --params-file /tmp/launch_params_13i2byw_
2026-09-30T17:02:00+08:00
  26794    1070  1.8 36772 /opt/ros/jazzy/lib/robot_state_publisher/robot_state_publisher --ros-args --params-file /tmp/launch_params_rg8xqae4
  26795    1070  8.9 55552 /opt/ros/jazzy/lib/controller_manager/ros2_control_node --ros-args --params-file /home/skr/linglong_1025_2/ros2_ws/install-ubuntu/linglong_control/share/linglong_control/config/controllers.yaml --params-file /tmp/launch_params_g8pjakt2 -r ~/robot_description:=/robot_description
  26797    1070  7.2 77360 python3 /home/skr/linglong_1025_2/ros2_ws/install-ubuntu/linglong_control/lib/linglong_control/control_diagnostics --ros-args --params-file /tmp/launch_params_13i2byw_
